gpio-uclass.c:549:12:_gpio_get_value	8	static
gpio-uclass.c:1283:12:gpio_post_bind	0	static
gpio-uclass.c:622:12:_dm_gpio_set_dir_flags	24	static
gpio-uclass.c:783:12:get_function	24	static
gpio-uclass.c:53:12:gpio_to_device	24	static
gpio-uclass.c:482:12:check_reserved	24	static
gpio-uclass.c:1137:12:gpio_renumber	32	static
gpio-uclass.c:1185:12:gpio_pre_remove	16	static
gpio-uclass.c:1174:12:gpio_post_probe	8	static
gpio-uclass.c:113:5:dm_gpio_lookup_name	40	static
gpio-uclass.c:158:5:gpio_lookup_name	40	static
gpio-uclass.c:183:5:gpio_xlate_offs_flags	0	static
gpio-uclass.c:347:5:gpio_hog_lookup_name	0	static
gpio-uclass.c:353:5:dm_gpio_request	24	static
gpio-uclass.c:378:12:dm_gpio_requestf	60	static
gpio-uclass.c:405:5:gpio_request	24	static
gpio-uclass.c:427:5:gpio_requestf	60	static
gpio-uclass.c:442:5:_dm_gpio_free	16	static
gpio-uclass.c:470:5:gpio_free	24	static
gpio-uclass.c:509:5:gpio_direction_input	24	static
gpio-uclass.c:533:5:gpio_direction_output	24	static
gpio-uclass.c:558:5:dm_gpio_get_value	8	static
gpio-uclass.c:569:5:dm_gpio_set_value	16	static
gpio-uclass.c:659:5:dm_gpio_set_dir_flags	16	static
gpio-uclass.c:983:12:gpio_request_tail	40	static
gpio-uclass.c:1026:12:_gpio_request_by_name_nodev	128	static
gpio-uclass.c:674:5:dm_gpio_set_dir	8	static
gpio-uclass.c:685:5:dm_gpio_get_dir_flags	32	static
gpio-uclass.c:731:5:gpio_get_value	24	static
gpio-uclass.c:752:5:gpio_set_value	24	static
gpio-uclass.c:763:13:gpio_get_bank_info	8	static
gpio-uclass.c:812:5:gpio_get_function	0	static
gpio-uclass.c:817:5:gpio_get_raw_function	0	static
gpio-uclass.c:822:5:gpio_get_status	64	static
gpio-uclass.c:882:5:gpio_claim_vector	24	static
gpio-uclass.c:913:5:gpio_get_values_as_int	24	static
gpio-uclass.c:933:5:dm_gpio_get_values_as_int	32	static
gpio-uclass.c:1040:5:gpio_request_by_name_nodev	16	static
gpio-uclass.c:1047:5:gpio_request_by_name	128	static
gpio-uclass.c:1099:5:gpio_get_list_count	24	static
gpio-uclass.c:1114:5:dm_gpio_free	0	static
gpio-uclass.c:1120:5:gpio_free_list	24	static
gpio-uclass.c:1131:5:gpio_free_list_nodev	0	static
gpio-uclass.c:1061:5:gpio_request_list_by_name_nodev	48	static
gpio-uclass.c:1086:5:gpio_request_list_by_name	0	static
gpio-uclass.c:1162:5:gpio_get_number	0	static
gpio-uclass.c:1199:5:gpio_dev_request_index	104	static
gpio-uclass.c:1224:19:devm_gpiod_get_index	32	static
gpio-uclass.c:1262:19:devm_gpiod_get_index_optional	8	static
gpio-uclass.c:1275:6:devm_gpiod_put	0	static
