board_detect.c:70:28:ti_eeprom_string_cleanup	8	static
board_detect.c:86:27:ti_i2c_eeprom_get	32	static
board_detect.c:425:20:ti_i2c_eeprom_am6_get.part.0	560	static
board_detect.c:82:13:gpi2c_init	0	static
board_detect.c:173:20:ti_emmc_boardid_get	112	static
board_detect.c:246:20:ti_i2c_eeprom_am_set	24	static
board_detect.c:270:20:ti_i2c_eeprom_am_get	104	static
board_detect.c:316:20:ti_i2c_eeprom_dra7_get	64	static
board_detect.c:425:20:ti_i2c_eeprom_am6_get	40	static
board_detect.c:524:20:ti_i2c_eeprom_am6_get_base	16	static
board_detect.c:547:21:board_ti_k3_is	8	static
board_detect.c:556:21:board_ti_is	8	static
board_detect.c:565:21:board_ti_rev_is	8	static
board_detect.c:577:23:board_ti_get_rev	0	static
board_detect.c:585:23:board_ti_get_config	0	static
board_detect.c:593:23:board_ti_get_name	0	static
board_detect.c:602:1:board_ti_get_eth_mac_addr	4	static
board_detect.c:621:1:board_ti_am6_get_eth_mac_addr	4	static
board_detect.c:639:20:board_ti_get_emif1_size	0	static
board_detect.c:649:20:board_ti_get_emif2_size	0	static
board_detect.c:659:21:set_board_info_env	8	static
board_detect.c:682:21:set_board_info_env_am6	8	static
board_detect.c:733:6:board_ti_set_ethaddr	56	static
board_detect.c:772:6:board_ti_am6_set_ethaddr	32	static
board_detect.c:785:21:board_ti_was_eeprom_read	0	static
