device.c:728:24:_device_find_global_by_ofnode	16	static
device.c:36:12:device_bind_common.isra.0	40	static
device.c:298:14:alloc_priv	16	static
device.c:226:5:device_bind_with_driver_data	24	static
device.c:235:5:device_bind	32	static
device.c:243:5:device_bind_ofnode	24	static
device.c:251:5:device_bind_by_name	40	static
device.c:276:5:device_reparent	12	static
device.c:342:5:device_ofdata_to_platdata	16	static
device.c:424:5:device_probe	16	static
device.c:594:12:device_get_device_tail.part.0	16	static
device.c:534:7:dev_get_platdata	0	static
device.c:544:7:dev_get_parent_platdata	0	static
device.c:554:7:dev_get_uclass_platdata	0	static
device.c:564:7:dev_get_priv	0	static
device.c:574:7:dev_get_uclass_priv	0	static
device.c:584:7:dev_get_parent_priv	0	static
device.c:638:5:device_get_child	8	static
device.c:651:5:device_get_child_count	0	static
device.c:662:5:device_find_child_by_seq	20	static
device.c:682:5:device_get_child_by_seq	24	static
device.c:700:5:device_find_child_by_of_offset	12	static
device.c:717:5:device_get_child_by_of_offset	16	static
device.c:745:5:device_find_global_by_ofnode	8	static
device.c:752:5:device_get_global_by_ofnode	8	static
device.c:788:5:device_find_first_child	0	static
device.c:800:5:device_find_next_child	0	static
device.c:815:5:device_find_first_inactive_child	16	static
device.c:833:5:device_find_first_child_by_uclass	12	static
device.c:850:5:device_find_child_by_name	24	static
device.c:867:5:device_first_child_err	16	static
device.c:878:5:device_next_child_err	16	static
device.c:889:5:device_first_child_ofdata_err	16	static
device.c:907:5:device_next_child_ofdata_err	16	static
device.c:925:17:dev_get_parent	0	static
device.c:930:7:dev_get_driver_data	0	static
device.c:935:13:dev_get_driver_ops	0	static
device.c:943:16:device_get_uclass_id	0	static
device.c:948:13:dev_get_uclass_name	0	static
device.c:956:6:device_has_children	0	static
device.c:961:6:device_has_active_children	16	static
device.c:975:6:device_is_last_sibling	0	static
device.c:984:6:device_set_name_alloced	0	static
device.c:989:5:device_set_name	8	static
