ofnode.c:46:5:ofnode_read_u32_index	24	static
ofnode.c:33:5:ofnode_read_u32	0	static
ofnode.c:38:5:ofnode_read_u32_default	16	static
ofnode.c:77:5:ofnode_read_u32_index_default	16	static
ofnode.c:86:5:ofnode_read_s32_default	16	static
ofnode.c:94:5:ofnode_read_u64	24	static
ofnode.c:118:5:ofnode_read_u64_default	16	static
ofnode.c:140:13:ofnode_read_prop	24	static
ofnode.c:172:13:ofnode_read_string	16	static
ofnode.c:190:5:ofnode_read_size	16	static
ofnode.c:200:8:ofnode_find_subnode	8	static
ofnode.c:226:5:ofnode_read_u32_array	16	static
ofnode.c:525:12:decode_timing_property	16	static
ofnode.c:242:8:ofnode_first_subnode	8	static
ofnode.c:252:8:ofnode_next_subnode	8	static
ofnode.c:262:8:ofnode_get_parent	8	static
ofnode.c:276:13:ofnode_get_name	0	static
ofnode.c:20:6:ofnode_name_eq	16	static
ofnode.c:289:8:ofnode_get_by_phandle	8	static
ofnode.c:349:5:ofnode_stringlist_search	8	static
ofnode.c:370:5:ofnode_read_string_index	32	static
ofnode.c:387:5:ofnode_read_string_count	0	static
ofnode.c:415:5:ofnode_parse_phandle_with_args	104	static
ofnode.c:447:5:ofnode_count_phandle_with_args	32	static
ofnode.c:459:8:ofnode_path	8	static
ofnode.c:467:13:ofnode_read_chosen_prop	16	static
ofnode.c:476:13:ofnode_read_chosen_string	0	static
ofnode.c:481:8:ofnode_get_chosen_node	8	static
ofnode.c:492:13:ofnode_read_aliases_prop	16	static
ofnode.c:501:8:ofnode_get_aliases_node	8	static
ofnode.c:514:5:ofnode_get_child_count	8	static
ofnode.c:613:13:ofnode_get_property	4	static
ofnode.c:126:6:ofnode_read_bool	8	static
ofnode.c:548:5:ofnode_decode_display_timing	24	static
ofnode.c:622:5:ofnode_get_first_property	8	static
ofnode.c:641:5:ofnode_get_next_property	8	static
ofnode.c:658:13:ofnode_get_property_by_prop	4	static
ofnode.c:670:6:ofnode_is_available	8	static
ofnode.c:679:12:ofnode_get_addr_size	4	static
ofnode.c:705:16:ofnode_read_u8_array_ptr	4	static
ofnode.c:723:5:ofnode_read_pci_addr	32	static
ofnode.c:777:5:ofnode_read_pci_vendev	40	static
ofnode.c:813:5:ofnode_read_addr_cells	8	static
ofnode.c:825:5:ofnode_read_size_cells	8	static
ofnode.c:837:5:ofnode_read_simple_addr_cells	0	static
ofnode.c:845:5:ofnode_read_simple_size_cells	0	static
ofnode.c:302:12:ofnode_get_addr_size_index	40	static
ofnode.c:337:12:ofnode_get_addr_index	16	static
ofnode.c:344:12:ofnode_get_addr	0	static
ofnode.c:853:6:ofnode_pre_reloc	0	static
ofnode.c:879:5:ofnode_read_resource	32	static
ofnode.c:899:5:ofnode_read_resource_byname	16	static
ofnode.c:911:5:ofnode_translate_address	0	static
ofnode.c:919:5:ofnode_translate_dma_address	0	static
ofnode.c:927:5:ofnode_device_is_compatible	8	static
ofnode.c:938:8:ofnode_by_compatible	8	static
ofnode.c:950:8:ofnode_by_prop_value	16	static
ofnode.c:964:5:ofnode_write_prop	0	static
ofnode.c:1011:5:ofnode_write_string	0	static
ofnode.c:1023:5:ofnode_set_enabled	0	static
