Archive member included to satisfy reference by file (symbol)

arch/arm/lib/lib.a(lib1funcs.o)
                              arch/arm/mach-omap2/built-in.o (__aeabi_uidiv)
arch/arm/lib/lib.a(uldivmod.o)
                              drivers/built-in.o (__aeabi_uldivmod)
arch/arm/lib/lib.a(div0.o)    arch/arm/lib/lib.a(lib1funcs.o) (__div0)

Discarded input sections

 .data          0x0000000000000000        0x0 arch/arm/cpu/armv7/start.o
 .bss           0x0000000000000000        0x0 arch/arm/cpu/armv7/start.o
 .text          0x0000000000000000        0x0 board/ti/am335x/built-in.o
 .text.do_board_detect
                0x0000000000000000       0x20 board/ti/am335x/built-in.o
 .text.board_fit_config_name_match
                0x0000000000000000      0x10c board/ti/am335x/built-in.o
 .rodata.do_board_detect.str1.1
                0x0000000000000000       0x1b board/ti/am335x/built-in.o
 .rodata.board_fit_config_name_match.str1.1
                0x0000000000000000       0x79 board/ti/am335x/built-in.o
 .data          0x0000000000000000        0x0 board/ti/am335x/built-in.o
 .bss           0x0000000000000000        0x0 board/ti/am335x/built-in.o
 .text.mmu_page_table_flush
                0x0000000000000000       0x1e arch/arm/cpu/armv7/built-in.o
 .text.v7_arch_cp15_set_l2aux_ctrl
                0x0000000000000000        0x6 arch/arm/cpu/armv7/built-in.o
 .text.wait_on_value
                0x0000000000000000       0x1e arch/arm/cpu/armv7/built-in.o
 .data          0x0000000000000000        0x0 arch/arm/cpu/armv7/built-in.o
 .bss           0x0000000000000000        0x0 arch/arm/cpu/armv7/built-in.o
 .text.armv7_boot_nonsec_default
                0x0000000000000000        0x4 arch/arm/lib/built-in.o
 .text.enable_caches
                0x0000000000000000        0xc arch/arm/lib/built-in.o
 .text.invalidate_dcache_range
                0x0000000000000000        0x2 arch/arm/lib/built-in.o
 .text.flush_dcache_range
                0x0000000000000000        0x2 arch/arm/lib/built-in.o
 .text.flush_dcache_all
                0x0000000000000000        0xa arch/arm/lib/built-in.o
 .text.invalidate_l2_cache
                0x0000000000000000        0xc arch/arm/lib/built-in.o
 .text.arm_init_before_mmu
                0x0000000000000000        0x2 arch/arm/lib/built-in.o
 .text.arm_init_domains
                0x0000000000000000        0x2 arch/arm/lib/built-in.o
 .text.mmu_page_table_flush
                0x0000000000000000        0x2 arch/arm/lib/built-in.o
 .text.mmu_set_region_dcache_behaviour_phys
                0x0000000000000000       0x52 arch/arm/lib/built-in.o
 .text.mmu_set_region_dcache_behaviour
                0x0000000000000000        0xa arch/arm/lib/built-in.o
 .text.dram_bank_mmu_setup
                0x0000000000000000       0x30 arch/arm/lib/built-in.o
 .text.fdt_psci
                0x0000000000000000        0x4 arch/arm/lib/built-in.o
 .rodata.enable_caches.str1.1
                0x0000000000000000       0x1d arch/arm/lib/built-in.o
 .data          0x0000000000000000        0x0 arch/arm/lib/built-in.o
 .__secure_end  0x0000000000000000        0x0 arch/arm/lib/built-in.o
 .__secure_stack_end
                0x0000000000000000        0x0 arch/arm/lib/built-in.o
 .__secure_stack_start
                0x0000000000000000        0x0 arch/arm/lib/built-in.o
 .__secure_start
                0x0000000000000000        0x0 arch/arm/lib/built-in.o
 .bss           0x0000000000000000        0x0 arch/arm/lib/built-in.o
 .text.get_dpll_mpu_params
                0x0000000000000000        0x8 arch/arm/mach-omap2/built-in.o
 .text.get_dpll_core_params
                0x0000000000000000       0x14 arch/arm/mach-omap2/built-in.o
 .text.get_dpll_per_params
                0x0000000000000000       0x14 arch/arm/mach-omap2/built-in.o
 .text.setup_clocks_for_console
                0x0000000000000000       0x7c arch/arm/mach-omap2/built-in.o
 .text.enable_basic_clocks
                0x0000000000000000       0x44 arch/arm/mach-omap2/built-in.o
 .text.set_mpu_spreadspectrum
                0x0000000000000000       0xc4 arch/arm/mach-omap2/built-in.o
 .text.do_setup_dpll
                0x0000000000000000       0xe0 arch/arm/mach-omap2/built-in.o
 .text.do_enable_clocks
                0x0000000000000000       0x64 arch/arm/mach-omap2/built-in.o
 .text.do_disable_clocks
                0x0000000000000000       0x6c arch/arm/mach-omap2/built-in.o
 .text.scale_vcores
                0x0000000000000000        0x2 arch/arm/mach-omap2/built-in.o
 .text.setup_early_clocks
                0x0000000000000000       0x12 arch/arm/mach-omap2/built-in.o
 .text.prcm_init
                0x0000000000000000       0x5c arch/arm/mach-omap2/built-in.o
 .text.rtc_only_prcm_init
                0x0000000000000000       0x1c arch/arm/mach-omap2/built-in.o
 .text.get_sysboot_value
                0x0000000000000000       0x14 arch/arm/mach-omap2/built-in.o
 .text.get_sys_clk_index
[...]
Memory Configuration

Name             Origin             Length             Attributes
*default*        0x0000000000000000 0xffffffffffffffff

Linker script and memory map

Address of section .text set to 0x80800000
                0x0000000000000000                . = 0x0
                0x0000000000000000                . = ALIGN (0x4)

.text           0x0000000080800000      0x908
 *(.__image_copy_start)
 .__image_copy_start
                0x0000000080800000        0x0 arch/arm/lib/built-in.o
                0x0000000080800000                __image_copy_start
 *(.vectors)
 .vectors       0x0000000080800000      0x2e8 arch/arm/lib/built-in.o
                0x0000000080800000                _start
                0x0000000080800020                _undefined_instruction
                0x0000000080800024                _software_interrupt
                0x0000000080800028                _prefetch_abort
                0x000000008080002c                _data_abort
                0x0000000080800030                _not_used
                0x0000000080800034                _irq
                0x0000000080800038                _fiq
                0x0000000080800040                IRQ_STACK_START_IN
 arch/arm/cpu/armv7/start.o(.text*)
 .text          0x00000000808002e8       0xc8 arch/arm/cpu/armv7/start.o
                0x00000000808002e8                reset
                0x00000000808002ec                save_boot_params_ret
                0x0000000080800320                c_runtime_cpu_setup
                0x0000000080800334                cpu_init_cp15
 board/ti/am335x/built-in.o(.text*)
 .text.request_and_set_gpio
                0x00000000808003b0       0x58 board/ti/am335x/built-in.o
 .text.ft_board_setup
                0x0000000080800408      0x164 board/ti/am335x/built-in.o
                0x0000000080800408                ft_board_setup
 .text.board_init
                0x000000008080056c      0x1b0 board/ti/am335x/built-in.o
                0x000000008080056c                board_init
 .text.board_late_init
                0x000000008080071c      0x1ec board/ti/am335x/built-in.o
                0x000000008080071c                board_late_init

.glue_7         0x0000000080800908        0x0
 .glue_7        0x0000000080800908        0x0 linker stubs

.glue_7t        0x0000000080800908        0x0
 .glue_7t       0x0000000080800908        0x0 linker stubs

.vfp11_veneer   0x0000000080800908        0x0
 .vfp11_veneer  0x0000000080800908        0x0 linker stubs

.v4_bx          0x0000000080800908        0x0
 .v4_bx         0x0000000080800908        0x0 linker stubs

.iplt           0x0000000080800908        0x0
 .iplt          0x0000000080800908        0x0 arch/arm/cpu/armv7/start.o

.__efi_runtime_start
                0x0000000080800908        0x0
 *(.__efi_runtime_start)
 .__efi_runtime_start
                0x0000000080800908        0x0 arch/arm/lib/built-in.o

.efi_runtime    0x0000000080800908      0xb94
 *(.text.efi_runtime*)
 .text.efi_runtime
                0x0000000080800908      0x53c lib/built-in.o
                0x0000000080800908                efi_reset_system
                0x000000008080090a                efi_get_time
                0x0000000080800914                efi_set_time
                0x0000000080800934                efi_convert_pointer
                0x00000000808009cc                efi_update_capsule
                0x00000000808009d4                efi_query_capsule_caps
                0x00000000808009dc                efi_update_table_header_crc32
                0x00000000808009f0                efi_memcpy_runtime
                0x0000000080800a04                efi_get_variable_runtime
                0x0000000080800a22                efi_get_next_variable_name_runtime
                0x0000000080800a98                efi_var_mem_find
                0x0000000080800b28                efi_get_next_variable_name_mem
                0x0000000080800ba4                efi_get_variable_mem
                0x0000000080800c14                efi_var_mem_del
                0x0000000080800c68                efi_var_mem_ins
                0x0000000080800d14                efi_var_mem_free
                0x0000000080800d28                efi_query_variable_info_runtime
                0x0000000080800d38                efi_get_variable_int
                0x0000000080800d3c                efi_get_next_variable_name_int
                0x0000000080800d40                u16_strnlen
                0x0000000080800d54                crc32_no_comp
                0x0000000080800e38                crc32
 .text.efi_runtime_detach
                0x0000000080800e44       0x24 lib/built-in.o
                0x0000000080800e44                efi_runtime_detach
 .text.efi_runtime_relocate
                0x0000000080800e68       0xf8 lib/built-in.o
                0x0000000080800e68                efi_runtime_relocate
 *(.rodata.efi_runtime*)
 .rodata.efi_runtime_relocate.str1.1
                0x0000000080800f60       0x4e lib/built-in.o
 *(.data.efi_runtime*)
 *fill*         0x0000000080800fae        0x2 
 .data.efi_runtime
                0x0000000080800fb0      0x4e4 lib/built-in.o
                0x0000000080800fb0                efi_events
                0x0000000080800fb8                systab
                0x0000000080801028                efi_runtime_services
                0x000000008080107c                efi_var_buf
 .data.efi_runtime_mmio
                0x0000000080801494        0x8 lib/built-in.o
                0x0000000080801494                efi_runtime_mmio

.__efi_runtime_stop
                0x000000008080149c        0x0
 *(.__efi_runtime_stop)
 .__efi_runtime_stop
                0x000000008080149c        0x0 arch/arm/lib/built-in.o

.text_rest      0x00000000808014a0    0x51e20
 *(.text*)
 .text          0x00000000808014a0      0x168 arch/arm/cpu/armv7/built-in.o
                0x00000000808014a0                __v7_flush_dcache_all
                0x000000008080153c                v7_flush_dcache_all
                0x000000008080154c                __v7_invalidate_dcache_all
                0x00000000808015e8                v7_invalidate_dcache_all
                0x00000000808015f8                allow_unaligned
 .text.invalidate_icache_all
                0x0000000080801608       0x14 arch/arm/cpu/armv7/built-in.o
                0x0000000080801608                invalidate_icache_all
 .text.v7_outer_cache_enable
                0x000000008080161c        0x2 arch/arm/cpu/armv7/built-in.o
                0x000000008080161c                v7_outer_cache_enable
 .text.v7_outer_cache_disable
                0x000000008080161e        0x2 arch/arm/cpu/armv7/built-in.o
                0x000000008080161e                v7_outer_cache_disable
 .text.v7_outer_cache_flush_all
                0x0000000080801620        0x2 arch/arm/cpu/armv7/built-in.o
                0x0000000080801620                v7_outer_cache_flush_all
 .text.flush_dcache_all
                0x0000000080801622        0xe arch/arm/cpu/armv7/built-in.o
                0x0000000080801622                flush_dcache_all
 .text.v7_outer_cache_inval_all
                0x0000000080801630        0x2 arch/arm/cpu/armv7/built-in.o
                0x0000000080801630                v7_outer_cache_inval_all
 .text.invalidate_dcache_all
                0x0000000080801632        0xe arch/arm/cpu/armv7/built-in.o
                0x0000000080801632                invalidate_dcache_all
 .text.arm_init_before_mmu
                0x0000000080801640       0x22 arch/arm/cpu/armv7/built-in.o
                0x0000000080801640                arm_init_before_mmu
 .text.v7_outer_cache_flush_range
                0x0000000080801662        0x2 arch/arm/cpu/armv7/built-in.o
                0x0000000080801662                v7_outer_cache_flush_range
 .text.flush_dcache_range
                0x0000000080801664       0x38 arch/arm/cpu/armv7/built-in.o
                0x0000000080801664                flush_dcache_range
 .text.v7_outer_cache_inval_range
                0x000000008080169c        0x2 arch/arm/cpu/armv7/built-in.o
                0x000000008080169c                v7_outer_cache_inval_range
 .text.invalidate_dcache_range
                0x000000008080169e       0x42 arch/arm/cpu/armv7/built-in.o
                0x000000008080169e                invalidate_dcache_range
 .text.cpu_cache_initialization
                0x00000000808016e0        0x2 arch/arm/cpu/armv7/built-in.o
                0x00000000808016e0                cpu_cache_initialization
 .text.cleanup_before_linux_select
                0x00000000808016e2       0x3e arch/arm/cpu/armv7/built-in.o
                0x00000000808016e2                cleanup_before_linux_select
 .text.cleanup_before_linux
                0x0000000080801720        0x6 arch/arm/cpu/armv7/built-in.o
                0x0000000080801720                cleanup_before_linux
 .text.v7_arch_cp15_set_acr
                0x0000000080801726        0x6 arch/arm/cpu/armv7/built-in.o
                0x0000000080801726                v7_arch_cp15_set_acr
 .text.sdelay   0x000000008080172c        0x6 arch/arm/cpu/armv7/built-in.o
                0x000000008080172c                sdelay
 *fill*         0x0000000080801732        0xe 
 .text          0x0000000080801740      0x424 arch/arm/lib/built-in.o
                0x0000000080801740                _main
                0x00000000808017e0                memset
                0x0000000080801880                memcpy
 .text.setjmp   0x0000000080801b64       0x10 arch/arm/lib/built-in.o
                0x0000000080801b64                setjmp
 .text.longjmp  0x0000000080801b74       0x1c arch/arm/lib/built-in.o
                0x0000000080801b74                longjmp
 .text.relocate_vectors
                0x0000000080801b90       0x70 arch/arm/lib/built-in.o
                0x0000000080801b90                relocate_vectors
                0x0000000080801b9c                relocate_code
 .text.arch_fixup_fdt
                0x0000000080801c00       0x3a arch/arm/lib/built-in.o
                0x0000000080801c00                arch_fixup_fdt
 *fill*         0x0000000080801c3a        0x2 
 .text.setup_initrd_tag.isra.0
                0x0000000080801c3c       0x2c arch/arm/lib/built-in.o
 .text.arch_lmb_reserve
                0x0000000080801c68       0x5e arch/arm/lib/built-in.o
                0x0000000080801c68                arch_lmb_reserve
 .text.board_quiesce_devices
                0x0000000080801cc6        0x2 arch/arm/lib/built-in.o
                0x0000000080801cc6                board_quiesce_devices
 .text.boot_jump_linux
                0x0000000080801cc8       0x90 arch/arm/lib/built-in.o
 .text.setup_board_tags
                0x0000000080801d58        0x2 arch/arm/lib/built-in.o
                0x0000000080801d58                setup_board_tags
 .text.board_prep_linux
                0x0000000080801d5a        0x2 arch/arm/lib/built-in.o
                0x0000000080801d5a                board_prep_linux
 .text.boot_prep_linux
                0x0000000080801d5c      0x104 arch/arm/lib/built-in.o
 .text.do_bootm_linux
                0x0000000080801e60       0x44 arch/arm/lib/built-in.o
                0x0000000080801e60                do_bootm_linux
 .text.boot_prep_vxworks
                0x0000000080801ea4       0x34 arch/arm/lib/built-in.o
                0x0000000080801ea4                boot_prep_vxworks
 .text.boot_jump_vxworks
                0x0000000080801ed8        0xa arch/arm/lib/built-in.o
                0x0000000080801ed8                boot_jump_vxworks
 *fill*         0x0000000080801ee2        0x2 
 .text.bootz_setup
                0x0000000080801ee4       0x78 arch/arm/lib/built-in.o
                0x0000000080801ee4                bootz_setup
 .text.arch_print_bdinfo
                0x0000000080801f5c       0x54 arch/arm/lib/built-in.o
                0x0000000080801f5c                arch_print_bdinfo
 .text.arch_reserve_stacks
                0x0000000080801fb0       0x16 arch/arm/lib/built-in.o
                0x0000000080801fb0                arch_reserve_stacks
 *fill*         0x0000000080801fc6        0x2 
 .text.interrupt_init
                0x0000000080801fc8       0x14 arch/arm/lib/built-in.o
                0x0000000080801fc8                interrupt_init
 .text.enable_interrupts
                0x0000000080801fdc        0x2 arch/arm/lib/built-in.o
                0x0000000080801fdc                enable_interrupts
 .text.disable_interrupts
                0x0000000080801fde        0x4 arch/arm/lib/built-in.o
                0x0000000080801fde                disable_interrupts
 *fill*         0x0000000080801fe2        0x2 
 .text.bad_mode
                0x0000000080801fe4        0xc arch/arm/lib/built-in.o
                0x0000000080801fe4                bad_mode
 .text.show_regs
                0x0000000080801ff0      0x184 arch/arm/lib/built-in.o
                0x0000000080801ff0                show_regs
 .text.do_undefined_instruction
                0x0000000080802174       0x28 arch/arm/lib/built-in.o
                0x0000000080802174                do_undefined_instruction
 .text.do_software_interrupt
                0x000000008080219c       0x28 arch/arm/lib/built-in.o
                0x000000008080219c                do_software_interrupt
 .text.do_prefetch_abort
                0x00000000808021c4       0x28 arch/arm/lib/built-in.o
                0x00000000808021c4                do_prefetch_abort
 .text.do_data_abort
                0x00000000808021ec       0x28 arch/arm/lib/built-in.o
                0x00000000808021ec                do_data_abort
 .text.do_not_used
                0x0000000080802214       0x28 arch/arm/lib/built-in.o
                0x0000000080802214                do_not_used
 .text.do_fiq   0x000000008080223c       0x28 arch/arm/lib/built-in.o
                0x000000008080223c                do_fiq
 .text.do_irq   0x0000000080802264       0x28 arch/arm/lib/built-in.o
                0x0000000080802264                do_irq
 .text.reset_misc
                0x000000008080228c        0x2 arch/arm/lib/built-in.o
                0x000000008080228c                reset_misc
 *fill*         0x000000008080228e        0x2 
 .text.do_reset
                0x0000000080802290       0x28 arch/arm/lib/built-in.o
                0x0000000080802290                do_reset
 .text.flush_cache
                0x00000000808022b8        0x6 arch/arm/lib/built-in.o
                0x00000000808022b8                flush_cache
 *fill*         0x00000000808022be        0x2 
 .text.check_cache_range
                0x00000000808022c0       0x20 arch/arm/lib/built-in.o
                0x00000000808022c0                check_cache_range
 .text.arm_reserve_mmu
                0x00000000808022e0       0x2e arch/arm/lib/built-in.o
                0x00000000808022e0                arm_reserve_mmu
 .text.arch_reserve_mmu
                0x000000008080230e        0x4 arch/arm/lib/built-in.o
                0x000000008080230e                arch_reserve_mmu
 .text.set_section_dcache
                0x0000000080802312       0x12 arch/arm/lib/built-in.o
                0x0000000080802312                set_section_dcache
 .text.icache_enable
                0x0000000080802324       0x12 arch/arm/lib/built-in.o
                0x0000000080802324                icache_enable
 .text.icache_disable
                0x0000000080802336       0x16 arch/arm/lib/built-in.o
                0x0000000080802336                icache_disable
 .text.icache_status
                0x000000008080234c        0xa arch/arm/lib/built-in.o
                0x000000008080234c                icache_status
 .text.dcache_enable
                0x0000000080802356       0x80 arch/arm/lib/built-in.o
                0x0000000080802356                dcache_enable
 .text.dcache_disable
                0x00000000808023d6       0x20 arch/arm/lib/built-in.o
                0x00000000808023d6                dcache_disable
 .text.dcache_status
                0x00000000808023f6        0xa arch/arm/lib/built-in.o
                0x00000000808023f6                dcache_status
 .text          0x0000000080802400       0x60 arch/arm/mach-omap2/built-in.o
                0x0000000080802400                save_boot_params
                0x000000008080240c                omap_smc1
                0x0000000080802428                omap_smc_sec
 .text.get_cpu_rev
                0x0000000080802460       0x10 arch/arm/mach-omap2/built-in.o
                0x0000000080802460                get_cpu_rev
 .text.get_cpu_type
                0x0000000080802470       0x14 arch/arm/mach-omap2/built-in.o
                0x0000000080802470                get_cpu_type
 .text.print_cpuinfo
                0x0000000080802484       0x90 arch/arm/mach-omap2/built-in.o
                0x0000000080802484                print_cpuinfo
 .text.dram_init
                0x0000000080802514       0x16 arch/arm/mach-omap2/built-in.o
                0x0000000080802514                dram_init
 .text.dram_init_banksize
                0x000000008080252a       0x18 arch/arm/mach-omap2/built-in.o
                0x000000008080252a                dram_init_banksize
 .text.arch_misc_init
                0x0000000080802542       0x1a arch/arm/mach-omap2/built-in.o
                0x0000000080802542                arch_misc_init
 .text.arch_cpu_init_dm
                0x000000008080255c        0xa arch/arm/mach-omap2/built-in.o
                0x000000008080255c                arch_cpu_init_dm
 *fill*         0x0000000080802566        0x2 
 .text.hw_data_init
                0x0000000080802568       0x14 arch/arm/mach-omap2/built-in.o
                0x0000000080802568                hw_data_init
 .text.clk_synthesizer_reg_write
                0x000000008080257c       0x30 arch/arm/mach-omap2/built-in.o
 .text.setup_clock_synthesizer
                0x00000000808025ac       0x90 arch/arm/mach-omap2/built-in.o
                0x00000000808025ac                setup_clock_synthesizer
 .text.reset_cpu
                0x000000008080263c       0x10 arch/arm/mach-omap2/built-in.o
                0x000000008080263c                reset_cpu
 .text.get_device_type
                0x000000008080264c       0x18 arch/arm/mach-omap2/built-in.o
                0x000000008080264c                get_device_type
 .text.enable_caches
                0x0000000080802664       0x14 arch/arm/mach-omap2/built-in.o
                0x0000000080802664                enable_caches
 .text.dram_bank_mmu_setup
                0x0000000080802678       0x28 arch/arm/mach-omap2/built-in.o
                0x0000000080802678                dram_bank_mmu_setup
 .text.arm_init_domains
                0x00000000808026a0       0x16 arch/arm/mach-omap2/built-in.o
                0x00000000808026a0                arm_init_domains
 .text.enable_gpmc_cs_config
                0x00000000808026b6       0x6c arch/arm/mach-omap2/built-in.o
                0x00000000808026b6                enable_gpmc_cs_config
 *fill*         0x0000000080802722        0x2 
 .text.set_gpmc_cs0
                0x0000000080802724       0x4c arch/arm/mach-omap2/built-in.o
                0x0000000080802724                set_gpmc_cs0
 .text.gpmc_init
                0x0000000080802770       0x50 arch/arm/mach-omap2/built-in.o
                0x0000000080802770                gpmc_init
 .text.board_ti_is
                0x00000000808027c0       0x30 board/ti/common/built-in.o
                0x00000000808027c0                board_ti_is
 .text.board_ti_get_rev
                0x00000000808027f0        0x8 board/ti/common/built-in.o
                0x00000000808027f0                board_ti_get_rev
 .text.set_board_info_env
                0x00000000808027f8       0x64 board/ti/common/built-in.o
                0x00000000808027f8                set_board_info_env
 .text.do_go_exec
                0x000000008080285c        0x8 cmd/built-in.o
                0x000000008080285c                do_go_exec
 .text.do_go    0x0000000080802864       0x4c cmd/built-in.o
 .text.do_bootm
                0x00000000808028b0       0xa0 cmd/built-in.o
                0x00000000808028b0                do_bootm
 .text.do_bootd
                0x0000000080802950       0x18 cmd/built-in.o
                0x0000000080802950                do_bootd
 .text.image_info
                0x0000000080802968       0xd8 cmd/built-in.o
 .text.do_iminfo
                0x0000000080802a40       0x3c cmd/built-in.o
 .text.bootm_maybe_autostart
                0x0000000080802a7c       0x4c cmd/built-in.o
                0x0000000080802a7c                bootm_maybe_autostart
 .text.do_help  0x0000000080802ac8       0x2c cmd/built-in.o
 .text.do_panic
                0x0000000080802af4       0x14 cmd/built-in.o
 .text.do_version
                0x0000000080802b08       0x30 cmd/built-in.o
 .text.blk_common_cmd
                0x0000000080802b38      0x200 cmd/built-in.o
                0x0000000080802b38                blk_common_cmd
 .text.image_source_script
                0x0000000080802d38      0x13c cmd/built-in.o
                0x0000000080802d38                image_source_script
 .text.do_source
                0x0000000080802e74       0x50 cmd/built-in.o
 .text.bdinfo_print_num
                0x0000000080802ec4       0x10 cmd/built-in.o
                0x0000000080802ec4                bdinfo_print_num
 .text.do_bdinfo
                0x0000000080802ed4      0x154 cmd/built-in.o
                0x0000000080802ed4                do_bdinfo
 .text.do_blkcache
                0x0000000080803028       0x3c cmd/built-in.o
 .text.blkc_configure
                0x0000000080803064       0x40 cmd/built-in.o
 .text.blkc_show
                0x00000000808030a4       0x28 cmd/built-in.o
 .text.efi_reserve_memory
                0x00000000808030cc       0x34 cmd/built-in.o
 .text.do_bootefi_exec
                0x0000000080803100       0x54 cmd/built-in.o
 .text.efi_install_fdt
                0x0000000080803154      0x264 cmd/built-in.o
                0x0000000080803154                efi_install_fdt
 .text.efi_run_image
                0x00000000808033b8      0x10c cmd/built-in.o
                0x00000000808033b8                efi_run_image
 .text.do_bootefi
                0x00000000808034c4       0xb4 cmd/built-in.o
 .text.efi_set_bootdev
                0x0000000080803578       0x68 cmd/built-in.o
                0x0000000080803578                efi_set_bootdev
 .text.do_bootz
                0x00000000808035e0       0xb0 cmd/built-in.o
                0x00000000808035e0                do_bootz
 .text.do_coninfo
                0x0000000080803690       0x94 cmd/built-in.o
 .text.do_dm_dump_devres
                0x0000000080803724        0x4 cmd/built-in.o
 .text.do_dm    0x0000000080803728       0x44 cmd/built-in.o
 .text.do_dm_dump_static_driver_info
                0x000000008080376c        0xa cmd/built-in.o
 .text.do_dm_dump_driver_compat
                0x0000000080803776        0xa cmd/built-in.o
 .text.do_dm_dump_drivers
                0x0000000080803780        0xa cmd/built-in.o
 .text.do_dm_dump_uclass
                0x000000008080378a        0xa cmd/built-in.o
 .text.do_dm_dump_all
                0x0000000080803794        0xa cmd/built-in.o
 *fill*         0x000000008080379e        0x2 
 .text.do_echo  0x00000000808037a0       0x80 cmd/built-in.o
 .text.parse_numeric_param
                0x0000000080803820       0x1c cmd/built-in.o
 .text.parse_i2c_bus_addr
                0x000000008080383c       0x42 cmd/built-in.o
 *fill*         0x000000008080387e        0x2 
 .text.eeprom_rw
                0x0000000080803880       0xa0 cmd/built-in.o
 .text.eeprom_write_enable
                0x0000000080803920        0x4 cmd/built-in.o
                0x0000000080803920                eeprom_write_enable
 .text.eeprom_read
                0x0000000080803924        0xe cmd/built-in.o
                0x0000000080803924                eeprom_read
 .text.eeprom_write
                0x0000000080803932       0x38 cmd/built-in.o
                0x0000000080803932                eeprom_write
 *fill*         0x000000008080396a        0x2 
 .text.do_eeprom
                0x000000008080396c       0xdc cmd/built-in.o
                0x000000008080396c                do_eeprom
 .text.do_bootelf
                0x0000000080803a48       0xd0 cmd/built-in.o
                0x0000000080803a48                do_bootelf
 .text.do_bootvx
                0x0000000080803b18      0x230 cmd/built-in.o
                0x0000000080803b18                do_bootvx
 .text.do_exit  0x0000000080803d48       0x20 cmd/built-in.o
 .text.do_ext4_size
                0x0000000080803d68        0xe cmd/built-in.o
                0x0000000080803d68                do_ext4_size
 .text.do_ext4_load
                0x0000000080803d76        0xe cmd/built-in.o
                0x0000000080803d76                do_ext4_load
 .text.do_ext4_ls
                0x0000000080803d84        0xe cmd/built-in.o
                0x0000000080803d84                do_ext4_ls
 .text.do_ext4_write
                0x0000000080803d92        0xe cmd/built-in.o
                0x0000000080803d92                do_ext4_write
 .text.do_ext2load
                0x0000000080803da0        0xe cmd/built-in.o
                0x0000000080803da0                do_ext2load
 .text.do_ext2ls
                0x0000000080803dae        0xe cmd/built-in.o
 .text.do_fat_size
                0x0000000080803dbc        0xe cmd/built-in.o
                0x0000000080803dbc                do_fat_size
 .text.do_fat_fsload
                0x0000000080803dca        0xe cmd/built-in.o
                0x0000000080803dca                do_fat_fsload
 .text.do_fat_ls
                0x0000000080803dd8        0xe cmd/built-in.o
 *fill*         0x0000000080803de6        0x2 
 .text.do_fat_fsinfo
                0x0000000080803de8       0x54 cmd/built-in.o
 .text.do_fat_fswrite
                0x0000000080803e3c        0xe cmd/built-in.o
 .text.do_fat_rm
                0x0000000080803e4a        0xe cmd/built-in.o
 .text.do_fat_mkdir
                0x0000000080803e58        0xe cmd/built-in.o
 *fill*         0x0000000080803e66        0x2 
 .text.fdt_valid
                0x0000000080803e68       0x74 cmd/built-in.o
 .text.is_printable_string
                0x0000000080803edc       0x4c cmd/built-in.o
 .text.print_data.part.0
                0x0000000080803f28      0x11c cmd/built-in.o
 .text.set_working_fdt_addr
                0x0000000080804044       0x14 cmd/built-in.o
                0x0000000080804044                set_working_fdt_addr
 .text.do_fdt   0x0000000080804058      0xb04 cmd/built-in.o
 .text.do_size_wrapper
                0x0000000080804b5c        0xe cmd/built-in.o
 .text.do_load_wrapper
                0x0000000080804b6a        0xe cmd/built-in.o
 .text.do_save_wrapper
                0x0000000080804b78        0xe cmd/built-in.o
 .text.do_ls_wrapper
                0x0000000080804b86        0xe cmd/built-in.o
 .text.do_ln_wrapper
                0x0000000080804b94        0xe cmd/built-in.o
 .text.do_fstype_wrapper
                0x0000000080804ba2        0x4 cmd/built-in.o
 .text.do_fstypes_wrapper
                0x0000000080804ba6        0x4 cmd/built-in.o
 *fill*         0x0000000080804baa        0x2 
 .text.gpio_get_description
                0x0000000080804bac       0x84 cmd/built-in.o
 .text.do_gpio  0x0000000080804c30      0x244 cmd/built-in.o
 .text.do_i2c   0x0000000080804e74       0x3c cmd/built-in.o
 .text.i2c_get_cur_bus
                0x0000000080804eb0       0x24 cmd/built-in.o
 .text.do_i2c_bus_speed
                0x0000000080804ed4       0x64 cmd/built-in.o
 .text.do_i2c_reset
                0x0000000080804f38       0x24 cmd/built-in.o
 .text.i2c_get_cur_bus_chip
                0x0000000080804f5c       0x1e cmd/built-in.o
 *fill*         0x0000000080804f7a        0x2 
 .text.do_i2c_probe
                0x0000000080804f7c       0x74 cmd/built-in.o
 .text.do_i2c_bus_num
                0x0000000080804ff0       0x70 cmd/built-in.o
 .text.show_bus
                0x0000000080805060       0x64 cmd/built-in.o
 .text.do_i2c_olen
                0x00000000808050c4       0x74 cmd/built-in.o
 .text.do_i2c_flags
                0x0000000080805138       0x78 cmd/built-in.o
 .text.do_i2c_show_bus
                0x00000000808051b0       0x6c cmd/built-in.o
 .text.get_alen.constprop.0
                0x000000008080521c       0x1e cmd/built-in.o
 *fill*         0x000000008080523a        0x2 
 .text.do_i2c_crc
                0x000000008080523c       0xe0 cmd/built-in.o
 .text.mod_i2c_mem.isra.0.part.0
                0x000000008080531c      0x158 cmd/built-in.o
 .text.do_i2c_nm
                0x0000000080805474       0x12 cmd/built-in.o
 *fill*         0x0000000080805486        0x2 
 .text.do_i2c_md
                0x0000000080805488      0x16c cmd/built-in.o
 .text.do_i2c_read
                0x00000000808055f4       0x90 cmd/built-in.o
 .text.do_i2c_mw
                0x0000000080805684       0xbc cmd/built-in.o
 .text.do_i2c_write
                0x0000000080805740      0x104 cmd/built-in.o
 .text.do_i2c_loop
                0x0000000080805844       0xc0 cmd/built-in.o
 .text.do_i2c_mm
                0x0000000080805904       0x12 cmd/built-in.o
 .text.evalexp  0x0000000080805916       0x4c cmd/built-in.o
 .text.evalstr  0x0000000080805962       0x3c cmd/built-in.o
 *fill*         0x000000008080599e        0x2 
 .text.binary_test
                0x00000000808059a0       0xf4 cmd/built-in.o
 .text.do_itest
                0x0000000080805a94       0x4c cmd/built-in.o
 .text.bin_data_init
                0x0000000080805ae0       0x1c cmd/built-in.o
 .text.k_data_save
                0x0000000080805afc       0x34 cmd/built-in.o
 .text.k_data_restore
                0x0000000080805b30       0x34 cmd/built-in.o
 .text.getcxmodem
                0x0000000080805b64       0x16 cmd/built-in.o
 *fill*         0x0000000080805b7a        0x2 
 .text.load_serial_ymodem
                0x0000000080805b7c       0x90 cmd/built-in.o
 .text.bin_data_char
                0x0000000080805c0c       0x1c cmd/built-in.o
 .text.chk1.constprop.0
                0x0000000080805c28       0x20 cmd/built-in.o
 .text.s1_sendpacket.constprop.0
                0x0000000080805c48       0x34 cmd/built-in.o
 .text.load_serial
                0x0000000080805c7c      0x124 cmd/built-in.o
 .text.do_load_serial
                0x0000000080805da0       0x8c cmd/built-in.o
 .text.do_load_serial_bin
                0x0000000080805e2c      0x528 cmd/built-in.o
 .text.do_mem_md
                0x0000000080806354       0xa0 cmd/built-in.o
 .text.do_mem_base
                0x00000000808063f4       0x28 cmd/built-in.o
 .text.do_mem_crc
                0x000000008080641c       0x2c cmd/built-in.o
 .text.do_random
                0x0000000080806448       0x98 cmd/built-in.o
 .text.do_mem_loop
                0x00000000808064e0       0x9e cmd/built-in.o
 *fill*         0x000000008080657e        0x2 
 .text.mod_mem.isra.0.part.0
                0x0000000080806580       0xfc cmd/built-in.o
 .text.do_mem_mm
                0x000000008080667c       0x12 cmd/built-in.o
 *fill*         0x000000008080668e        0x2 
 .text.do_mem_mw
                0x0000000080806690       0x7c cmd/built-in.o
 .text.do_mem_cp
                0x000000008080670c       0x70 cmd/built-in.o
 .text.do_mem_cmp
                0x000000008080677c      0x104 cmd/built-in.o
 .text.do_mem_nm
                0x0000000080806880       0x12 cmd/built-in.o
 .text.extract_range
                0x0000000080806892       0x7a cmd/built-in.o
 .text.dump_field
                0x000000008080690c       0x3c cmd/built-in.o
 .text.do_mii   0x0000000080806948      0x5b4 cmd/built-in.o
 .text.do_mdio  0x0000000080806efc      0x4b0 cmd/built-in.o
 .text.do_sleep
                0x00000000808073ac       0x84 cmd/built-in.o
 .text.do_mmcops
                0x0000000080807430       0x84 cmd/built-in.o
 .text.do_mmc_list
                0x00000000808074b4        0xc cmd/built-in.o
 .text.print_mmcinfo
                0x00000000808074c0      0x2dc cmd/built-in.o
 .text.do_mmc_setdsr
                0x000000008080779c       0x70 cmd/built-in.o
 .text.__init_mmc_device.isra.0
                0x000000008080780c       0x48 cmd/built-in.o
 .text.do_mmc_dev
                0x0000000080807854       0xfc cmd/built-in.o
 .text.do_mmc_rescan
                0x0000000080807950       0x34 cmd/built-in.o
 .text.do_mmc_boot_wp
                0x0000000080807984       0x40 cmd/built-in.o
 .text.do_mmcinfo
                0x00000000808079c4       0x3c cmd/built-in.o
 .text.do_mmc_part
                0x0000000080807a00       0x38 cmd/built-in.o
 .text.do_mmc_erase
                0x0000000080807a38       0x9c cmd/built-in.o
 .text.do_mmc_write
                0x0000000080807ad4       0xb0 cmd/built-in.o
 .text.do_mmc_read
                0x0000000080807b84       0x9c cmd/built-in.o
 .text.part_delall
                0x0000000080807c20       0x26 cmd/built-in.o
 .text.memsize_parse
                0x0000000080807c46       0x4a cmd/built-in.o
 .text.mtd_part_info
                0x0000000080807c90       0x6c cmd/built-in.o
 .text.env_get_mtdparts
                0x0000000080807cfc       0x30 cmd/built-in.o
 .text.memsize_format
                0x0000000080807d2c       0x60 cmd/built-in.o
 .text.index_partitions
                0x0000000080807d8c       0x6c cmd/built-in.o
 .text.current_save
                0x0000000080807df8       0x84 cmd/built-in.o
 .text.part_sort_add
                0x0000000080807e7c       0xbc cmd/built-in.o
 .text.device_del
                0x0000000080807f38       0x50 cmd/built-in.o
 .text.generate_mtdparts_save.constprop.0
                0x0000000080807f88      0x1b0 cmd/built-in.o
 .text.device_delall.constprop.0
                0x0000000080808138       0x3c cmd/built-in.o
 .text.mtd_devices_init
                0x0000000080808174       0x20 cmd/built-in.o
 .text.get_mtd_info.constprop.0
                0x0000000080808194       0x68 cmd/built-in.o
 .text.part_validate
                0x00000000808081fc      0x264 cmd/built-in.o
 .text.device_find
                0x0000000080808460       0x28 cmd/built-in.o
                0x0000000080808460                device_find
 .text.device_parse
                0x0000000080808488      0x310 cmd/built-in.o
 .text.mtd_id_parse
                0x0000000080808798       0xbc cmd/built-in.o
                0x0000000080808798                mtd_id_parse
 .text.find_dev_and_part
                0x0000000080808854      0x12c cmd/built-in.o
                0x0000000080808854                find_dev_and_part
 .text.mtdparts_init
                0x0000000080808980      0x448 cmd/built-in.o
                0x0000000080808980                mtdparts_init
 .text.do_chpart
                0x0000000080808dc8       0x94 cmd/built-in.o
 .text.do_mtdparts
                0x0000000080808e5c      0x3ec cmd/built-in.o
 .text.mtd_arg_off
                0x0000000080809248       0xa4 cmd/built-in.o
                0x0000000080809248                mtd_arg_off
 .text.mtd_arg_off_size
                0x00000000808092ec       0xc4 cmd/built-in.o
                0x00000000808092ec                mtd_arg_off_size
 .text.set_dev  0x00000000808093b0       0x3c cmd/built-in.o
 .text.nand_load_image
                0x00000000808093ec      0x164 cmd/built-in.o
 .text.do_nandboot
                0x0000000080809550      0x158 cmd/built-in.o
 .text.nand_print_and_set_info.constprop.0
                0x00000000808096a8       0xb4 cmd/built-in.o
 .text.do_nand  0x000000008080975c      0x860 cmd/built-in.o
 .text.netboot_common
                0x0000000080809fbc      0x1ec cmd/built-in.o
 .text.do_bootp
                0x000000008080a1a8        0x8 cmd/built-in.o
 .text.do_dhcp  0x000000008080a1b0        0x8 cmd/built-in.o
 .text.do_nfs   0x000000008080a1b8        0x8 cmd/built-in.o
 .text.do_tftpb
                0x000000008080a1c0       0x26 cmd/built-in.o
                0x000000008080a1c0                do_tftpb
 *fill*         0x000000008080a1e6        0x2 
 .text.do_ping  0x000000008080a1e8       0x48 cmd/built-in.o
 .text.do_part_list
                0x000000008080a230       0xf0 cmd/built-in.o
 .text.do_part_info
                0x000000008080a320       0xb4 cmd/built-in.o
 .text.do_part  0x000000008080a3d4      0x134 cmd/built-in.o
 .text.do_pxe   0x000000008080a508       0x48 cmd/built-in.o
 .text.do_pxe_boot
                0x000000008080a550       0x94 cmd/built-in.o
 .text.do_get_tftp
                0x000000008080a5e4       0x2c cmd/built-in.o
 .text.do_pxe_get
                0x000000008080a610       0xec cmd/built-in.o
 .text.eol_or_eof
                0x000000008080a6fc       0x12 cmd/built-in.o
 *fill*         0x000000008080a70e        0x2 
 .text.label_print
                0x000000008080a710       0x14 cmd/built-in.o
 .text.label_destroy
                0x000000008080a724       0x46 cmd/built-in.o
 *fill*         0x000000008080a76a        0x2 
 .text.get_string
                0x000000008080a76c       0x74 cmd/built-in.o
 .text.get_token
                0x000000008080a7e0       0x98 cmd/built-in.o
 .text.parse_sliteral
                0x000000008080a878       0x34 cmd/built-in.o
 .text.parse_integer
                0x000000008080a8ac       0x44 cmd/built-in.o
 .text.get_relfile
                0x000000008080a8f0       0xd4 cmd/built-in.o
 .text.get_relfile_envaddr
                0x000000008080a9c4       0x34 cmd/built-in.o
 .text.format_mac_pxe
                0x000000008080a9f8       0x68 cmd/built-in.o
                0x000000008080a9f8                format_mac_pxe
 .text.label_boot
                0x000000008080aa60      0x428 cmd/built-in.o
 .text.get_pxe_file
                0x000000008080ae88       0x3c cmd/built-in.o
                0x000000008080ae88                get_pxe_file
 .text.handle_include
                0x000000008080aec4       0x68 cmd/built-in.o
 .text.parse_pxefile_top
                0x000000008080af2c      0x344 cmd/built-in.o
 .text.get_pxelinux_path
                0x000000008080b270       0x58 cmd/built-in.o
                0x000000008080b270                get_pxelinux_path
 .text.destroy_pxe_menu
                0x000000008080b2c8       0x36 cmd/built-in.o
                0x000000008080b2c8                destroy_pxe_menu
 .text.parse_pxefile
                0x000000008080b2fe       0x42 cmd/built-in.o
                0x000000008080b2fe                parse_pxefile
 .text.handle_pxe_menu
                0x000000008080b340       0xf4 cmd/built-in.o
                0x000000008080b340                handle_pxe_menu
 .text.bytes_per_second
                0x000000008080b434       0x34 cmd/built-in.o
 .text.do_spi_flash
                0x000000008080b468      0x59c cmd/built-in.o
 .text.do_spi   0x000000008080ba04      0x1e4 cmd/built-in.o
                0x000000008080ba04                do_spi
 .text.do_sysboot
                0x000000008080bbe8      0x13c cmd/built-in.o
 .text.do_get_any
                0x000000008080bd24       0x2c cmd/built-in.o
 .text.do_get_fat
                0x000000008080bd50       0x28 cmd/built-in.o
 .text.do_get_ext2
                0x000000008080bd78       0x28 cmd/built-in.o
 .text.do_time  0x000000008080bda0       0x9c cmd/built-in.o
 .text.do_false
                0x000000008080be3c        0x4 cmd/built-in.o
 .text.do_true  0x000000008080be40        0x4 cmd/built-in.o
 .text.do_test  0x000000008080be44      0x200 cmd/built-in.o
 .text.usb_get_class_desc
                0x000000008080c044       0x74 cmd/built-in.o
 .text.usb_display_class_sub
                0x000000008080c0b8       0xf8 cmd/built-in.o
 .text.usb_display_desc
                0x000000008080c1b0       0xf8 cmd/built-in.o
 .text.usb_show_tree_graph
                0x000000008080c2a8      0x178 cmd/built-in.o
 .text.usb_show_subtree
                0x000000008080c420       0x1c cmd/built-in.o
 .text.usb_for_each_root_dev
                0x000000008080c43c       0x3c cmd/built-in.o
 .text.usb_display_string
                0x000000008080c478       0x2c cmd/built-in.o
 .text.usb_display_config
                0x000000008080c4a4      0x1ac cmd/built-in.o
 .text.usb_show_info
                0x000000008080c650       0x4a cmd/built-in.o
 .text.usb_find_device
                0x000000008080c69a       0x64 cmd/built-in.o
 *fill*         0x000000008080c6fe        0x2 
 .text.do_usbboot
                0x000000008080c700        0xc cmd/built-in.o
 .text.do_usb_start
                0x000000008080c70c       0x20 cmd/built-in.o
 .text.usb_show_tree
                0x000000008080c72c        0xc cmd/built-in.o
                0x000000008080c72c                usb_show_tree
 .text.do_usb   0x000000008080c738      0x294 cmd/built-in.o
 .text.common_diskboot
                0x000000008080c9cc      0x1bc cmd/built-in.o
                0x000000008080c9cc                common_diskboot
 .text.do_fastboot
                0x000000008080cb88      0x104 cmd/built-in.o
 .text.do_imgextract
                0x000000008080cc8c      0x294 cmd/built-in.o
 .text.do_spl   0x000000008080cf20      0x144 cmd/built-in.o
 .text.do_dfu   0x000000008080d064       0xac cmd/built-in.o
 .text.extract_val
                0x000000008080d110       0x58 cmd/built-in.o
 .text.extract_env
                0x000000008080d168       0xa0 cmd/built-in.o
 .text.set_gpt_info.isra.0.constprop.0
                0x000000008080d208      0x350 cmd/built-in.o
 .text.do_gpt   0x000000008080d558      0x208 cmd/built-in.o
 .text.do_env_delete
                0x000000008080d760       0x6c cmd/built-in.o
 .text.do_env_save
                0x000000008080d7cc        0xe cmd/built-in.o
 *fill*         0x000000008080d7da        0x2 
 .text.do_env   0x000000008080d7dc       0x3c cmd/built-in.o
 .text.env_print
                0x000000008080d818       0x78 cmd/built-in.o
 .text.do_env_print
                0x000000008080d890       0x7c cmd/built-in.o
 .text.do_env_import
                0x000000008080d90c      0x1a4 cmd/built-in.o
 .text.do_env_default
                0x000000008080dab0       0x5c cmd/built-in.o
 .text.do_env_exists
                0x000000008080db0c       0x40 cmd/built-in.o
 .text._do_env_set.isra.0
                0x000000008080db4c      0x120 cmd/built-in.o
 .text.do_env_set
                0x000000008080dc6c       0x14 cmd/built-in.o
 .text.do_env_ask
                0x000000008080dc80       0xfc cmd/built-in.o
                0x000000008080dc80                do_env_ask
 .text.env_get_id
                0x000000008080dd7c        0xc cmd/built-in.o
                0x000000008080dd7c                env_get_id
 .text.env_set  0x000000008080dd88       0x3c cmd/built-in.o
                0x000000008080dd88                env_set
 .text.env_set_ulong
                0x000000008080ddc4       0x16 cmd/built-in.o
                0x000000008080ddc4                env_set_ulong
 *fill*         0x000000008080ddda        0x2 
 .text.env_set_hex
                0x000000008080dddc       0x20 cmd/built-in.o
                0x000000008080dddc                env_set_hex
 .text.do_env_export
                0x000000008080ddfc      0x14c cmd/built-in.o
 .text.env_match
                0x000000008080df48       0x48 cmd/built-in.o
                0x000000008080df48                env_match
 .text.env_get_f
                0x000000008080df90       0x84 cmd/built-in.o
                0x000000008080df90                env_get_f
 .text.env_get  0x000000008080e014       0x54 cmd/built-in.o
                0x000000008080e014                env_get
 .text.env_get_hex
                0x000000008080e068       0x20 cmd/built-in.o
                0x000000008080e068                env_get_hex
 .text.eth_env_get_enetaddr
                0x000000008080e088       0x34 cmd/built-in.o
                0x000000008080e088                eth_env_get_enetaddr
 .text.eth_env_set_enetaddr
                0x000000008080e0bc       0x30 cmd/built-in.o
                0x000000008080e0bc                eth_env_set_enetaddr
 .text.from_env
                0x000000008080e0ec       0x1c cmd/built-in.o
                0x000000008080e0ec                from_env
 .text.env_get_ulong
                0x000000008080e108       0x1c cmd/built-in.o
                0x000000008080e108                env_get_ulong
 .text.do_env_edit.part.0
                0x000000008080e124       0x70 cmd/built-in.o
 .text.do_env_edit
                0x000000008080e194       0x1c cmd/built-in.o
 .text.board_init_f_alloc_reserve
                0x000000008080e1b0        0xc common/built-in.o
                0x000000008080e1b0                board_init_f_alloc_reserve
 .text.board_init_f_init_reserve
                0x000000008080e1bc       0x14 common/built-in.o
                0x000000008080e1bc                board_init_f_init_reserve
 .text.show_boot_progress
                0x000000008080e1d0        0x2 common/built-in.o
                0x000000008080e1d0                show_boot_progress
 *fill*         0x000000008080e1d2        0x2 
 .text.main_loop
                0x000000008080e1d4       0x44 common/built-in.o
                0x000000008080e1d4                main_loop
 .text.mdelay   0x000000008080e218        0xa common/built-in.o
 .text.dummy    0x000000008080e222        0x2 common/built-in.o
 .text.get_version
                0x000000008080e224        0x4 common/built-in.o
                0x000000008080e224                get_version
 .text.jumptable_init
                0x000000008080e228      0x170 common/built-in.o
                0x000000008080e228                jumptable_init
 .text.hash_finish_crc32
                0x000000008080e398       0x1c common/built-in.o
 .text.hash_finish_crc16_ccitt
                0x000000008080e3b4       0x1c common/built-in.o
 .text.hash_update_crc32
                0x000000008080e3d0       0x14 common/built-in.o
 .text.hash_init_crc32
                0x000000008080e3e4       0x14 common/built-in.o
 .text.hash_init_crc16_ccitt
                0x000000008080e3f8       0x14 common/built-in.o
 .text.hash_update_crc16_ccitt
                0x000000008080e40c       0x14 common/built-in.o
 .text.hash_finish_sha256
                0x000000008080e420       0x22 common/built-in.o
 .text.hash_update_sha256
                0x000000008080e442       0x10 common/built-in.o
 .text.hash_init_sha256
                0x000000008080e452       0x16 common/built-in.o
 .text.hash_finish_sha1
                0x000000008080e468       0x22 common/built-in.o
 .text.hash_update_sha1
                0x000000008080e48a       0x10 common/built-in.o
 .text.hash_init_sha1
                0x000000008080e49a       0x16 common/built-in.o
 .text.hash_lookup_algo
                0x000000008080e4b0       0x38 common/built-in.o
                0x000000008080e4b0                hash_lookup_algo
 .text.hash_command
                0x000000008080e4e8      0x130 common/built-in.o
                0x000000008080e4e8                hash_command
 .text.b_reset  0x000000008080e618        0xe common/built-in.o
 .text.static_get
                0x000000008080e626       0x12 common/built-in.o
 .text.static_peek
                0x000000008080e638        0x6 common/built-in.o
 *fill*         0x000000008080e63e        0x2 
 .text.mapset   0x000000008080e640       0x14 common/built-in.o
 .text.free_pipe_list
                0x000000008080e654       0x90 common/built-in.o
 .text.syntax_err
                0x000000008080e6e4        0xc common/built-in.o
 .text.xmalloc  0x000000008080e6f0       0x18 common/built-in.o
 .text.new_pipe
                0x000000008080e708       0x16 common/built-in.o
 *fill*         0x000000008080e71e        0x2 
 .text.xrealloc
                0x000000008080e720       0x18 common/built-in.o
 .text.done_command
                0x000000008080e738       0x42 common/built-in.o
 .text.done_pipe
                0x000000008080e77a       0x2c common/built-in.o
 *fill*         0x000000008080e7a6        0x2 
 .text.done_word
                0x000000008080e7a8      0x1c0 common/built-in.o
 .text.is_assignment
                0x000000008080e968       0x30 common/built-in.o
 .text.file_get
                0x000000008080e998      0x138 common/built-in.o
 .text.do_showvar
                0x000000008080ead0       0xa0 common/built-in.o
 .text.b_addchr
                0x000000008080eb70       0x42 common/built-in.o
 *fill*         0x000000008080ebb2        0x2 
 .text.b_addqchr
                0x000000008080ebb4       0x30 common/built-in.o
 .text.file_peek
                0x000000008080ebe4        0x6 common/built-in.o
 *fill*         0x000000008080ebea        0x2 
 .text.get_local_var
                0x000000008080ebec       0x58 common/built-in.o
                0x000000008080ebec                get_local_var
 .text.set_local_var
                0x000000008080ec44       0xf0 common/built-in.o
                0x000000008080ec44                set_local_var
 .text.insert_var_value_sub
                0x000000008080ed34      0x1bc common/built-in.o
 .text.parse_string_outer
                0x000000008080eef0       0x90 common/built-in.o
                0x000000008080eef0                parse_string_outer
 .text.run_list_real
                0x000000008080ef80      0x4dc common/built-in.o
 .text.parse_stream_outer
                0x000000008080f45c      0x424 common/built-in.o
 .text.parse_file_outer
                0x000000008080f880       0x2c common/built-in.o
                0x000000008080f880                parse_file_outer
 .text.u_boot_hush_start
                0x000000008080f8ac       0x30 common/built-in.o
                0x000000008080f8ac                u_boot_hush_start
 .text.bootdelay_process
                0x000000008080f8dc       0xfc common/built-in.o
                0x000000008080f8dc                bootdelay_process
 .text.autoboot_command
                0x000000008080f9d8       0xa8 common/built-in.o
                0x000000008080f9d8                autoboot_command
 .text.log_init
                0x000000008080fa80        0x8 common/built-in.o
 .text.display_text_info
                0x000000008080fa88        0x4 common/built-in.o
 .text.setup_mon_len
                0x000000008080fa8c       0x18 common/built-in.o
 .text.reserve_round_4k
                0x000000008080faa4       0x14 common/built-in.o
 .text.reserve_uboot
                0x000000008080fab8       0x30 common/built-in.o
 .text.setup_machine
                0x000000008080fae8        0xe common/built-in.o
 .text.checkcpu
                0x000000008080faf6        0x4 common/built-in.o
                0x000000008080faf6                checkcpu
 .text.init_func_watchdog_reset
                0x000000008080fafa        0xa common/built-in.o
                0x000000008080fafa                init_func_watchdog_reset
 .text.setup_reloc
                0x000000008080fb04       0x26 common/built-in.o
 .text.reloc_fdt
                0x000000008080fb2a       0x30 common/built-in.o
 .text.reserve_board
                0x000000008080fb5a       0x2c common/built-in.o
 *fill*         0x000000008080fb86        0x2 
 .text.announce_dram_init
                0x000000008080fb88       0x10 common/built-in.o
 .text.init_baud_rate
                0x000000008080fb98       0x1c common/built-in.o
 .text.initf_dm
                0x000000008080fbb4        0x6 common/built-in.o
 .text.initf_bootstage
                0x000000008080fbba        0xc common/built-in.o
 .text.clear_bss
                0x000000008080fbc6        0x4 common/built-in.o
                0x000000008080fbc6                clear_bss
 .text.setup_spl_handoff
                0x000000008080fbca        0x4 common/built-in.o
 .text.arch_cpu_init
                0x000000008080fbce        0x4 common/built-in.o
                0x000000008080fbce                arch_cpu_init
 .text.mach_cpu_init
                0x000000008080fbd2        0x4 common/built-in.o
                0x000000008080fbd2                mach_cpu_init
 .text.reserve_video
                0x000000008080fbd6        0x4 common/built-in.o
 .text.reserve_trace
                0x000000008080fbda        0x4 common/built-in.o
 .text.reserve_bootstage
                0x000000008080fbde        0x4 common/built-in.o
 .text.reserve_bloblist
                0x000000008080fbe2        0x4 common/built-in.o
 .text.display_new_sp
                0x000000008080fbe6        0x4 common/built-in.o
 .text.reloc_bootstage
                0x000000008080fbea        0x4 common/built-in.o
 .text.reloc_bloblist
                0x000000008080fbee        0x4 common/built-in.o
 .text.initf_console_record
                0x000000008080fbf2        0x4 common/built-in.o
 .text.reserve_arch
                0x000000008080fbf6        0x4 common/built-in.o
                0x000000008080fbf6                reserve_arch
 .text.init_func_watchdog_init
                0x000000008080fbfa        0xa common/built-in.o
 .text.reserve_malloc
                0x000000008080fc04       0x18 common/built-in.o
 .text.reserve_global_data
                0x000000008080fc1c       0x1a common/built-in.o
 .text.reserve_fdt
                0x000000008080fc36       0x3a common/built-in.o
 .text.coloured_LED_init
                0x000000008080fc70        0x2 common/built-in.o
                0x000000008080fc70                coloured_LED_init
 .text.red_led_on
                0x000000008080fc72        0x2 common/built-in.o
                0x000000008080fc72                red_led_on
 .text.board_add_ram_info
                0x000000008080fc74        0x2 common/built-in.o
                0x000000008080fc74                board_add_ram_info
 *fill*         0x000000008080fc76        0x2 
 .text.show_dram_config
                0x000000008080fc78       0x38 common/built-in.o
 .text.board_get_usable_ram_top
                0x000000008080fcb0       0x10 common/built-in.o
                0x000000008080fcb0                board_get_usable_ram_top
 .text.setup_dest_addr
                0x000000008080fcc0       0x30 common/built-in.o
 .text.reserve_stacks
                0x000000008080fcf0       0x12 common/built-in.o
 .text.arch_setup_bdinfo
                0x000000008080fd02        0x4 common/built-in.o
                0x000000008080fd02                arch_setup_bdinfo
 .text.setup_bdinfo
                0x000000008080fd06        0x8 common/built-in.o
                0x000000008080fd06                setup_bdinfo
 *fill*         0x000000008080fd0e        0x2 
 .text.board_init_f
                0x000000008080fd10       0x48 common/built-in.o
                0x000000008080fd10                board_init_f
 .text.initr_trace
                0x000000008080fd58        0x4 common/built-in.o
 .text.initr_reloc
                0x000000008080fd5c       0x14 common/built-in.o
 .text.run_main_loop
                0x000000008080fd70        0x8 common/built-in.o
 .text.initr_net
                0x000000008080fd78       0x14 common/built-in.o
 .text.initr_ethaddr
                0x000000008080fd8c       0x18 common/built-in.o
 .text.initr_jumptable
                0x000000008080fda4        0xa common/built-in.o
 *fill*         0x000000008080fdae        0x2 
 .text.initr_env
                0x000000008080fdb0       0x48 common/built-in.o
 .text.initr_mmc
                0x000000008080fdf8       0x18 common/built-in.o
 .text.initr_nand
                0x000000008080fe10       0x24 common/built-in.o
 .text.initr_dm
                0x000000008080fe34       0x16 common/built-in.o
 .text.initr_bootstage
                0x000000008080fe4a        0xc common/built-in.o
 *fill*         0x000000008080fe56        0x2 
 .text.initr_malloc
                0x000000008080fe58       0x1c common/built-in.o
 .text.initr_reloc_global_data
                0x000000008080fe74       0x38 common/built-in.o
 .text.initr_caches
                0x000000008080feac        0xa common/built-in.o
 .text.initr_barrier
                0x000000008080feb6        0x4 common/built-in.o
 .text.initr_console_record
                0x000000008080feba        0x4 common/built-in.o
 .text.initr_of_live
                0x000000008080febe        0x4 common/built-in.o
 .text.initr_dm_devices
                0x000000008080fec2        0x4 common/built-in.o
 .text.power_init_board
                0x000000008080fec6        0x4 common/built-in.o
                0x000000008080fec6                power_init_board
 .text.initr_announce
                0x000000008080feca        0x4 common/built-in.o
 .text.initr_binman
                0x000000008080fece        0x4 common/built-in.o
 .text.cpu_secondary_init_r
                0x000000008080fed2        0x2 common/built-in.o
                0x000000008080fed2                cpu_secondary_init_r
 .text.initr_secondary_cpu
                0x000000008080fed4        0xa common/built-in.o
 *fill*         0x000000008080fede        0x2 
 .text.board_init_r
                0x000000008080fee0       0x48 common/built-in.o
                0x000000008080fee0                board_init_r
 .text.bootm_find_images
                0x000000008080ff28       0xf8 common/built-in.o
                0x000000008080ff28                bootm_find_images
 .text.bootm_disable_interrupts
                0x0000000080810020       0x10 common/built-in.o
                0x0000000080810020                bootm_disable_interrupts
 .text.do_bootm_states
                0x0000000080810030      0x6c0 common/built-in.o
                0x0000000080810030                do_bootm_states
 .text.switch_to_non_secure_mode
                0x00000000808106f0        0x2 common/built-in.o
                0x00000000808106f0                switch_to_non_secure_mode
 .text.copy_args
                0x00000000808106f2       0x34 common/built-in.o
 *fill*         0x0000000080810726        0x2 
 .text.do_bootm_rtems
                0x0000000080810728       0x30 common/built-in.o
 .text.do_bootm_vxworks
                0x0000000080810758      0x160 common/built-in.o
                0x0000000080810758                do_bootm_vxworks
 .text.do_bootm_efi
                0x00000000808108b8       0x80 common/built-in.o
 .text.do_bootm_plan9
                0x0000000080810938       0x70 common/built-in.o
 .text.do_bootm_standalone
                0x00000000808109a8       0x40 common/built-in.o
 .text.do_bootm_qnxelf
                0x00000000808109e8       0x50 common/built-in.o
 .text.do_bootm_netbsd
                0x0000000080810a38       0xb0 common/built-in.o
 .text.arch_preboot_os
                0x0000000080810ae8        0x2 common/built-in.o
                0x0000000080810ae8                arch_preboot_os
 .text.board_preboot_os
                0x0000000080810aea        0x2 common/built-in.o
                0x0000000080810aea                board_preboot_os
 .text.boot_selected_os
                0x0000000080810aec       0x3e common/built-in.o
                0x0000000080810aec                boot_selected_os
 *fill*         0x0000000080810b2a        0x2 
 .text.bootm_os_get_boot_func
                0x0000000080810b2c        0xc common/built-in.o
                0x0000000080810b2c                bootm_os_get_boot_func
 .text.of_bus_default_map
                0x0000000080810b38       0x7a common/built-in.o
 .text.fdt_pack_reg
                0x0000000080810bb2       0x92 common/built-in.o
 .text.of_bus_default_translate
                0x0000000080810c44       0x66 common/built-in.o
 *fill*         0x0000000080810caa        0x2 
 .text.fdt_support_default_count_cells
                0x0000000080810cac       0x34 common/built-in.o
                0x0000000080810cac                fdt_support_default_count_cells
 .text.__of_translate_address
                0x0000000080810ce0      0x178 common/built-in.o
 .text.fdt_find_and_setprop
                0x0000000080810e58       0x48 common/built-in.o
                0x0000000080810e58                fdt_find_and_setprop
 .text.fdt_find_or_add_subnode
                0x0000000080810ea0       0x40 common/built-in.o
                0x0000000080810ea0                fdt_find_or_add_subnode
 .text.fdt_root
                0x0000000080810ee0       0x60 common/built-in.o
                0x0000000080810ee0                fdt_root
 .text.fdt_initrd
                0x0000000080810f40      0x114 common/built-in.o
                0x0000000080810f40                fdt_initrd
 .text.fdt_chosen
                0x0000000080811054       0x6c common/built-in.o
                0x0000000080811054                fdt_chosen
 .text.do_fixup_by_path
                0x00000000808110c0       0x34 common/built-in.o
                0x00000000808110c0                do_fixup_by_path
 .text.fdt_fixup_memory_banks
                0x00000000808110f4       0xe8 common/built-in.o
                0x00000000808110f4                fdt_fixup_memory_banks
 .text.fdt_fixup_memory
                0x00000000808111dc       0x16 common/built-in.o
                0x00000000808111dc                fdt_fixup_memory
 *fill*         0x00000000808111f2        0x2 
 .text.fdt_fixup_ethernet
                0x00000000808111f4      0x108 common/built-in.o
                0x00000000808111f4                fdt_fixup_ethernet
 .text.fdt_shrink_to_minimum
                0x00000000808112fc       0x8e common/built-in.o
                0x00000000808112fc                fdt_shrink_to_minimum
 *fill*         0x000000008081138a        0x2 
 .text.fdt_translate_address
                0x000000008081138c        0xc common/built-in.o
                0x000000008081138c                fdt_translate_address
 .text.fdt_overlay_apply_verbose
                0x0000000080811398       0x4c common/built-in.o
                0x0000000080811398                fdt_overlay_apply_verbose
 .text.miiphy_get_dev_by_name
                0x00000000808113e4       0x34 common/built-in.o
                0x00000000808113e4                miiphy_get_dev_by_name
 .text.miiphy_init
                0x0000000080811418       0x18 common/built-in.o
                0x0000000080811418                miiphy_init
 .text.mdio_alloc
                0x0000000080811430       0x1c common/built-in.o
                0x0000000080811430                mdio_alloc
 .text.mdio_free
                0x000000008081144c        0x4 common/built-in.o
                0x000000008081144c                mdio_free
 .text.mdio_register
                0x0000000080811450       0x4c common/built-in.o
                0x0000000080811450                mdio_register
 .text.mdio_list_devices
                0x000000008081149c       0x78 common/built-in.o
                0x000000008081149c                mdio_list_devices
 .text.miiphy_set_current_dev
                0x0000000080811514       0x28 common/built-in.o
                0x0000000080811514                miiphy_set_current_dev
 .text.miiphy_get_active_dev
                0x000000008081153c       0x30 common/built-in.o
 .text.mdio_get_current_dev
                0x000000008081156c        0xc common/built-in.o
                0x000000008081156c                mdio_get_current_dev
 .text.mdio_phydev_for_ethname
                0x0000000080811578       0x50 common/built-in.o
                0x0000000080811578                mdio_phydev_for_ethname
 .text.miiphy_get_current_dev
                0x00000000808115c8       0x10 common/built-in.o
                0x00000000808115c8                miiphy_get_current_dev
 .text.miiphy_read
                0x00000000808115d8       0x28 common/built-in.o
                0x00000000808115d8                miiphy_read
 .text.miiphy_write
                0x0000000080811600       0x24 common/built-in.o
                0x0000000080811600                miiphy_write
 .text.miiphy_listdev
                0x0000000080811624       0x54 common/built-in.o
                0x0000000080811624                miiphy_listdev
 .text.miiphy_info
                0x0000000080811678       0x5c common/built-in.o
                0x0000000080811678                miiphy_info
 .text.miiphy_speed
                0x00000000808116d4       0x80 common/built-in.o
                0x00000000808116d4                miiphy_speed
 .text.miiphy_duplex
                0x0000000080811754       0x7c common/built-in.o
                0x0000000080811754                miiphy_duplex
 .text.miiphy_is_1000base_x
                0x00000000808117d0        0x4 common/built-in.o
                0x00000000808117d0                miiphy_is_1000base_x
 .text.usb_set_maxpacket_ep
                0x00000000808117d4       0x56 common/built-in.o
 .text.usb_int_msg
                0x000000008081182a        0xe common/built-in.o
                0x000000008081182a                usb_int_msg
 .text.usb_control_msg
                0x0000000080811838       0x6c common/built-in.o
                0x0000000080811838                usb_control_msg
 .text.usb_get_descriptor
                0x00000000808118a4       0x36 common/built-in.o
 *fill*         0x00000000808118da        0x2 
 .text.get_descriptor_len
                0x00000000808118dc       0x60 common/built-in.o
 .text.usb_setup_descriptor
                0x000000008081193c       0x84 common/built-in.o
 .text.usb_get_string
                0x00000000808119c0       0x50 common/built-in.o
 .text.usb_string_sub
                0x0000000080811a10       0x90 common/built-in.o
 .text.usb_bulk_msg
                0x0000000080811aa0       0x4a common/built-in.o
                0x0000000080811aa0                usb_bulk_msg
 .text.usb_maxpacket
                0x0000000080811aea       0x14 common/built-in.o
                0x0000000080811aea                usb_maxpacket
 .text.usb_clear_halt
                0x0000000080811afe       0x60 common/built-in.o
                0x0000000080811afe                usb_clear_halt
 *fill*         0x0000000080811b5e        0x2 
 .text.usb_get_configuration_len
                0x0000000080811b60       0x50 common/built-in.o
                0x0000000080811b60                usb_get_configuration_len
 .text.usb_get_configuration_no
                0x0000000080811bb0       0x1c common/built-in.o
                0x0000000080811bb0                usb_get_configuration_no
 .text.usb_set_interface
                0x0000000080811bcc       0x74 common/built-in.o
                0x0000000080811bcc                usb_set_interface
 .text.usb_string
                0x0000000080811c40       0x9c common/built-in.o
                0x0000000080811c40                usb_string
 .text.usb_select_config
                0x0000000080811cdc      0x318 common/built-in.o
                0x0000000080811cdc                usb_select_config
 .text.usb_setup_device
                0x0000000080811ff4       0xa4 common/built-in.o
                0x0000000080811ff4                usb_setup_device
 .text.usb_device_has_child_on_port
                0x0000000080812098        0x4 common/built-in.o
                0x0000000080812098                usb_device_has_child_on_port
 .text.usb_find_usb2_hub_address_port
                0x000000008081209c       0x4c common/built-in.o
                0x000000008081209c                usb_find_usb2_hub_address_port
 .text.usb_set_port_feature
                0x00000000808120e8       0x2e common/built-in.o
 .text.usb_clear_port_feature
                0x0000000080812116       0x2e common/built-in.o
 .text.usb_get_hub_descriptor
                0x0000000080812144       0x42 common/built-in.o
 .text.usb_hub_reset_devices
                0x0000000080812186        0x2 common/built-in.o
                0x0000000080812186                usb_hub_reset_devices
 .text.usb_hub_is_root_hub
                0x0000000080812188       0x10 common/built-in.o
                0x0000000080812188                usb_hub_is_root_hub
 .text.usb_get_port_status
                0x0000000080812198       0x70 common/built-in.o
                0x0000000080812198                usb_get_port_status
 .text.usb_hub_port_connect_change
                0x0000000080812208       0xf8 common/built-in.o
                0x0000000080812208                usb_hub_port_connect_change
 .text.usb_hub_configure
                0x0000000080812300      0x3ec common/built-in.o
 .text.usb_hub_scan
                0x00000000808126ec        0xe common/built-in.o
                0x00000000808126ec                usb_hub_scan
 .text.usb_hub_post_probe
                0x00000000808126fa        0x4 common/built-in.o
 .text.usb_stor_irq
                0x00000000808126fe       0x10 common/built-in.o
 *fill*         0x000000008081270e        0x2 
 .text.usb_stor_BBB_reset
                0x0000000080812710       0x94 common/built-in.o
 .text.usb_stor_CB_reset
                0x00000000808127a4       0x88 common/built-in.o
 .text.usb_stor_BBB_clear_endpt_stall.isra.0
                0x000000008081282c       0x2c common/built-in.o
 .text.usb_stor_BBB_transport
                0x0000000080812858      0x1b0 common/built-in.o
 .text.usb_stor_CB_comdat
                0x0000000080812a08      0x158 common/built-in.o
 .text.usb_stor_CBI_get_status.isra.0
                0x0000000080812b60       0x84 common/built-in.o
 .text.usb_stor_CB_transport
                0x0000000080812be4      0x15c common/built-in.o
 .text.usb_request_sense.constprop.0
                0x0000000080812d40       0x4c common/built-in.o
 .text.usb_stor_read
                0x0000000080812d8c       0xfc common/built-in.o
 .text.usb_stor_write
                0x0000000080812e88       0xfc common/built-in.o
 .text.usb_stor_info
                0x0000000080812f84       0x48 common/built-in.o
                0x0000000080812f84                usb_stor_info
 .text.usb_stor_reset
                0x0000000080812fcc        0xc common/built-in.o
                0x0000000080812fcc                usb_stor_reset
 .text.usb_stor_scan
                0x0000000080812fd8       0x30 common/built-in.o
                0x0000000080812fd8                usb_stor_scan
 .text.usb_storage_probe
                0x0000000080813008      0x178 common/built-in.o
                0x0000000080813008                usb_storage_probe
 .text.usb_stor_get_info
                0x0000000080813180      0x224 common/built-in.o
                0x0000000080813180                usb_stor_get_info
 .text.usb_mass_storage_probe
                0x00000000808133a4      0x100 common/built-in.o
 .text.menu_default_set
                0x00000000808134a4       0x4a common/built-in.o
                0x00000000808134a4                menu_default_set
 *fill*         0x00000000808134ee        0x2 
 .text.menu_get_choice
                0x00000000808134f0      0x124 common/built-in.o
                0x00000000808134f0                menu_get_choice
 .text.menu_item_add
                0x0000000080813614       0x84 common/built-in.o
                0x0000000080813614                menu_item_add
 .text.menu_create
                0x0000000080813698       0x58 common/built-in.o
                0x0000000080813698                menu_create
 .text.menu_destroy
                0x00000000808136f0       0x44 common/built-in.o
                0x00000000808136f0                menu_destroy
 .text.update_tftp
                0x0000000080813734      0x224 common/built-in.o
                0x0000000080813734                update_tftp
 .text.delete_char.part.0
                0x0000000080813958       0x84 common/built-in.o
 .text.cread_add_char
                0x00000000808139dc       0x80 common/built-in.o
 .text.cli_readline_into_buffer
                0x0000000080813a5c      0x664 common/built-in.o
                0x0000000080813a5c                cli_readline_into_buffer
 .text.cli_readline
                0x00000000808140c0       0x10 common/built-in.o
                0x00000000808140c0                cli_readline
 .text.cli_simple_process_macros
                0x00000000808140d0      0x130 common/built-in.o
                0x00000000808140d0                cli_simple_process_macros
 .text.checkboard
                0x0000000080814200        0x4 common/built-in.o
                0x0000000080814200                checkboard
 .text.show_board_info
                0x0000000080814204       0x2c common/built-in.o
                0x0000000080814204                show_board_info
 .text.console_setfile
                0x0000000080814230       0x74 common/built-in.o
 .text.console_puts_select.part.0
                0x00000000808142a4       0x10 common/built-in.o
 .text.fgetc.part.0
                0x00000000808142b4       0x2c common/built-in.o
 .text.getchar  0x00000000808142e0       0x1a common/built-in.o
                0x00000000808142e0                getchar
 *fill*         0x00000000808142fa        0x2 
 .text.putc     0x00000000808142fc       0x28 common/built-in.o
                0x00000000808142fc                putc
 .text.puts     0x0000000080814324       0x22 common/built-in.o
                0x0000000080814324                puts
 *fill*         0x0000000080814346        0x2 
 .text.ftstc    0x0000000080814348       0x18 common/built-in.o
                0x0000000080814348                ftstc
 .text.tstc     0x0000000080814360       0x1a common/built-in.o
                0x0000000080814360                tstc
 .text.fputs    0x000000008081437a        0xa common/built-in.o
                0x000000008081437a                fputs
 .text.ctrlc    0x0000000080814384       0x34 common/built-in.o
                0x0000000080814384                ctrlc
 .text.confirm_yesno
                0x00000000808143b8       0x84 common/built-in.o
                0x00000000808143b8                confirm_yesno
 .text.disable_ctrlc
                0x000000008081443c       0x10 common/built-in.o
                0x000000008081443c                disable_ctrlc
 .text.had_ctrlc
                0x000000008081444c        0xc common/built-in.o
                0x000000008081444c                had_ctrlc
 .text.clear_ctrlc
                0x0000000080814458        0xc common/built-in.o
                0x0000000080814458                clear_ctrlc
 .text.search_device
                0x0000000080814464       0x16 common/built-in.o
                0x0000000080814464                search_device
 .text.console_assign
                0x000000008081447a       0x2a common/built-in.o
                0x000000008081447a                console_assign
 .text.on_console
                0x00000000808144a4       0x6c common/built-in.o
 .text.console_init_f
                0x0000000080814510        0xa common/built-in.o
                0x0000000080814510                console_init_f
 *fill*         0x000000008081451a        0x2 
 .text.console_init_r
                0x000000008081451c       0x8c common/built-in.o
                0x000000008081451c                console_init_r
 .text.sbrk     0x00000000808145a8       0x40 common/built-in.o
                0x00000000808145a8                sbrk
 .text.mem_malloc_init
                0x00000000808145e8       0x28 common/built-in.o
                0x00000000808145e8                mem_malloc_init
 .text.malloc_trim
                0x0000000080814610       0x84 common/built-in.o
                0x0000000080814610                malloc_trim
 .text.free     0x0000000080814694      0x168 common/built-in.o
                0x0000000080814694                free
 .text.malloc   0x00000000808147fc      0x428 common/built-in.o
                0x00000000808147fc                malloc
 .text.calloc   0x0000000080814c24       0x9c common/built-in.o
                0x0000000080814c24                calloc
 .text.realloc  0x0000000080814cc0      0x2d0 common/built-in.o
                0x0000000080814cc0                realloc
 .text.memalign
                0x0000000080814f90      0x116 common/built-in.o
                0x0000000080814f90                memalign
 .text.initf_malloc
                0x00000000808150a6       0x14 common/built-in.o
                0x00000000808150a6                initf_malloc
 *fill*         0x00000000808150ba        0x2 
 .text.alloc_simple
                0x00000000808150bc       0x40 common/built-in.o
 .text.malloc_simple
                0x00000000808150fc        0x6 common/built-in.o
                0x00000000808150fc                malloc_simple
 .text.memalign_simple
                0x0000000080815102        0xa common/built-in.o
                0x0000000080815102                memalign_simple
 .text.on_loadaddr
                0x000000008081510c       0x1c common/built-in.o
 .text.image_check_hcrc
                0x0000000080815128       0x2a common/built-in.o
                0x0000000080815128                image_check_hcrc
 .text.image_check_dcrc
                0x0000000080815152       0x22 common/built-in.o
                0x0000000080815152                image_check_dcrc
 .text.image_multi_count
                0x0000000080815174       0x12 common/built-in.o
                0x0000000080815174                image_multi_count
 .text.image_multi_getimg
                0x0000000080815186       0x4a common/built-in.o
                0x0000000080815186                image_multi_getimg
 .text.env_get_bootm_low
                0x00000000808151d0       0x20 common/built-in.o
                0x00000000808151d0                env_get_bootm_low
 .text.env_get_bootm_size
                0x00000000808151f0       0x50 common/built-in.o
                0x00000000808151f0                env_get_bootm_size
 .text.env_get_bootm_mapsize
                0x0000000080815240       0x20 common/built-in.o
                0x0000000080815240                env_get_bootm_mapsize
 .text.memmove_wd
                0x0000000080815260       0x46 common/built-in.o
                0x0000000080815260                memmove_wd
 *fill*         0x00000000808152a6        0x2 
 .text.genimg_print_size
                0x00000000808152a8       0x24 common/built-in.o
                0x00000000808152a8                genimg_print_size
 .text.genimg_print_time
                0x00000000808152cc       0x30 common/built-in.o
                0x00000000808152cc                genimg_print_time
 .text.get_table_entry
                0x00000000808152fc       0x12 common/built-in.o
                0x00000000808152fc                get_table_entry
 .text.get_table_entry_name
                0x000000008081530e       0x12 common/built-in.o
                0x000000008081530e                get_table_entry_name
 .text.genimg_get_os_name
                0x0000000080815320       0x14 common/built-in.o
                0x0000000080815320                genimg_get_os_name
 .text.genimg_get_arch_name
                0x0000000080815334       0x14 common/built-in.o
                0x0000000080815334                genimg_get_arch_name
 .text.genimg_get_type_name
                0x0000000080815348       0x14 common/built-in.o
                0x0000000080815348                genimg_get_type_name
 .text.image_decomp
                0x000000008081535c       0xc0 common/built-in.o
                0x000000008081535c                image_decomp
 .text.genimg_get_comp_name
                0x000000008081541c       0x14 common/built-in.o
                0x000000008081541c                genimg_get_comp_name
 .text.image_print_contents
                0x0000000080815430      0x128 common/built-in.o
                0x0000000080815430                image_print_contents
 .text.get_table_entry_id
                0x0000000080815558       0x26 common/built-in.o
                0x0000000080815558                get_table_entry_id
 *fill*         0x000000008081557e        0x2 
 .text.genimg_get_os_id
                0x0000000080815580       0x14 common/built-in.o
                0x0000000080815580                genimg_get_os_id
 .text.genimg_get_arch_id
                0x0000000080815594       0x14 common/built-in.o
                0x0000000080815594                genimg_get_arch_id
 .text.genimg_get_type_id
                0x00000000808155a8       0x14 common/built-in.o
                0x00000000808155a8                genimg_get_type_id
 .text.genimg_get_comp_id
                0x00000000808155bc       0x14 common/built-in.o
                0x00000000808155bc                genimg_get_comp_id
 .text.genimg_get_kernel_addr_fit
                0x00000000808155d0       0x3c common/built-in.o
                0x00000000808155d0                genimg_get_kernel_addr_fit
 .text.genimg_get_kernel_addr
                0x000000008081560c       0x16 common/built-in.o
                0x000000008081560c                genimg_get_kernel_addr
 *fill*         0x0000000080815622        0x2 
 .text.genimg_get_format
                0x0000000080815624       0x30 common/built-in.o
                0x0000000080815624                genimg_get_format
 .text.genimg_has_config
                0x0000000080815654        0xa common/built-in.o
                0x0000000080815654                genimg_has_config
 *fill*         0x000000008081565e        0x2 
 .text.boot_get_ramdisk
                0x0000000080815660      0x284 common/built-in.o
                0x0000000080815660                boot_get_ramdisk
 .text.boot_ramdisk_high
                0x00000000808158e4       0xbc common/built-in.o
                0x00000000808158e4                boot_ramdisk_high
 .text.boot_get_setup
                0x00000000808159a0        0x4 common/built-in.o
                0x00000000808159a0                boot_get_setup
 .text.boot_get_loadable
                0x00000000808159a4       0xe4 common/built-in.o
                0x00000000808159a4                boot_get_loadable
 .text.image_setup_linux
                0x0000000080815a88       0x3a common/built-in.o
                0x0000000080815a88                image_setup_linux
 *fill*         0x0000000080815ac2        0x2 
 .text.android_image_get_kernel_addr
                0x0000000080815ac4       0x68 common/built-in.o
 .text.android_image_get_kernel
                0x0000000080815b2c      0x170 common/built-in.o
                0x0000000080815b2c                android_image_get_kernel
 .text.android_image_check_header
                0x0000000080815c9c       0x10 common/built-in.o
                0x0000000080815c9c                android_image_check_header
 .text.android_image_get_dtb_img_addr
                0x0000000080815cac      0x108 common/built-in.o
 .text.android_image_get_end
                0x0000000080815db4       0xe8 common/built-in.o
                0x0000000080815db4                android_image_get_end
 .text.android_image_get_kload
                0x0000000080815e9c        0x4 common/built-in.o
                0x0000000080815e9c                android_image_get_kload
 .text.android_image_get_kcomp
                0x0000000080815ea0       0x40 common/built-in.o
                0x0000000080815ea0                android_image_get_kcomp
 .text.android_image_get_ramdisk
                0x0000000080815ee0       0xc4 common/built-in.o
                0x0000000080815ee0                android_image_get_ramdisk
 .text.android_image_get_second
                0x0000000080815fa4       0xe8 common/built-in.o
                0x0000000080815fa4                android_image_get_second
 .text.android_image_get_dtb_by_index
                0x000000008081608c       0xac common/built-in.o
                0x000000008081608c                android_image_get_dtb_by_index
 .text.android_print_contents
                0x0000000080816138      0x310 common/built-in.o
                0x0000000080816138                android_print_contents
 .text.android_dt_check_header
                0x0000000080816448       0x10 common/built-in.o
                0x0000000080816448                android_dt_check_header
 .text.android_dt_get_fdt_by_index
                0x0000000080816458       0x40 common/built-in.o
                0x0000000080816458                android_dt_get_fdt_by_index
 .text.fdt_error
                0x0000000080816498       0x24 common/built-in.o
 .text.boot_fdt_add_mem_rsv_regions
                0x00000000808164bc       0xfc common/built-in.o
                0x00000000808164bc                boot_fdt_add_mem_rsv_regions
 .text.boot_relocate_fdt
                0x00000000808165b8      0x10c common/built-in.o
                0x00000000808165b8                boot_relocate_fdt
 .text.boot_get_fdt
                0x00000000808166c4      0x2bc common/built-in.o
                0x00000000808166c4                boot_get_fdt
 .text.ft_verify_fdt
                0x0000000080816980        0x4 common/built-in.o
                0x0000000080816980                ft_verify_fdt
 .text.image_setup_libfdt
                0x0000000080816984       0xd8 common/built-in.o
                0x0000000080816984                image_setup_libfdt
 .text.fit_image_get_address
                0x0000000080816a5c       0x48 common/built-in.o
 .text.fit_parse_conf
                0x0000000080816aa4       0x3a common/built-in.o
                0x0000000080816aa4                fit_parse_conf
 .text.fit_parse_subimage
                0x0000000080816ade       0x3a common/built-in.o
                0x0000000080816ade                fit_parse_subimage
 .text.fit_get_desc
                0x0000000080816b18       0x20 common/built-in.o
                0x0000000080816b18                fit_get_desc
 .text.fit_get_timestamp
                0x0000000080816b38       0x30 common/built-in.o
                0x0000000080816b38                fit_get_timestamp
 .text.fit_image_get_node
                0x0000000080816b68       0x24 common/built-in.o
                0x0000000080816b68                fit_image_get_node
 .text.fit_image_get_os
                0x0000000080816b8c       0x28 common/built-in.o
                0x0000000080816b8c                fit_image_get_os
 .text.fit_image_get_arch
                0x0000000080816bb4       0x28 common/built-in.o
                0x0000000080816bb4                fit_image_get_arch
 .text.fit_image_get_type
                0x0000000080816bdc       0x28 common/built-in.o
                0x0000000080816bdc                fit_image_get_type
 .text.fit_image_get_comp
                0x0000000080816c04       0x28 common/built-in.o
                0x0000000080816c04                fit_image_get_comp
 .text.fit_image_get_load
                0x0000000080816c2c        0xc common/built-in.o
                0x0000000080816c2c                fit_image_get_load
 .text.fit_image_get_entry
                0x0000000080816c38        0xc common/built-in.o
                0x0000000080816c38                fit_image_get_entry
 .text.fit_image_get_data
                0x0000000080816c44       0x28 common/built-in.o
                0x0000000080816c44                fit_image_get_data
 .text.fit_image_get_data_offset
                0x0000000080816c6c       0x24 common/built-in.o
                0x0000000080816c6c                fit_image_get_data_offset
 .text.fit_image_get_data_position
                0x0000000080816c90       0x24 common/built-in.o
                0x0000000080816c90                fit_image_get_data_position
 .text.fit_image_get_data_size
                0x0000000080816cb4       0x24 common/built-in.o
                0x0000000080816cb4                fit_image_get_data_size
 .text.fit_image_get_data_and_size
                0x0000000080816cd8       0x56 common/built-in.o
                0x0000000080816cd8                fit_image_get_data_and_size
 *fill*         0x0000000080816d2e        0x2 
 .text.fit_image_hash_get_algo
                0x0000000080816d30       0x20 common/built-in.o
                0x0000000080816d30                fit_image_hash_get_algo
 .text.fit_image_hash_get_value
                0x0000000080816d50       0x28 common/built-in.o
                0x0000000080816d50                fit_image_hash_get_value
 .text.fit_image_print_data
                0x0000000080816d78      0x128 common/built-in.o
 .text.fit_image_print_verification_data
                0x0000000080816ea0       0x60 common/built-in.o
 .text.fit_image_print
                0x0000000080816f00      0x228 common/built-in.o
                0x0000000080816f00                fit_image_print
 .text.fit_print_contents
                0x0000000080817128      0x2d8 common/built-in.o
                0x0000000080817128                fit_print_contents
 .text.fit_get_end
                0x0000000080817400        0x8 common/built-in.o
                0x0000000080817400                fit_get_end
 .text.calculate_hash
                0x0000000080817408       0xa8 common/built-in.o
                0x0000000080817408                calculate_hash
 .text.fit_image_verify_with_data
                0x00000000808174b0      0x13c common/built-in.o
                0x00000000808174b0                fit_image_verify_with_data
 .text.fit_image_verify
                0x00000000808175ec       0x50 common/built-in.o
                0x00000000808175ec                fit_image_verify
 .text.fit_all_image_verify
                0x000000008081763c       0xa0 common/built-in.o
                0x000000008081763c                fit_all_image_verify
 .text.fit_image_check_os
                0x00000000808176dc       0x20 common/built-in.o
                0x00000000808176dc                fit_image_check_os
 .text.fit_image_check_type
                0x00000000808176fc       0x20 common/built-in.o
                0x00000000808176fc                fit_image_check_type
 .text.fit_image_check_comp
                0x000000008081771c       0x20 common/built-in.o
                0x000000008081771c                fit_image_check_comp
 .text.fit_check_format
                0x000000008081773c       0x40 common/built-in.o
                0x000000008081773c                fit_check_format
 .text.fit_conf_get_node
                0x000000008081777c       0x7c common/built-in.o
                0x000000008081777c                fit_conf_get_node
 .text.fit_conf_get_prop_node_index
                0x00000000808177f8       0x20 common/built-in.o
                0x00000000808177f8                fit_conf_get_prop_node_index
 .text.fit_conf_get_prop_node
                0x0000000080817818        0x6 common/built-in.o
                0x0000000080817818                fit_conf_get_prop_node
 .text.fit_get_node_from_config
                0x000000008081781e       0x2a common/built-in.o
                0x000000008081781e                fit_get_node_from_config
 .text.fit_image_load
                0x0000000080817848      0x454 common/built-in.o
                0x0000000080817848                fit_image_load
 .text.boot_get_setup_fit
                0x0000000080817c9c       0x40 common/built-in.o
                0x0000000080817c9c                boot_get_setup_fit
 .text.boot_get_fdt_fit
                0x0000000080817cdc      0x1dc common/built-in.o
                0x0000000080817cdc                boot_get_fdt_fit
 .text.get_ram_size
                0x0000000080817eb8       0x9e common/built-in.o
                0x0000000080817eb8                get_ram_size
 .text.get_effective_memsize
                0x0000000080817f56        0x6 common/built-in.o
                0x0000000080817f56                get_effective_memsize
 .text.stdio_serial_tstc
                0x0000000080817f5c        0x4 common/built-in.o
 .text.stdio_serial_getc
                0x0000000080817f60        0x4 common/built-in.o
 .text.stdio_serial_puts
                0x0000000080817f64        0x6 common/built-in.o
 .text.stdio_serial_putc
                0x0000000080817f6a        0x6 common/built-in.o
 .text.stdio_get_list
                0x0000000080817f70        0x8 common/built-in.o
                0x0000000080817f70                stdio_get_list
 .text.stdio_get_by_name
                0x0000000080817f78       0x30 common/built-in.o
                0x0000000080817f78                stdio_get_by_name
 .text.stdio_clone
                0x0000000080817fa8       0x22 common/built-in.o
                0x0000000080817fa8                stdio_clone
 *fill*         0x0000000080817fca        0x2 
 .text.stdio_register_dev
                0x0000000080817fcc       0x34 common/built-in.o
                0x0000000080817fcc                stdio_register_dev
 .text.stdio_register
                0x0000000080818000        0x6 common/built-in.o
                0x0000000080818000                stdio_register
 *fill*         0x0000000080818006        0x2 
 .text.stdio_init_tables
                0x0000000080818008       0x14 common/built-in.o
                0x0000000080818008                stdio_init_tables
 .text.stdio_add_devices
                0x000000008081801c       0x50 common/built-in.o
                0x000000008081801c                stdio_add_devices
 .text.run_command
                0x000000008081806c        0xe common/built-in.o
                0x000000008081806c                run_command
 .text.run_command_list
                0x000000008081807a       0x46 common/built-in.o
                0x000000008081807a                run_command_list
 .text.do_run   0x00000000808180c0       0x4c common/built-in.o
                0x00000000808180c0                do_run
 .text.cli_process_fdt
                0x000000008081810c       0x30 common/built-in.o
                0x000000008081810c                cli_process_fdt
 .text.cli_secure_boot_cmd
                0x000000008081813c       0x4c common/built-in.o
                0x000000008081813c                cli_secure_boot_cmd
 .text.cli_loop
                0x0000000080818188        0xe common/built-in.o
                0x0000000080818188                cli_loop
 .text.cli_init
                0x0000000080818196        0x4 common/built-in.o
                0x0000000080818196                cli_init
 *fill*         0x000000008081819a        0x2 
 .text.run_usb_dnl_gadget
                0x000000008081819c       0xa0 common/built-in.o
                0x000000008081819c                run_usb_dnl_gadget
 .text.find_cmd_tbl
                0x000000008081823c       0x64 common/built-in.o
                0x000000008081823c                find_cmd_tbl
 .text.find_cmd
                0x00000000808182a0       0x1c common/built-in.o
                0x00000000808182a0                find_cmd
 .text.cmd_usage
                0x00000000808182bc       0x3c common/built-in.o
                0x00000000808182bc                cmd_usage
 .text._do_help
                0x00000000808182f8      0x108 common/built-in.o
                0x00000000808182f8                _do_help
 .text.var_complete
                0x0000000080818400       0x50 common/built-in.o
                0x0000000080818400                var_complete
 .text.complete_subcmdv