eth-uclass.c:43:32:eth_get_uclass_priv	16	static
eth-uclass.c:201:12:eth_write_hwaddr	16	static
eth-uclass.c:511:12:eth_post_probe	32	static
eth-uclass.c:467:12:eth_post_bind	8	static
eth-uclass.c:56:6:eth_set_current_to_next	8	static
eth-uclass.c:73:17:eth_get_dev	16	static
eth-uclass.c:97:6:eth_set_dev	8	static
eth-uclass.c:482:12:eth_pre_unbind	8	static
eth-uclass.c:112:17:eth_get_dev_by_name	32	static
eth-uclass.c:152:16:eth_get_ethaddr	8	static
eth-uclass.c:165:5:eth_init_state_only	8	static
eth-uclass.c:181:6:eth_halt_state_only	8	static
eth-uclass.c:194:5:eth_get_dev_index	8	static
eth-uclass.c:261:5:eth_init	24	static
eth-uclass.c:339:5:eth_is_active	8	static
eth-uclass.c:324:6:eth_halt	8	static
eth-uclass.c:589:12:eth_pre_remove	16	static
eth-uclass.c:350:5:eth_send	16	static
eth-uclass.c:374:5:eth_rx	24	static
eth-uclass.c:410:5:eth_initialize	32	static
