nfs.c:436:12:rpc_lookup_reply	1160	static
nfs.c:466:12:nfs_mount_reply	1160	static
nfs.c:492:12:nfs_umountall_reply	1160	static
nfs.c:516:12:nfs_lookup_reply	1168	static
nfs.c:617:12:nfs_readlink_reply	1176	static
nfs.c:120:14:basename	8	static
nfs.c:667:12:nfs_read_reply	1168	static
nfs.c:178:13:rpc_req	1184	static
nfs.c:364:13:nfs_read_req	4120	static
nfs.c:295:13:nfs_readlink_req	4112	static
nfs.c:244:13:nfs_mount_req	4120	static
nfs.c:270:13:nfs_umountall_req	4104	static
nfs.c:321:13:nfs_lookup_req	4136	static
nfs.c:397:13:nfs_send	72	static
nfs.c:742:13:nfs_handler	16	static
nfs.c:728:13:nfs_timeout_handler	8	static
nfs.c:866:6:nfs_start	32	static
