musb_gadget.c:1032:12:musb_gadget_enable	20	static
musb_gadget.c:1291:6:musb_free_request	0	static
musb_gadget.c:1532:12:musb_gadget_fifo_status	0	static
musb_gadget.c:1555:13:musb_gadget_fifo_flush	12	static
musb_gadget.c:1617:12:musb_gadget_get_frame	0	static
musb_gadget.c:1624:12:musb_gadget_wakeup	0	static
musb_gadget.c:1703:1:musb_gadget_set_self_powered	0	static
musb_gadget.c:1742:12:musb_gadget_vbus_draw	0	static
musb_gadget.c:319:13:txstate	24	static
musb_gadget.c:1268:21:musb_alloc_request	8	static
musb_gadget.c:1785:12:musb_gadget_stop	8	static
musb_gadget.c:1829:1:init_peripheral_ep	32	static
musb_gadget.c:1976:5:musb_gadget_start	8	static
musb_gadget.c:1755:12:musb_gadget_pullup	12	static
musb_gadget.c:177:6:musb_g_giveback	16	static
musb_gadget.c:640:13:rxstate	32	static
musb_gadget.c:1376:12:musb_gadget_dequeue	24	static
musb_gadget.c:1217:12:musb_gadget_disable	16	static
musb_gadget.c:491:6:musb_g_tx	40	static
musb_gadget.c:910:6:musb_g_rx	8	static
musb_gadget.c:1308:6:musb_ep_restart	4	static
musb_gadget.c:1433:12:musb_gadget_set_halt	16	static
musb_gadget.c:1321:12:musb_gadget_queue	16	static
musb_gadget.c:1898:15:musb_gadget_setup	24	static
musb_gadget.c:1952:6:musb_gadget_cleanup	0	static
musb_gadget.c:2154:6:musb_g_resume	0	static
musb_gadget.c:2178:6:musb_g_suspend	0	static
musb_gadget.c:2210:6:musb_g_wakeup	0	static
musb_gadget.c:2216:6:musb_g_disconnect	8	static
musb_gadget.c:2262:6:musb_g_reset	16	static
