musb_uboot.c:30:13:musb_host_complete_urb	0	static
musb_uboot.c:36:13:construct_urb	32	static
musb_uboot.c:335:26:musb_create_int_queue	56	static
musb_uboot.c:67:12:submit_urb	24	static
musb_uboot.c:319:12:musb_submit_bulk_msg	56	static
musb_uboot.c:344:14:musb_poll_int_queue	8	static
musb_uboot.c:187:12:_musb_reset_root_port.isra.0	16	static
musb_uboot.c:358:12:musb_reset_root_port	8	static
musb_uboot.c:351:12:musb_destroy_int_queue	16	static
musb_uboot.c:326:12:musb_submit_int_msg	56	static
musb_uboot.c:217:5:musb_lowlevel_init	24	static
musb_uboot.c:428:14:musb_register	0	static
musb_uboot.c:458:20:usb_dev_get_parent	16	static
musb_uboot.c:311:12:musb_submit_control_msg	56	static
