ether.c:1203:13:eth_setup_complete	0	static
ether.c:1624:13:tx_complete	0	static
ether.c:1807:13:eth_suspend	0	static
ether.c:2603:12:usb_eth_recv	16	static
ether.c:1555:13:rx_complete	16	static
ether.c:2596:12:usb_eth_send	32	static
ether.c:1221:13:rndis_command_complete	0	static
ether.c:1766:13:eth_unbind	16	static
ether.c:1831:13:rndis_control_ack_complete	16	static
ether.c:1860:12:rndis_control_ack	16	static
ether.c:1973:11:nibble	0	static
ether.c:2491:13:_usb_eth_halt	8	static
ether.c:2639:13:usb_eth_stop	8	static
ether.c:1005:13:eth_reset_config	8	static
ether.c:1801:13:eth_disconnect	0	static
ether.c:928:1:set_ether_config.isra.0	16	static
ether.c:1983:12:get_ether_addr	32	static
ether.c:2003:12:eth_bind	72	static
ether.c:2646:12:usb_eth_probe	16	static
ether.c:1945:12:is_eth_addr_valid.part.0	32	static
ether.c:1508:12:rx_submit.constprop	16	static
ether.c:2628:12:usb_eth_free_pkt	8	static
ether.c:1244:1:eth_setup	48	static
ether.c:1212:13:rndis_response_complete	0	static
ether.c:1812:13:eth_resume	0	static
ether.c:2589:12:usb_eth_start	32	static
ether.c:2668:5:usb_ether_init	16	static
