f_dfu.c:769:12:dfu_set_alt	0	static
f_dfu.c:782:12:__dfu_get_alt	0	static
f_dfu.c:790:13:dfu_disable	0	static
f_dfu.c:828:5:dfu_add	16	static
f_dfu.c:586:1:dfu_handle	24	static
f_dfu.c:170:13:dnload_request_flush	8	static
f_dfu.c:157:13:dnload_request_complete	16	static
f_dfu.c:742:13:dfu_unbind	16	static
f_dfu.c:696:12:dfu_bind	32	static
f_dfu.c:241:12:handle_upload.isra.0	16	static
f_dfu.c:182:12:handle_getstatus	16	static
f_dfu.c:542:12:state_dfu_error	0	static
f_dfu.c:452:12:state_dfu_manifest_sync	16	static
f_dfu.c:418:12:state_dfu_dnload_idle	8	static
f_dfu.c:398:12:state_dfu_dnbusy	0	static
f_dfu.c:375:12:state_dfu_dnload_sync	0	static
f_dfu.c:292:12:state_app_detach	0	static
f_dfu.c:265:12:state_app_idle	4	static
f_dfu.c:505:12:state_dfu_upload_idle	16	static
f_dfu.c:479:12:state_dfu_manifest	16	static
f_dfu.c:315:12:state_dfu_idle	16	static
