command.c:88:17:find_cmd_tbl	32	static
command.c:123:17:find_cmd	0	static
command.c:130:5:cmd_usage	8	static
command.c:24:5:_do_help	48	dynamic
command.c:151:5:var_complete	24	static
command.c:184:5:complete_subcmdv	40	static
command.c:355:5:cmd_auto_complete	416	static
command.c:464:5:cmd_get_data_size	16	static
command.c:540:5:cmd_always_repeatable	8	static
command.c:548:5:cmd_never_repeatable	8	static
command.c:556:5:cmd_discard_repeatable	24	static
command.c:587:20:cmd_process	48	static
command.c:646:5:cmd_process_error	8	static
