image-fit.c:781:12:fit_image_get_address	24	static
image-fit.c:82:5:fit_parse_conf	24	static
image-fit.c:108:5:fit_parse_subimage	24	static
image-fit.c:131:5:fit_get_subimage_count	24	static
image-fit.c:556:6:fit_print_contents	0	static
image-fit.c:557:6:fit_image_print	0	static
image-fit.c:573:5:fit_get_desc	16	static
image-fit.c:601:5:fit_get_timestamp	16	static
image-fit.c:633:5:fit_image_get_node	16	static
image-fit.c:667:5:fit_image_get_os	16	static
image-fit.c:699:5:fit_image_get_arch	16	static
image-fit.c:731:5:fit_image_get_type	16	static
image-fit.c:763:5:fit_image_get_comp	16	static
image-fit.c:823:5:fit_image_get_load	0	static
image-fit.c:845:5:fit_image_get_entry	0	static
image-fit.c:865:5:fit_image_get_data	24	static
image-fit.c:892:5:fit_image_get_data_offset	8	static
image-fit.c:916:5:fit_image_get_data_position	8	static
image-fit.c:941:5:fit_image_get_data_size	8	static
image-fit.c:965:5:fit_image_get_data_size_unciphered	8	static
image-fit.c:995:5:fit_image_get_data_and_size	32	static
image-fit.c:1042:5:fit_image_hash_get_algo	16	static
image-fit.c:1070:5:fit_image_hash_get_value	24	static
image-fit.c:1128:5:fit_image_cipher_get_algo	0	static
image-fit.c:1141:7:fit_get_end	0	static
image-fit.c:1159:5:fit_set_timestamp	24	static
image-fit.c:1195:5:calculate_hash	24	static
image-fit.c:1277:5:fit_image_verify_with_data	96	static
image-fit.c:1354:5:fit_image_verify	24	static
image-fit.c:1384:5:fit_all_image_verify	32	static
image-fit.c:1460:5:fit_image_check_os	16	static
image-fit.c:1482:5:fit_image_check_arch	16	static
image-fit.c:1511:5:fit_image_check_type	16	static
image-fit.c:1534:5:fit_image_check_comp	16	static
image-fit.c:1554:5:fit_check_format	8	static
image-fit.c:1623:5:fit_conf_find_compat	72	static
image-fit.c:1724:5:fit_conf_get_node	32	static
image-fit.c:1784:5:fit_conf_get_prop_node_count	0	static
image-fit.c:1790:5:fit_conf_get_prop_node_index	32	static
image-fit.c:1804:5:fit_conf_get_prop_node	0	static
image-fit.c:1826:5:fit_get_node_from_config	16	static
image-fit.c:1886:5:fit_image_load	104	static
image-fit.c:2138:5:boot_get_setup_fit	56	static
image-fit.c:2159:5:boot_get_fdt_fit	104	static
