image.c:230:5:image_check_hcrc	72	static
image.c:245:5:image_check_dcrc	8	static
image.c:267:7:image_multi_count	0	static
image.c:300:6:image_multi_getimg	24	static
image.c:425:5:image_decomp_type	16	static
image.c:661:7:env_get_bootm_low	8	static
image.c:678:13:env_get_bootm_size	16	static
image.c:703:13:env_get_bootm_mapsize	8	static
image.c:719:6:memmove_wd	24	static
image.c:754:6:genimg_print_size	8	static
image.c:782:22:get_table_entry	0	static
image.c:927:20:genimg_get_short_name	8	static
image.c:813:13:genimg_get_cat_name	16	static
image.c:837:13:genimg_get_cat_short_name	16	static
image.c:851:5:genimg_get_cat_count	0	static
image.c:856:13:genimg_get_cat_desc	0	static
image.c:871:6:genimg_cat_has_id	8	static
image.c:893:7:get_table_entry_name	8	static
image.c:905:13:genimg_get_os_name	0	static
image.c:910:13:genimg_get_arch_name	0	static
image.c:916:13:genimg_get_type_name	0	static
image.c:440:5:image_decomp	40	static
image.c:921:13:genimg_get_comp_name	0	static
image.c:360:6:image_print_contents	40	static
image.c:939:13:genimg_get_type_short_name	0	static
image.c:944:13:genimg_get_comp_short_name	0	static
image.c:949:13:genimg_get_os_short_name	0	static
image.c:954:13:genimg_get_arch_short_name	0	static
image.c:973:5:get_table_entry_id	16	static
image.c:991:5:genimg_get_os_id	0	static
image.c:996:5:genimg_get_arch_id	0	static
image.c:1001:5:genimg_get_type_id	0	static
image.c:1006:5:genimg_get_comp_id	0	static
image.c:1027:7:genimg_get_kernel_addr_fit	24	static
image.c:1061:7:genimg_get_kernel_addr	16	static
image.c:1084:5:genimg_get_format	8	static
image.c:1116:5:genimg_has_config	0	static
image.c:1147:5:boot_get_ramdisk	80	static
image.c:1356:5:boot_ramdisk_high	32	static
image.c:1431:5:boot_get_setup	0	static
image.c:1544:5:boot_get_loadable	88	static
image.c:1705:5:image_setup_linux	24	static
