dfu.c:231:12:dfu_write_buffer_drain	32	static
dfu.c:33:13:dfu_flush_callback	0	static
dfu.c:41:13:dfu_initiated_callback	0	static
dfu.c:56:13:dfu_usb_get_reset	0	static
dfu.c:172:16:dfu_free_buf	8	static
dfu.c:179:15:dfu_get_buf_size	0	static
dfu.c:184:16:dfu_get_buf	24	static
dfu.c:260:6:dfu_transaction_cleanup	24	static
dfu.c:276:5:dfu_transaction_initiate	16	static
dfu.c:303:5:dfu_flush	16	static
dfu.c:325:5:dfu_write	24	static
dfu.c:446:5:dfu_read	48	static
dfu.c:525:6:dfu_free_entities	24	static
dfu.c:543:5:dfu_alt_init	24	static
dfu.c:566:5:dfu_alt_add	32	static
dfu.c:95:5:dfu_config_interfaces	48	static
dfu.c:585:5:dfu_config_entities	48	static
dfu.c:136:5:dfu_init_env_entities	16	static
dfu.c:607:13:dfu_get_dev_type	48	static
dfu.c:614:13:dfu_get_layout	48	static
dfu.c:621:6:dfu_show_entities	32	static
dfu.c:634:5:dfu_get_alt_number	0	static
dfu.c:639:20:dfu_get_entity	8	static
dfu.c:651:5:dfu_get_alt	24	static
dfu.c:688:5:dfu_write_from_mem_addr	32	static
