clk-uclass.c:546:13:clk_clean_rate_cache	16	static
clk-uclass.c:29:13:dev_get_clk_ptr	0	static
clk-uclass.c:456:5:clk_request	0	static
clk-uclass.c:69:12:clk_get_by_index_tail.isra.0.part.0	24	static
clk-uclass.c:133:5:clk_get_by_index	96	static
clk-uclass.c:386:5:clk_get_by_name	16	static
clk-uclass.c:109:12:clk_get_by_indexed_prop.isra.0	96	static
clk-uclass.c:145:5:clk_get_by_index_nodev	96	static
clk-uclass.c:403:5:clk_get_by_name_nodev	16	static
clk-uclass.c:420:5:clk_get_optional_nodev	8	static
clk-uclass.c:473:5:clk_free	0	static
clk-uclass.c:488:7:clk_get_rate	0	static
clk-uclass.c:503:13:clk_get_parent	8	static
clk-uclass.c:522:11:clk_get_parent_rate	8	static
clk-uclass.c:562:7:clk_set_rate	16	static
clk-uclass.c:580:5:clk_set_parent	0	static
clk-uclass.c:362:5:clk_set_defaults	104	static
clk-uclass.c:814:5:clk_uclass_post_probe	8	static
clk-uclass.c:603:5:clk_enable	0	static
clk-uclass.c:650:5:clk_enable_bulk	16	static
clk-uclass.c:663:5:clk_disable	0	static
clk-uclass.c:431:5:clk_release_all	24	static
clk-uclass.c:157:5:clk_get_bulk	24	static
clk-uclass.c:714:5:clk_disable_bulk	16	static
clk-uclass.c:727:5:clk_get_by_id	32	static
clk-uclass.c:749:6:clk_is_match	0	static
clk-uclass.c:776:13:devm_clk_get	16	static
clk-uclass.c:793:13:devm_clk_get_optional	8	static
clk-uclass.c:803:6:devm_clk_put	0	static
