phy.c:447:5:genphy_shutdown	0	static
phy.c:152:5:genphy_restart_aneg	24	static
phy.c:179:5:genphy_config_aneg	32	static
phy.c:385:5:genphy_config	16	static
phy.c:223:5:genphy_update_link	24	static
phy.c:292:5:genphy_parse_link	24	static
phy.c:436:5:genphy_startup	8	static
phy.c:562:5:phy_register	0	static
phy.c:464:5:genphy_init	0	static
phy.c:471:5:phy_init	8	static
phy.c:588:5:phy_set_supported	0	static
phy.c:710:12:get_phy_id	24	static
phy.c:785:27:get_phy_device_by_mask	80	static
phy.c:843:5:phy_reset	24	static
phy.c:894:5:miiphy_reset	8	static
phy.c:909:20:phy_find_by_mask	16	static
phy.c:924:6:phy_connect_dev	24	static
phy.c:1006:20:phy_connect	24	static
phy.c:1045:5:phy_startup	0	static
phy.c:1053:12:board_phy_config	0	static
phy.c:1060:5:phy_config	0	static
phy.c:1066:5:phy_shutdown	8	static
phy.c:1074:5:phy_get_interface_by_name	16	static
