mmc-uclass.c:455:12:mmc_blk_probe	8	static
mmc-uclass.c:56:5:dm_mmc_set_ios	0	static
mmc-uclass.c:65:5:mmc_set_ios	0	static
mmc-uclass.c:70:5:dm_mmc_wait_dat0	0	static
mmc-uclass.c:79:5:mmc_wait_dat0	0	static
mmc-uclass.c:84:5:dm_mmc_get_wp	0	static
mmc-uclass.c:93:5:mmc_getwp	0	static
mmc-uclass.c:98:5:dm_mmc_get_cd	0	static
mmc-uclass.c:107:5:mmc_getcd	0	static
mmc-uclass.c:145:5:dm_mmc_hs400_prepare_ddr	0	static
mmc-uclass.c:155:5:mmc_hs400_prepare_ddr	0	static
mmc-uclass.c:160:5:dm_mmc_host_power_cycle	0	static
mmc-uclass.c:169:5:mmc_host_power_cycle	0	static
mmc-uclass.c:174:5:dm_mmc_deferred_probe	0	static
mmc-uclass.c:184:5:mmc_deferred_probe	0	static
mmc-uclass.c:189:5:dm_mmc_reinit	0	static
mmc-uclass.c:199:5:mmc_reinit	0	static
mmc-uclass.c:204:5:mmc_of_parse	16	static
mmc-uclass.c:274:13:mmc_get_mmc_dev	8	static
mmc-uclass.c:18:5:dm_mmc_get_b_max	24	static
mmc-uclass.c:29:5:mmc_get_b_max	0	static
mmc-uclass.c:34:5:dm_mmc_send_cmd	16	static
mmc-uclass.c:51:5:mmc_send_cmd	0	static
mmc-uclass.c:435:12:mmc_select_hwpart	16	static
mmc-uclass.c:285:13:find_mmc_device	16	static
mmc-uclass.c:306:5:get_mmc_num	8	static
mmc-uclass.c:311:5:mmc_get_next_devnum	0	static
mmc-uclass.c:316:18:mmc_get_blk_desc	16	static
mmc-uclass.c:329:6:mmc_do_preinit	24	static
mmc-uclass.c:352:6:print_mmc_devices	40	static
mmc-uclass.c:385:5:mmc_bind	48	static
mmc-uclass.c:422:5:mmc_unbind	16	static
