fs.c:36:19:fs_probe_unsupported	8	static
fs.c:43:19:fs_ls_unsupported	0	static
fs.c:80:19:fs_exists_unsupported	0	static
fs.c:85:19:fs_size_unsupported	0	static
fs.c:90:19:fs_read_unsupported	0	static
fs.c:109:20:fs_close_unsupported	0	static
fs.c:118:19:fs_opendir_unsupported	0	static
fs.c:326:28:fs_get_info	8	static
fs.c:97:19:fs_write_unsupported	0	static
fs.c:129:19:fs_mkdir_unsupported	0	static
fs.c:104:19:fs_ln_unsupported	0	static
fs.c:113:19:fs_uuid_unsupported	0	static
fs.c:124:19:fs_unlink_unsupported	0	static
fs.c:348:5:fs_get_type	0	static
fs.c:361:13:fs_get_type_name	8	static
fs.c:366:5:fs_set_blk_dev	40	static
fs.c:411:5:fs_set_blk_dev_with_part	24	static
fs.c:435:6:fs_close	8	static
fs.c:444:5:fs_uuid	8	static
fs.c:451:5:fs_ls	8	static
fs.c:464:5:fs_exists	8	static
fs.c:477:5:fs_size	16	static
fs.c:556:5:fs_read	48	static
fs.c:562:5:fs_write	48	static
fs.c:582:23:fs_opendir	24	static
fs.c:601:19:fs_readdir	16	static
fs.c:620:6:fs_closedir	8	static
fs.c:50:12:fs_ls_generic	40	static
fs.c:634:5:fs_unlink	8	static
fs.c:647:5:fs_mkdir	8	static
fs.c:660:5:fs_ln	16	static
fs.c:676:5:do_size	24	static
fs.c:695:5:do_load	256	static
fs.c:771:5:do_ls	16	static
fs.c:788:5:file_exists	8	static
fs.c:797:5:do_save	64	static
fs.c:839:5:do_fs_uuid	56	static
fs.c:864:5:do_fs_type	16	static
fs.c:886:5:do_rm	8	static
fs.c:901:5:do_mkdir	8	static
fs.c:921:5:do_ln	8	static
fs.c:936:5:do_fs_types	24	static
