charset.c:30:12:get_code	24	static
charset.c:85:11:read_string	0	static
charset.c:104:11:read_console	8	static
charset.c:114:5:console_read_unicode	8	static
charset.c:126:5:utf8_get	0	static
charset.c:131:5:utf8_put	12	static
charset.c:160:8:utf8_utf16_strnlen	24	static
charset.c:197:5:utf16_get	8	static
charset.c:225:5:utf16_put	0	static
charset.c:181:5:utf8_utf16_strncpy	24	static
charset.c:243:8:utf16_strnlen	24	static
charset.c:261:8:utf16_utf8_strnlen	24	static
charset.c:285:5:utf16_utf8_strncpy	24	static
charset.c:301:5:utf_to_lower	0	static
charset.c:320:5:utf_to_upper	0	static
charset.c:351:5:u16_strncmp	16	static
charset.c:364:8:u16_strlen	0	static
charset.c:376:22:u16_strnlen	0	static
charset.c:383:8:u16_strsize	8	static
charset.c:388:6:u16_strcpy	0	static
charset.c:401:6:u16_strdup	16	static
charset.c:418:10:utf16_to_utf8	20	static
