vsprintf.c:52:14:put_dec_trunc	20	static
vsprintf.c:130:23:put_dec	40	static
vsprintf.c:159:14:number	128	static
vsprintf.c:280:14:string16	40	static
vsprintf.c:258:14:string	24	static
vsprintf.c:508:12:vsnprintf_internal	120	static
vsprintf.c:713:5:vsnprintf	0	static
vsprintf.c:719:5:vscnprintf	8	static
vsprintf.c:732:5:snprintf	16	static
vsprintf.c:744:5:scnprintf	16	static
vsprintf.c:769:5:vsprintf	0	static
vsprintf.c:774:5:sprintf	12	static
vsprintf.c:786:5:printf	1056	static
vsprintf.c:809:5:vprintf	1056	static
vsprintf.c:829:7:simple_itoa	24	static
vsprintf.c:844:6:print_grouped_ull	48	static
vsprintf.c:859:6:str2off	24	static
vsprintf.c:867:6:str2long	24	static
vsprintf.c:875:7:strmhz	16	static
