cache-cp15.c:20:13:arm_init_before_mmu	0	static
cache-cp15.c:24:13:arm_init_domains	0	static
cache-cp15.c:50:6:set_section_dcache	0	static
cache-cp15.c:55:13:mmu_page_table_flush	0	static
cache-cp15.c:60:6:mmu_set_region_dcache_behaviour_phys	16	static
cache-cp15.c:99:6:mmu_set_region_dcache_behaviour	0	static
cache-cp15.c:105:13:dram_bank_mmu_setup	8	static
cache-cp15.c:285:6:icache_enable	0	static
cache-cp15.c:290:6:icache_disable	0	static
cache-cp15.c:295:5:icache_status	0	static
cache-cp15.c:317:6:dcache_enable	8	static
cache-cp15.c:322:6:dcache_disable	8	static
cache-cp15.c:327:5:dcache_status	0	static
