Archive member included to satisfy reference by file (symbol)

arch/arm/lib/lib.a(lib1funcs.o)
                              arch/arm/mach-omap2/built-in.o (__aeabi_uidiv)
arch/arm/lib/lib.a(div0.o)    arch/arm/lib/lib.a(lib1funcs.o) (__div0)

Discarded input sections

 .data          0x0000000000000000        0x0 arch/arm/cpu/armv7/start.o
 .bss           0x0000000000000000        0x0 arch/arm/cpu/armv7/start.o
 .text.get_dpll_mpu_params
                0x0000000000000000        0x8 arch/arm/mach-omap2/built-in.o
 .text.set_mpu_spreadspectrum
                0x0000000000000000       0xc4 arch/arm/mach-omap2/built-in.o
 .text.do_disable_clocks
                0x0000000000000000       0x6c arch/arm/mach-omap2/built-in.o
 .text.scale_vcores
                0x0000000000000000        0x2 arch/arm/mach-omap2/built-in.o
 .text.rtc_only_prcm_init
                0x0000000000000000       0x1c arch/arm/mach-omap2/built-in.o
 .text.get_cpu_rev
                0x0000000000000000       0x10 arch/arm/mach-omap2/built-in.o
 .text.get_cpu_type
                0x0000000000000000       0x14 arch/arm/mach-omap2/built-in.o
 .text.get_sysboot_value
                0x0000000000000000       0x14 arch/arm/mach-omap2/built-in.o
 .text.print_cpuinfo
                0x0000000000000000       0x90 arch/arm/mach-omap2/built-in.o
 .text.am335x_get_mpu_vdd
                0x0000000000000000       0x20 arch/arm/mach-omap2/built-in.o
 .text.dram_init
                0x0000000000000000       0x1a arch/arm/mach-omap2/built-in.o
 .text.cpu_mmc_init
                0x0000000000000000       0x28 arch/arm/mach-omap2/built-in.o
 .text.arch_cpu_init_dm
                0x0000000000000000        0xe arch/arm/mach-omap2/built-in.o
 .text.set_uart_mux_conf
                0x0000000000000000        0x2 arch/arm/mach-omap2/built-in.o
 .text.set_mux_conf_regs
                0x0000000000000000        0x2 arch/arm/mach-omap2/built-in.o
 .text.ft_cpu_setup
                0x0000000000000000        0x2 arch/arm/mach-omap2/built-in.o
 .text.clk_synthesizer_reg_write
                0x0000000000000000       0x30 arch/arm/mach-omap2/built-in.o
 .text.setup_clock_synthesizer
                0x0000000000000000       0x90 arch/arm/mach-omap2/built-in.o
 .text.warm_reset
                0x0000000000000000       0x1c arch/arm/mach-omap2/built-in.o
 .text.setup_warmreset_time
                0x0000000000000000        0x2 arch/arm/mach-omap2/built-in.o
 .text.get_ticks
                0x0000000000000000        0xa arch/arm/mach-omap2/built-in.o
 .text.get_tbclk
                0x0000000000000000        0x6 arch/arm/mach-omap2/built-in.o
 .text.do_cancel_out
                0x0000000000000000       0x44 arch/arm/mach-omap2/built-in.o
 .text.omap_set_fastboot_vars
                0x0000000000000000      0x15c arch/arm/mach-omap2/built-in.o
 .text.cancel_out
                0x0000000000000000       0x62 arch/arm/mach-omap2/built-in.o
 .text.omap_die_id
                0x0000000000000000        0xc arch/arm/mach-omap2/built-in.o
 .text.omap_die_id_serial
                0x0000000000000000       0x50 arch/arm/mach-omap2/built-in.o
 .text.omap_die_id_get_board_serial
                0x0000000000000000       0x24 arch/arm/mach-omap2/built-in.o
 .text.omap_die_id_usbethaddr
                0x0000000000000000       0x68 arch/arm/mach-omap2/built-in.o
 .text.omap_die_id_display
                0x0000000000000000       0x2c arch/arm/mach-omap2/built-in.o
 .text.get_device_type
                0x0000000000000000       0x18 arch/arm/mach-omap2/built-in.o
 .text.enable_caches
                0x0000000000000000       0x14 arch/arm/mach-omap2/built-in.o
 .text.dram_bank_mmu_setup
                0x0000000000000000       0x28 arch/arm/mach-omap2/built-in.o
 .text.arm_init_domains
                0x0000000000000000       0x16 arch/arm/mach-omap2/built-in.o
 .text.omap_sys_boot_device
                0x0000000000000000        0x4 arch/arm/mach-omap2/built-in.o
 .text.load_firmware
                0x0000000000000000        0x4 arch/arm/mach-omap2/built-in.o
 .text.spl_boot_ipu
                0x0000000000000000        0x2 arch/arm/mach-omap2/built-in.o
 .rodata.set_mpu_spreadspectrum.str1.1
                0x0000000000000000       0x31 arch/arm/mach-omap2/built-in.o
 .rodata.cmdpll
                0x0000000000000000        0x4 arch/arm/mach-omap2/built-in.o
 .rodata.cmper  0x0000000000000000        0x4 arch/arm/mach-omap2/built-in.o
 .rodata.cmrtc  0x0000000000000000        0x4 arch/arm/mach-omap2/built-in.o
 .rodata.dpll_core_opp100
                0x0000000000000000       0x10 arch/arm/mach-omap2/built-in.o
 .rodata.dpll_disp_regs
                0x0000000000000000       0x24 arch/arm/mach-omap2/built-in.o
 .rodata.do_disable_clocks.str1.1
                0x0000000000000000       0x2b arch/arm/mach-omap2/built-in.o
 .rodata.print_cpuinfo.str1.1
                0x0000000000000000       0x3d arch/arm/mach-omap2/built-in.o
 .rodata.CSWTCH.9
[...]
Memory Configuration

Name             Origin             Length             Attributes
.sram            0x00000000402f0400 0x000000000001b000
.sdram           0x0000000080a00000 0x0000000000080000
*default*        0x0000000000000000 0xffffffffffffffff

Linker script and memory map


.text           0x00000000402f0400    0x14ca2
                0x00000000402f0400                __start = .
 *(.vectors)
 .vectors       0x00000000402f0400       0x44 arch/arm/lib/built-in.o
                0x00000000402f0400                _start
                0x00000000402f0420                _undefined_instruction
                0x00000000402f0424                _software_interrupt
                0x00000000402f0428                _prefetch_abort
                0x00000000402f042c                _data_abort
                0x00000000402f0430                _not_used
                0x00000000402f0434                _irq
                0x00000000402f0438                _fiq
 arch/arm/cpu/armv7/start.o(.text*)
 .text          0x00000000402f0444       0xd4 arch/arm/cpu/armv7/start.o
                0x00000000402f0444                reset
                0x00000000402f0448                save_boot_params_ret
                0x00000000402f0484                c_runtime_cpu_setup
                0x00000000402f0498                cpu_init_cp15
                0x00000000402f050c                cpu_init_crit
 *(.text*)
 .text          0x00000000402f0518       0x60 arch/arm/mach-omap2/built-in.o
                0x00000000402f0518                save_boot_params
                0x00000000402f0524                omap_smc1
                0x00000000402f0540                omap_smc_sec
 .text.get_dpll_core_params
                0x00000000402f0578       0x14 arch/arm/mach-omap2/built-in.o
                0x00000000402f0578                get_dpll_core_params
 .text.get_dpll_per_params
                0x00000000402f058c       0x14 arch/arm/mach-omap2/built-in.o
                0x00000000402f058c                get_dpll_per_params
 .text.setup_clocks_for_console
                0x00000000402f05a0       0x7c arch/arm/mach-omap2/built-in.o
                0x00000000402f05a0                setup_clocks_for_console
 .text.enable_basic_clocks
                0x00000000402f061c       0x44 arch/arm/mach-omap2/built-in.o
                0x00000000402f061c                enable_basic_clocks
 .text.do_setup_dpll
                0x00000000402f0660       0xe0 arch/arm/mach-omap2/built-in.o
                0x00000000402f0660                do_setup_dpll
 .text.do_enable_clocks
                0x00000000402f0740       0x64 arch/arm/mach-omap2/built-in.o
                0x00000000402f0740                do_enable_clocks
 .text.setup_early_clocks
                0x00000000402f07a4       0x12 arch/arm/mach-omap2/built-in.o
                0x00000000402f07a4                setup_early_clocks
 *fill*         0x00000000402f07b6        0x2 
 .text.prcm_init
                0x00000000402f07b8       0x5c arch/arm/mach-omap2/built-in.o
                0x00000000402f07b8                prcm_init
 .text.get_sys_clk_index
                0x00000000402f0814       0x14 arch/arm/mach-omap2/built-in.o
                0x00000000402f0814                get_sys_clk_index
 .text.am335x_get_efuse_mpu_max_freq
                0x00000000402f0828       0x8c arch/arm/mach-omap2/built-in.o
                0x00000000402f0828                am335x_get_efuse_mpu_max_freq
 .text.am335x_get_tps65910_mpu_vdd
                0x00000000402f08b4       0x3c arch/arm/mach-omap2/built-in.o
                0x00000000402f08b4                am335x_get_tps65910_mpu_vdd
 .text.configure_mr
                0x00000000402f08f0       0x88 arch/arm/mach-omap2/built-in.o
 .text.config_sdram_emif4d5
                0x00000000402f0978      0x164 arch/arm/mach-omap2/built-in.o
                0x00000000402f0978                config_sdram_emif4d5
 .text.config_sdram
                0x00000000402f0adc       0x80 arch/arm/mach-omap2/built-in.o
                0x00000000402f0adc                config_sdram
 .text.set_sdram_timings
                0x00000000402f0b5c       0x3c arch/arm/mach-omap2/built-in.o
                0x00000000402f0b5c                set_sdram_timings
 .text.config_ddr_phy
                0x00000000402f0b98      0x1b8 arch/arm/mach-omap2/built-in.o
                0x00000000402f0b98                config_ddr_phy
 .text.config_cmd_ctrl
                0x00000000402f0d50       0x44 arch/arm/mach-omap2/built-in.o
                0x00000000402f0d50                config_cmd_ctrl
 .text.config_ddr_data
                0x00000000402f0d94       0x4c arch/arm/mach-omap2/built-in.o
                0x00000000402f0d94                config_ddr_data
 .text.config_io_ctrl
                0x00000000402f0de0       0x34 arch/arm/mach-omap2/built-in.o
                0x00000000402f0de0                config_io_ctrl
 .text.ddr_pll_config
                0x00000000402f0e14        0x2 arch/arm/mach-omap2/built-in.o
                0x00000000402f0e14                ddr_pll_config
 *fill*         0x00000000402f0e16        0x2 
 .text.config_ddr
                0x00000000402f0e18       0xb4 arch/arm/mach-omap2/built-in.o
                0x00000000402f0e18                config_ddr
 .text.dram_init_banksize
                0x00000000402f0ecc       0x18 arch/arm/mach-omap2/built-in.o
                0x00000000402f0ecc                dram_init_banksize
 .text.arch_misc_init
                0x00000000402f0ee4        0x4 arch/arm/mach-omap2/built-in.o
                0x00000000402f0ee4                arch_misc_init
 .text.board_early_init_f
                0x00000000402f0ee8        0xe arch/arm/mach-omap2/built-in.o
                0x00000000402f0ee8                board_early_init_f
 .text.am33xx_spl_board_init
                0x00000000402f0ef6        0x2 arch/arm/mach-omap2/built-in.o
                0x00000000402f0ef6                am33xx_spl_board_init
 .text.s_init   0x00000000402f0ef8        0x2 arch/arm/mach-omap2/built-in.o
                0x00000000402f0ef8                s_init
 *fill*         0x00000000402f0efa        0x2 
 .text.early_system_init
                0x00000000402f0efc       0x9c arch/arm/mach-omap2/built-in.o
                0x00000000402f0efc                early_system_init
 .text.board_init_f
                0x00000000402f0f98       0x24 arch/arm/mach-omap2/built-in.o
                0x00000000402f0f98                board_init_f
 .text.configure_module_pin_mux
                0x00000000402f0fbc       0x20 arch/arm/mach-omap2/built-in.o
                0x00000000402f0fbc                configure_module_pin_mux
 .text.hw_data_init
                0x00000000402f0fdc       0x14 arch/arm/mach-omap2/built-in.o
                0x00000000402f0fdc                hw_data_init
 .text.reset_cpu
                0x00000000402f0ff0       0x10 arch/arm/mach-omap2/built-in.o
                0x00000000402f0ff0                reset_cpu
 .text.get_timer_masked
                0x00000000402f1000       0x58 arch/arm/mach-omap2/built-in.o
 .text.timer_init
                0x00000000402f1058       0x18 arch/arm/mach-omap2/built-in.o
                0x00000000402f1058                timer_init
 .text.get_timer
                0x00000000402f1070        0xc arch/arm/mach-omap2/built-in.o
                0x00000000402f1070                get_timer
 .text.__udelay
                0x00000000402f107c       0x34 arch/arm/mach-omap2/built-in.o
                0x00000000402f107c                __udelay
 .text.save_omap_boot_params
                0x00000000402f10b0       0x5c arch/arm/mach-omap2/built-in.o
                0x00000000402f10b0                save_omap_boot_params
 .text.spl_boot_device
                0x00000000402f110c        0x6 arch/arm/mach-omap2/built-in.o
                0x00000000402f110c                spl_boot_device
 .text.spl_mmc_boot_mode
                0x00000000402f1112        0x6 arch/arm/mach-omap2/built-in.o
                0x00000000402f1112                spl_mmc_boot_mode
 .text.spl_board_init
                0x00000000402f1118       0x1a arch/arm/mach-omap2/built-in.o
                0x00000000402f1118                spl_board_init
 *fill*         0x00000000402f1132        0x2 
 .text.jump_to_image_no_args
                0x00000000402f1134       0x10 arch/arm/mach-omap2/built-in.o
                0x00000000402f1134                jump_to_image_no_args
 .text.enable_gpmc_cs_config
                0x00000000402f1144       0x6c arch/arm/mach-omap2/built-in.o
                0x00000000402f1144                enable_gpmc_cs_config
 .text.set_gpmc_cs0
                0x00000000402f11b0       0x4c arch/arm/mach-omap2/built-in.o
                0x00000000402f11b0                set_gpmc_cs0
 .text.gpmc_init
                0x00000000402f11fc       0x50 arch/arm/mach-omap2/built-in.o
                0x00000000402f11fc                gpmc_init
 .text          0x00000000402f124c      0x158 arch/arm/cpu/armv7/built-in.o
                0x00000000402f124c                __v7_flush_dcache_all
                0x00000000402f12e8                v7_flush_dcache_all
                0x00000000402f12f8                __v7_invalidate_dcache_all
                0x00000000402f1394                v7_invalidate_dcache_all
 .text.invalidate_icache_all
                0x00000000402f13a4       0x14 arch/arm/cpu/armv7/built-in.o
                0x00000000402f13a4                invalidate_icache_all
 .text.v7_outer_cache_disable
                0x00000000402f13b8        0x2 arch/arm/cpu/armv7/built-in.o
                0x00000000402f13b8                v7_outer_cache_disable
 .text.v7_outer_cache_flush_all
                0x00000000402f13ba        0x2 arch/arm/cpu/armv7/built-in.o
                0x00000000402f13ba                v7_outer_cache_flush_all
 .text.flush_dcache_all
                0x00000000402f13bc        0xe arch/arm/cpu/armv7/built-in.o
                0x00000000402f13bc                flush_dcache_all
 .text.v7_outer_cache_inval_all
                0x00000000402f13ca        0x2 arch/arm/cpu/armv7/built-in.o
                0x00000000402f13ca                v7_outer_cache_inval_all
 .text.invalidate_dcache_all
                0x00000000402f13cc        0xe arch/arm/cpu/armv7/built-in.o
                0x00000000402f13cc                invalidate_dcache_all
 .text.v7_outer_cache_flush_range
                0x00000000402f13da        0x2 arch/arm/cpu/armv7/built-in.o
                0x00000000402f13da                v7_outer_cache_flush_range
 .text.flush_dcache_range
                0x00000000402f13dc       0x38 arch/arm/cpu/armv7/built-in.o
                0x00000000402f13dc                flush_dcache_range
 .text.v7_outer_cache_inval_range
                0x00000000402f1414        0x2 arch/arm/cpu/armv7/built-in.o
                0x00000000402f1414                v7_outer_cache_inval_range
 .text.invalidate_dcache_range
                0x00000000402f1416       0x42 arch/arm/cpu/armv7/built-in.o
                0x00000000402f1416                invalidate_dcache_range
 .text.cpu_cache_initialization
                0x00000000402f1458        0x2 arch/arm/cpu/armv7/built-in.o
                0x00000000402f1458                cpu_cache_initialization
 .text.cleanup_before_linux_select
                0x00000000402f145a       0x38 arch/arm/cpu/armv7/built-in.o
                0x00000000402f145a                cleanup_before_linux_select
 .text.cleanup_before_linux
                0x00000000402f1492        0x6 arch/arm/cpu/armv7/built-in.o
                0x00000000402f1492                cleanup_before_linux
 .text.v7_arch_cp15_set_acr
                0x00000000402f1498        0x6 arch/arm/cpu/armv7/built-in.o
                0x00000000402f1498                v7_arch_cp15_set_acr
 .text.sdelay   0x00000000402f149e        0x6 arch/arm/cpu/armv7/built-in.o
                0x00000000402f149e                sdelay
 .text.wait_on_value
                0x00000000402f14a4       0x1e arch/arm/cpu/armv7/built-in.o
                0x00000000402f14a4                wait_on_value
 *fill*         0x00000000402f14c2        0x2 
 .text.lowlevel_init
                0x00000000402f14c4       0x1c arch/arm/cpu/armv7/built-in.o
                0x00000000402f14c4                lowlevel_init
 .text          0x00000000402f14e0      0x404 arch/arm/lib/built-in.o
                0x00000000402f14e0                _main
                0x00000000402f1560                memset
                0x00000000402f1600                memcpy
 .text.jump_to_image_linux
                0x00000000402f18e4       0x14 arch/arm/lib/built-in.o
                0x00000000402f18e4                jump_to_image_linux
 .text.bootz_setup
                0x00000000402f18f8       0x78 arch/arm/lib/built-in.o
                0x00000000402f18f8                bootz_setup
 .text.arch_fixup_fdt
                0x00000000402f1970       0x3a arch/arm/lib/built-in.o
                0x00000000402f1970                arch_fixup_fdt
 .text.disable_interrupts
                0x00000000402f19aa        0x4 arch/arm/lib/built-in.o
                0x00000000402f19aa                disable_interrupts
 .text.reset_misc
                0x00000000402f19ae        0x2 arch/arm/lib/built-in.o
                0x00000000402f19ae                reset_misc
 .text.do_reset
                0x00000000402f19b0       0x28 arch/arm/lib/built-in.o
                0x00000000402f19b0                do_reset
 .text.check_cache_range
                0x00000000402f19d8        0xe arch/arm/lib/built-in.o
                0x00000000402f19d8                check_cache_range
 .text.icache_enable
                0x00000000402f19e6       0x12 arch/arm/lib/built-in.o
                0x00000000402f19e6                icache_enable
 .text.icache_disable
                0x00000000402f19f8       0x16 arch/arm/lib/built-in.o
                0x00000000402f19f8                icache_disable
 .text.dcache_disable
                0x00000000402f1a0e       0x20 arch/arm/lib/built-in.o
                0x00000000402f1a0e                dcache_disable
 *fill*         0x00000000402f1a2e        0x2 
 .text.enable_uart0_pin_mux
                0x00000000402f1a30        0xc board/ti/am335x/built-in.o
                0x00000000402f1a30                enable_uart0_pin_mux
 .text.enable_i2c0_pin_mux
                0x00000000402f1a3c        0xc board/ti/am335x/built-in.o
                0x00000000402f1a3c                enable_i2c0_pin_mux
 .text.enable_board_pin_mux
                0x00000000402f1a48      0x198 board/ti/am335x/built-in.o
                0x00000000402f1a48                enable_board_pin_mux
 .text.bone_not_connected_to_ac_power.part.0
                0x00000000402f1be0       0x28 board/ti/am335x/built-in.o
 .text.do_board_detect
                0x00000000402f1c08       0x20 board/ti/am335x/built-in.o
                0x00000000402f1c08                do_board_detect
 .text.spl_start_uboot
                0x00000000402f1c28       0x30 board/ti/am335x/built-in.o
                0x00000000402f1c28                spl_start_uboot
 .text.get_dpll_ddr_params
                0x00000000402f1c58       0x90 board/ti/am335x/built-in.o
                0x00000000402f1c58                get_dpll_ddr_params
 .text.get_dpll_mpu_params
                0x00000000402f1ce8       0xb4 board/ti/am335x/built-in.o
                0x00000000402f1ce8                get_dpll_mpu_params
 .text.scale_vcores_generic
                0x00000000402f1d9c       0x40 board/ti/am335x/built-in.o
                0x00000000402f1d9c                scale_vcores_generic
 .text.gpi2c_init
                0x00000000402f1ddc       0x18 board/ti/am335x/built-in.o
                0x00000000402f1ddc                gpi2c_init
 .text.scale_vcores
                0x00000000402f1df4      0x160 board/ti/am335x/built-in.o
                0x00000000402f1df4                scale_vcores
 .text.set_uart_mux_conf
                0x00000000402f1f54        0x4 board/ti/am335x/built-in.o
                0x00000000402f1f54                set_uart_mux_conf
 .text.set_mux_conf_regs
                0x00000000402f1f58        0x4 board/ti/am335x/built-in.o
                0x00000000402f1f58                set_mux_conf_regs
 .text.sdram_init
                0x00000000402f1f5c      0x16c board/ti/am335x/built-in.o
                0x00000000402f1f5c                sdram_init
 .text.board_fit_config_name_match
                0x00000000402f20c8      0x10c board/ti/am335x/built-in.o
                0x00000000402f20c8                board_fit_config_name_match
 .text.ti_eeprom_string_cleanup
                0x00000000402f21d4       0x22 board/ti/common/built-in.o
 .text.ti_i2c_eeprom_get
                0x00000000402f21f6       0x7c board/ti/common/built-in.o
 *fill*         0x00000000402f2272        0x2 
 .text.ti_i2c_eeprom_am_get
                0x00000000402f2274       0xc0 board/ti/common/built-in.o
                0x00000000402f2274                ti_i2c_eeprom_am_get
 .text.board_ti_is
                0x00000000402f2334       0x30 board/ti/common/built-in.o
                0x00000000402f2334                board_ti_is
 .text.board_ti_get_rev
                0x00000000402f2364        0x8 board/ti/common/built-in.o
                0x00000000402f2364                board_ti_get_rev
 .text.board_ti_get_config
                0x00000000402f236c        0x8 board/ti/common/built-in.o
                0x00000000402f236c                board_ti_get_config
 .text.show_boot_progress
                0x00000000402f2374        0x2 common/spl/built-in.o
                0x00000000402f2374                show_boot_progress
 .text.spl_perform_fixups
                0x00000000402f2376        0x2 common/spl/built-in.o
                0x00000000402f2376                spl_perform_fixups
 .text.spl_fixup_fdt
                0x00000000402f2378       0x4c common/spl/built-in.o
                0x00000000402f2378                spl_fixup_fdt
 .text.spl_board_prepare_for_linux
                0x00000000402f23c4        0x2 common/spl/built-in.o
                0x00000000402f23c4                spl_board_prepare_for_linux
 .text.spl_board_prepare_for_boot
                0x00000000402f23c6        0x2 common/spl/built-in.o
                0x00000000402f23c6                spl_board_prepare_for_boot
 .text.spl_get_load_buffer
                0x00000000402f23c8        0x6 common/spl/built-in.o
                0x00000000402f23c8                spl_get_load_buffer
 *fill*         0x00000000402f23ce        0x2 
 .text.spl_set_header_raw_uboot
                0x00000000402f23d0       0x20 common/spl/built-in.o
                0x00000000402f23d0                spl_set_header_raw_uboot
 .text.spl_parse_legacy_header
                0x00000000402f23f0        0x6 common/spl/built-in.o
                0x00000000402f23f0                spl_parse_legacy_header
 *fill*         0x00000000402f23f6        0x2 
 .text.spl_parse_image_header
                0x00000000402f23f8       0x50 common/spl/built-in.o
                0x00000000402f23f8                spl_parse_image_header
 .text.spl_set_bd
                0x00000000402f2448       0x14 common/spl/built-in.o
                0x00000000402f2448                spl_set_bd
 .text.spl_early_init
                0x00000000402f245c       0x2c common/spl/built-in.o
                0x00000000402f245c                spl_early_init
 .text.spl_init
                0x00000000402f2488       0x2c common/spl/built-in.o
                0x00000000402f2488                spl_init
 .text.board_boot_order
                0x00000000402f24b4        0xc common/spl/built-in.o
                0x00000000402f24b4                board_boot_order
 .text.board_init_r
                0x00000000402f24c0      0x100 common/spl/built-in.o
                0x00000000402f24c0                board_init_r
 .text.preloader_console_init
                0x00000000402f25c0       0x24 common/spl/built-in.o
                0x00000000402f25c0                preloader_console_init
 .text.spl_relocate_stack_gd
                0x00000000402f25e4       0x34 common/spl/built-in.o
                0x00000000402f25e4                spl_relocate_stack_gd
 .text.spl_fit_get_image_node
                0x00000000402f2618       0xb0 common/spl/built-in.o
 .text.spl_load_fit_image
                0x00000000402f26c8      0x148 common/spl/built-in.o
 .text.spl_fit_append_fdt
                0x00000000402f2810       0x64 common/spl/built-in.o
 .text.board_spl_fit_size_align
                0x00000000402f2874        0x2 common/spl/built-in.o
                0x00000000402f2874                board_spl_fit_size_align
 .text.spl_load_simple_fit_skip_processing
                0x00000000402f2876        0x4 common/spl/built-in.o
                0x00000000402f2876                spl_load_simple_fit_skip_processing
 *fill*         0x00000000402f287a        0x2 
 .text.spl_load_simple_fit
                0x00000000402f287c      0x1a4 common/spl/built-in.o
                0x00000000402f287c                spl_load_simple_fit
 .text.ymodem_read_fit
                0x00000000402f2a20       0x94 common/spl/built-in.o
 .text.getcymodem
                0x00000000402f2ab4       0x16 common/spl/built-in.o
 *fill*         0x00000000402f2aca        0x2 
 .text.spl_ymodem_load_image
                0x00000000402f2acc       0xf0 common/spl/built-in.o
                0x00000000402f2acc                spl_ymodem_load_image
 .text.spl_nand_fit_read
                0x00000000402f2bbc       0x26 common/spl/built-in.o
 .text.spl_nand_get_uboot_raw_page
                0x00000000402f2be2        0x6 common/spl/built-in.o
                0x00000000402f2be2                spl_nand_get_uboot_raw_page
 .text.spl_nand_load_image
                0x00000000402f2be8       0xec common/spl/built-in.o
 .text.spl_net_load_read
                0x00000000402f2cd4       0x18 common/spl/built-in.o
 .text.spl_net_load_image.isra.0
                0x00000000402f2cec       0xa8 common/spl/built-in.o
 .text.spl_net_load_image_cpgmac
                0x00000000402f2d94        0x6 common/spl/built-in.o
                0x00000000402f2d94                spl_net_load_image_cpgmac
 *fill*         0x00000000402f2d9a        0x2 
 .text.spl_net_load_image_usb
                0x00000000402f2d9c       0x20 common/spl/built-in.o
                0x00000000402f2d9c                spl_net_load_image_usb
 .text.h_spl_load_read
                0x00000000402f2dbc       0x1c common/spl/built-in.o
 .text.mmc_load_image_raw_sector
                0x00000000402f2dd8       0xa8 common/spl/built-in.o
 .text.spl_mmc_get_uboot_raw_sector
                0x00000000402f2e80        0x4 common/spl/built-in.o
                0x00000000402f2e80                spl_mmc_get_uboot_raw_sector
 .text.spl_mmc_load
                0x00000000402f2e84      0x178 common/spl/built-in.o
                0x00000000402f2e84                spl_mmc_load
 .text.spl_mmc_load_image
                0x00000000402f2ffc       0x1c common/spl/built-in.o
                0x00000000402f2ffc                spl_mmc_load_image
 .text.spl_fit_read
                0x00000000402f3018       0x20 common/spl/built-in.o
 .text.spl_load_image_fat
                0x00000000402f3038       0xb8 common/spl/built-in.o
                0x00000000402f3038                spl_load_image_fat
 .text.spl_load_image_fat_os
                0x00000000402f30f0       0xe4 common/spl/built-in.o
                0x00000000402f30f0                spl_load_image_fat_os
 .text.board_init_f_alloc_reserve
                0x00000000402f31d4        0xa common/init/built-in.o
                0x00000000402f31d4                board_init_f_alloc_reserve
 .text.board_init_f_init_reserve
                0x00000000402f31de       0x14 common/init/built-in.o
                0x00000000402f31de                board_init_f_init_reserve
 .text.CYGACC_COMM_IF_GETC_TIMEOUT.isra.0
                0x00000000402f31f2       0x32 common/built-in.o
 .text.xyzModem_flush
                0x00000000402f3224       0x14 common/built-in.o
 .text.xyzModem_get_hdr
                0x00000000402f3238      0x168 common/built-in.o
 .text.xyzModem_stream_open
                0x00000000402f33a0      0x16c common/built-in.o
                0x00000000402f33a0                xyzModem_stream_open
 .text.xyzModem_stream_read
                0x00000000402f350c      0x1a8 common/built-in.o
                0x00000000402f350c                xyzModem_stream_read
 .text.xyzModem_stream_close
                0x00000000402f36b4       0x40 common/built-in.o
                0x00000000402f36b4                xyzModem_stream_close
 .text.xyzModem_stream_terminate
                0x00000000402f36f4       0x68 common/built-in.o
                0x00000000402f36f4                xyzModem_stream_terminate
 .text.xyzModem_error
                0x00000000402f375c       0x18 common/built-in.o
                0x00000000402f375c                xyzModem_error
 .text.fit_find_config_node
                0x00000000402f3774       0xa0 common/built-in.o
                0x00000000402f3774                fit_find_config_node
 .text.miiphy_get_dev_by_name
                0x00000000402f3814       0x34 common/built-in.o
                0x00000000402f3814                miiphy_get_dev_by_name
 .text.miiphy_init
                0x00000000402f3848       0x18 common/built-in.o
                0x00000000402f3848                miiphy_init
 .text.mdio_alloc
                0x00000000402f3860       0x1c common/built-in.o
                0x00000000402f3860                mdio_alloc
 .text.mdio_free
                0x00000000402f387c        0x2 common/built-in.o
                0x00000000402f387c                mdio_free
 *fill*         0x00000000402f387e        0x2 
 .text.mdio_register
                0x00000000402f3880       0x4c common/built-in.o
                0x00000000402f3880                mdio_register
 .text.fdt_pack_reg
                0x00000000402f38cc       0x92 common/built-in.o
 *fill*         0x00000000402f395e        0x2 
 .text.fdt_find_or_add_subnode
                0x00000000402f3960       0x40 common/built-in.o
                0x00000000402f3960                fdt_find_or_add_subnode
 .text.fdt_fixup_memory_banks
                0x00000000402f39a0       0xe8 common/built-in.o
                0x00000000402f39a0                fdt_fixup_memory_banks
 .text.fdt_shrink_to_minimum
                0x00000000402f3a88       0x8e common/built-in.o
                0x00000000402f3a88                fdt_shrink_to_minimum
 *fill*         0x00000000402f3b16        0x2 
 .text.usb_find_usb2_hub_address_port
                0x00000000402f3b18       0x4c common/built-in.o
                0x00000000402f3b18                usb_find_usb2_hub_address_port
 .text.console_puts_select.part.0
                0x00000000402f3b64       0x10 common/built-in.o
 .text.fgetc.part.0
                0x00000000402f3b74       0x2c common/built-in.o
 .text.getchar  0x00000000402f3ba0       0x1a common/built-in.o
                0x00000000402f3ba0                getchar
 *fill*         0x00000000402f3bba        0x2 
 .text.putc     0x00000000402f3bbc       0x28 common/built-in.o
                0x00000000402f3bbc                putc
 .text.puts     0x00000000402f3be4       0x22 common/built-in.o
                0x00000000402f3be4                puts
 *fill*         0x00000000402f3c06        0x2 
 .text.ftstc    0x00000000402f3c08       0x18 common/built-in.o
                0x00000000402f3c08                ftstc
 .text.tstc     0x00000000402f3c20       0x1a common/built-in.o
                0x00000000402f3c20                tstc
 *fill*         0x00000000402f3c3a        0x2 
 .text.ctrlc    0x00000000402f3c3c       0x34 common/built-in.o
                0x00000000402f3c3c                ctrlc
 .text.mem_malloc_init
                0x00000000402f3c70       0x28 common/built-in.o
                0x00000000402f3c70                mem_malloc_init
 .text.alloc_simple
                0x00000000402f3c98       0x40 common/built-in.o
 .text.malloc_simple
                0x00000000402f3cd8        0x6 common/built-in.o
                0x00000000402f3cd8                malloc_simple
 .text.memalign_simple
                0x00000000402f3cde        0xa common/built-in.o
                0x00000000402f3cde                memalign_simple
 .text.calloc   0x00000000402f3ce8       0x1c common/built-in.o
                0x00000000402f3ce8                calloc
 .text.get_table_entry_id
                0x00000000402f3d04       0x26 common/built-in.o
                0x00000000402f3d04                get_table_entry_id
 *fill*         0x00000000402f3d2a        0x2 
 .text.genimg_get_os_id
                0x00000000402f3d2c       0x14 common/built-in.o
                0x00000000402f3d2c                genimg_get_os_id
 .text.boot_fdt_add_mem_rsv_regions
                0x00000000402f3d40       0xfc common/built-in.o
                0x00000000402f3d40                boot_fdt_add_mem_rsv_regions
 .text.fit_image_get_address
                0x00000000402f3e3c       0x48 common/built-in.o
 .text.fit_image_get_os
                0x00000000402f3e84       0x28 common/built-in.o
                0x00000000402f3e84                fit_image_get_os
 .text.fit_image_get_load
                0x00000000402f3eac        0xc common/built-in.o
                0x00000000402f3eac                fit_image_get_load
 .text.fit_image_get_entry
                0x00000000402f3eb8        0xc common/built-in.o
                0x00000000402f3eb8                fit_image_get_entry
 .text.fit_image_get_data
                0x00000000402f3ec4       0x28 common/built-in.o
                0x00000000402f3ec4                fit_image_get_data
 .text.fit_image_get_data_offset
                0x00000000402f3eec       0x24 common/built-in.o
                0x00000000402f3eec                fit_image_get_data_offset
 .text.fit_image_get_data_position
                0x00000000402f3f10       0x24 common/built-in.o
                0x00000000402f3f10                fit_image_get_data_position
 .text.fit_image_get_data_size
                0x00000000402f3f34       0x24 common/built-in.o
                0x00000000402f3f34                fit_image_get_data_size
 .text.get_ram_size
                0x00000000402f3f58       0x9e common/built-in.o
                0x00000000402f3f58                get_ram_size
 *fill*         0x00000000402f3ff6        0x2 
 .text._do_env_set.isra.0.constprop.0
                0x00000000402f3ff8       0xfc cmd/built-in.o
 .text.env_get_id
                0x00000000402f40f4        0xc cmd/built-in.o
                0x00000000402f40f4                env_get_id
 .text.env_set  0x00000000402f4100       0x38 cmd/built-in.o
                0x00000000402f4100                env_set
 .text.env_set_hex
                0x00000000402f4138       0x20 cmd/built-in.o
                0x00000000402f4138                env_set_hex
 .text.env_match
                0x00000000402f4158       0x48 cmd/built-in.o
                0x00000000402f4158                env_match
 .text.env_get_f
                0x00000000402f41a0       0x84 cmd/built-in.o
                0x00000000402f41a0                env_get_f
 .text.env_get  0x00000000402f4224       0x54 cmd/built-in.o
                0x00000000402f4224                env_get
 .text.eth_env_get_enetaddr
                0x00000000402f4278       0x34 cmd/built-in.o
                0x00000000402f4278                eth_env_get_enetaddr
 .text.eth_env_set_enetaddr
                0x00000000402f42ac       0x30 cmd/built-in.o
                0x00000000402f42ac                eth_env_set_enetaddr
 .text.env_get_ulong
                0x00000000402f42dc       0x1c cmd/built-in.o
                0x00000000402f42dc                env_get_ulong
 .text.env_get_yesno
                0x00000000402f42f8       0x2a env/built-in.o
                0x00000000402f42f8                env_get_yesno
 .text.env_get_default
                0x00000000402f4322       0x2a env/built-in.o
                0x00000000402f4322                env_get_default
 .text.env_set_default
                0x00000000402f434c       0x58 env/built-in.o
                0x00000000402f434c                env_set_default
 .text.env_relocate
                0x00000000402f43a4       0x10 env/built-in.o
                0x00000000402f43a4                env_relocate
 .text.env_get_location
                0x00000000402f43b4        0xa env/built-in.o
                0x00000000402f43b4                env_get_location
 *fill*         0x00000000402f43be        0x2 
 .text.env_driver_lookup
                0x00000000402f43c0       0x30 env/built-in.o
 .text.env_get_char_spec
                0x00000000402f43f0        0x8 env/built-in.o
                0x00000000402f43f0                env_get_char_spec
 .text.env_get_char
                0x00000000402f43f8       0x14 env/built-in.o
                0x00000000402f43f8                env_get_char
 .text.env_load
                0x00000000402f440c       0x68 env/built-in.o
                0x00000000402f440c                env_load
 .text.env_init
                0x00000000402f4474       0x6c env/built-in.o
                0x00000000402f4474                env_init
 .text.regex_callback
                0x00000000402f44e0       0xc4 env/built-in.o
 .text.env_attr_walk
                0x00000000402f45a4       0xa4 env/built-in.o
                0x00000000402f45a4                env_attr_walk
 .text.env_attr_lookup
                0x00000000402f4648       0x40 env/built-in.o
                0x00000000402f4648                env_attr_lookup
 .text.skip_num
                0x00000000402f4688       0x3c env/built-in.o
 .text.env_flags_parse_vartype
                0x00000000402f46c4       0x30 env/built-in.o
                0x00000000402f46c4                env_flags_parse_vartype
 .text.env_flags_parse_varaccess
                0x00000000402f46f4       0x30 env/built-in.o
                0x00000000402f46f4                env_flags_parse_varaccess
 .text.eth_validate_ethaddr_str
                0x00000000402f4724       0x52 env/built-in.o
                0x00000000402f4724                eth_validate_ethaddr_str
 *fill*         0x00000000402f4776        0x2 
 .text.env_flags_init
                0x00000000402f4778       0x90 env/built-in.o
                0x00000000402f4778                env_flags_init
 .text.env_flags_validate
                0x00000000402f4808      0x188 env/built-in.o
                0x00000000402f4808                env_flags_validate
 .text.env_nowhere_init
                0x00000000402f4990       0x14 env/built-in.o
 .text.env_nowhere_load
                0x00000000402f49a4        0x8 env/built-in.o
 .text.fdt_check_header
                0x00000000402f49ac       0x14 lib/built-in.o
                0x00000000402f49ac                fdt_check_header
 .text.fdt_offset_ptr
                0x00000000402f49c0       0x20 lib/built-in.o
                0x00000000402f49c0                fdt_offset_ptr
 .text.fdt_next_tag
                0x00000000402f49e0       0x70 lib/built-in.o
                0x00000000402f49e0                fdt_next_tag
 .text.fdt_check_node_offset_
                0x00000000402f4a50       0x24 lib/built-in.o
                0x00000000402f4a50                fdt_check_node_offset_
 .text.fdt_check_prop_offset_
                0x00000000402f4a74       0x24 lib/built-in.o
                0x00000000402f4a74                fdt_check_prop_offset_
 .text.fdt_next_node
                0x00000000402f4a98       0x6e lib/built-in.o
                0x00000000402f4a98                fdt_next_node
 .text.fdt_first_subnode
                0x00000000402f4b06       0x26 lib/built-in.o
                0x00000000402f4b06                fdt_first_subnode
 .text.fdt_next_subnode
                0x00000000402f4b2c       0x2a lib/built-in.o
                0x00000000402f4b2c                fdt_next_subnode
 .text.fdt_find_string_
                0x00000000402f4b56       0x30 lib/built-in.o
                0x00000000402f4b56                fdt_find_string_
 .text.fdt_mem_rsv
                0x00000000402f4b86        0xc lib/built-in.o
 .text.fdt_get_property_by_offset_
                0x00000000402f4b92       0x12 lib/built-in.o
 .text.nextprop_
                0x00000000402f4ba4       0x32 lib/built-in.o
 .text.fdt_supernode_atdepth_offset.part.0
                0x00000000402f4bd6       0x48 lib/built-in.o
 .text.fdt_get_string
                0x00000000402f4c1e       0x1a lib/built-in.o
                0x00000000402f4c1e                fdt_get_string
 .text.fdt_get_mem_rsv
                0x00000000402f4c38       0x24 lib/built-in.o
                0x00000000402f4c38                fdt_get_mem_rsv
 .text.fdt_num_mem_rsv
                0x00000000402f4c5c       0x28 lib/built-in.o
                0x00000000402f4c5c                fdt_num_mem_rsv
 .text.fdt_get_name
                0x00000000402f4c84       0x1c lib/built-in.o
                0x00000000402f4c84                fdt_get_name
 .text.fdt_subnode_offset_namelen
                0x00000000402f4ca0       0x72 lib/built-in.o
                0x00000000402f4ca0                fdt_subnode_offset_namelen
 .text.fdt_subnode_offset
                0x00000000402f4d12       0x1e lib/built-in.o
                0x00000000402f4d12                fdt_subnode_offset
 .text.fdt_first_property_offset
                0x00000000402f4d30       0x18 lib/built-in.o
                0x00000000402f4d30                fdt_first_property_offset
 .text.fdt_next_property_offset
                0x00000000402f4d48       0x18 lib/built-in.o
                0x00000000402f4d48                fdt_next_property_offset
 .text.fdt_get_property_namelen_
                0x00000000402f4d60       0x6e lib/built-in.o
 .text.fdt_get_property_namelen
                0x00000000402f4dce       0x12 lib/built-in.o
                0x00000000402f4dce                fdt_get_property_namelen
 .text.fdt_get_property
                0x00000000402f4de0       0x22 lib/built-in.o
                0x00000000402f4de0                fdt_get_property
 .text.fdt_getprop_namelen
                0x00000000402f4e02       0x16 lib/built-in.o
                0x00000000402f4e02                fdt_getprop_namelen
 .text.fdt_getprop
                0x00000000402f4e18       0x22 lib/built-in.o
                0x00000000402f4e18                fdt_getprop
 *fill*         0x00000000402f4e3a        0x2 
 .text.fdt_get_alias_namelen
                0x00000000402f4e3c       0x2c lib/built-in.o
                0x00000000402f4e3c                fdt_get_alias_namelen
 .text.fdt_path_offset_namelen
                0x00000000402f4e68       0x88 lib/built-in.o
                0x00000000402f4e68                fdt_path_offset_namelen
 .text.fdt_path_offset
                0x00000000402f4ef0       0x1a lib/built-in.o
                0x00000000402f4ef0                fdt_path_offset
 .text.fdt_supernode_atdepth_offset
                0x00000000402f4f0a        0xe lib/built-in.o
                0x00000000402f4f0a                fdt_supernode_atdepth_offset
 .text.fdt_node_depth
                0x00000000402f4f18       0x14 lib/built-in.o
                0x00000000402f4f18                fdt_node_depth
 .text.fdt_parent_offset
                0x00000000402f4f2c       0x20 lib/built-in.o
                0x00000000402f4f2c                fdt_parent_offset
 .text.fdt_strerror
                0x00000000402f4f4c       0x3c lib/built-in.o
                0x00000000402f4f4c                fdt_strerror
 .text.fdt_splice_
                0x00000000402f4f88       0x4a lib/built-in.o
 .text.fdt_splice_mem_rsv_
                0x00000000402f4fd2       0x2e lib/built-in.o
 .text.fdt_splice_struct_
                0x00000000402f5000       0x26 lib/built-in.o
 .text.fdt_add_property_
                0x00000000402f5026       0xc0 lib/built-in.o
 .text.fdt_add_mem_rsv
                0x00000000402f50e6       0x46 lib/built-in.o
                0x00000000402f50e6                fdt_add_mem_rsv
 .text.fdt_del_mem_rsv
                0x00000000402f512c       0x2e lib/built-in.o
                0x00000000402f512c                fdt_del_mem_rsv
 .text.fdt_setprop_placeholder
                0x00000000402f515a       0x62 lib/built-in.o
                0x00000000402f515a                fdt_setprop_placeholder
 .text.fdt_setprop
                0x00000000402f51bc       0x26 lib/built-in.o
                0x00000000402f51bc                fdt_setprop
 .text.fdt_add_subnode_namelen
                0x00000000402f51e2       0x88 lib/built-in.o
                0x00000000402f51e2                fdt_add_subnode_namelen
 .text.fdt_add_subnode
                0x00000000402f526a       0x1e lib/built-in.o
                0x00000000402f526a                fdt_add_subnode
 .text.fdt_cells
                0x00000000402f5288       0x2a lib/built-in.o
 *fill*         0x00000000402f52b2        0x2 
 .text.fdt_address_cells
                0x00000000402f52b4       0x1c lib/built-in.o
                0x00000000402f52b4                fdt_address_cells
 .text.fdt_size_cells
                0x00000000402f52d0       0x18 lib/built-in.o
                0x00000000402f52d0                fdt_size_cells
 .text.crc16_ccitt
                0x00000000402f52e8       0x24 lib/built-in.o
                0x00000000402f52e8                crc16_ccitt
 .text.string_to_ip
                0x00000000402f530c       0x48 lib/built-in.o
                0x00000000402f530c                string_to_ip
 .text.string_to_enetaddr
                0x00000000402f5354       0x32 lib/built-in.o
                0x00000000402f5354                string_to_enetaddr
 .text.compute_ip_checksum
                0x00000000402f5386       0x48 lib/built-in.o
                0x00000000402f5386                compute_ip_checksum
 .text.ip_checksum_ok
                0x00000000402f53ce       0x14 lib/built-in.o
                0x00000000402f53ce                ip_checksum_ok
 .text.drop_var_from_set.part.0
                0x00000000402f53e2       0x30 lib/built-in.o
 *fill*         0x00000000402f5412        0x2 
 .text.hcreate_r
                0x00000000402f5414       0x5c lib/built-in.o
                0x00000000402f5414                hcreate_r
 .text.hdestroy_r
                0x00000000402f5470       0x14 lib/built-in.o
                0x00000000402f5470                hdestroy_r
 .text.hsearch_r
                0x00000000402f5484      0x224 lib/built-in.o
                0x00000000402f5484                hsearch_r
 .text.hdelete_r
                0x00000000402f56a8       0x74 lib/built-in.o
                0x00000000402f56a8                hdelete_r
 .text.himport_r
                0x00000000402f571c      0x238 lib/built-in.o
                0x00000000402f571c                himport_r
 .text.print_size
                0x00000000402f5954      0x118 lib/built-in.o
                0x00000000402f5954                print_size
 .text.__div64_32
                0x00000000402f5a6c       0x90 lib/built-in.o
                0x00000000402f5a6c                __div64_32
 .text.get_prop_check_min_len
                0x00000000402f5afc       0x26 lib/built-in.o
 *fill*         0x00000000402f5b22        0x2 
 .text.fdtdec_get_is_enabled
                0x00000000402f5b24       0x28 lib/built-in.o
                0x00000000402f5b24                fdtdec_get_is_enabled
 .text.fdtdec_locate_byte_array
                0x00000000402f5b4c       0x16 lib/built-in.o
                0x00000000402f5b4c                fdtdec_locate_byte_array
 .text.fdtdec_get_number
                0x00000000402f5b62       0x1a lib/built-in.o
                0x00000000402f5b62                fdtdec_get_number
 .text.fdt_get_resource
                0x00000000402f5b7c       0x94 lib/built-in.o
                0x00000000402f5b7c                fdt_get_resource
 .text.hang     0x00000000402f5c10       0x18 lib/built-in.o
                0x00000000402f5c10                hang
 .text.kmalloc  0x00000000402f5c28       0x28 lib/built-in.o
                0x00000000402f5c28                kmalloc
 .text.skip_spaces
                0x00000000402f5c50       0x18 lib/built-in.o
                0x00000000402f5c50                skip_spaces
 .text.strim    0x00000000402f5c68       0x34 lib/built-in.o
                0x00000000402f5c68                strim
 .text.lmb_overlaps_region
                0x00000000402f5c9c       0x2c lib/built-in.o
 .text.lmb_add_region
                0x00000000402f5cc8      0x100 lib/built-in.o
 .text.lmb_add  0x00000000402f5dc8        0x4 lib/built-in.o
                0x00000000402f5dc8                lmb_add
 .text.lmb_reserve
                0x00000000402f5dcc        0x6 lib/built-in.o
                0x00000000402f5dcc                lmb_reserve
 .text.lmb_get_free_size
                0x00000000402f5dd2       0x48 lib/built-in.o
                0x00000000402f5dd2                lmb_get_free_size
 .text.board_lmb_reserve
                0x00000000402f5e1a        0x2 lib/built-in.o
                0x00000000402f5e1a                board_lmb_reserve
 .text.arch_lmb_reserve
                0x00000000402f5e1c        0x2 lib/built-in.o
                0x00000000402f5e1c                arch_lmb_reserve
 .text.lmb_init_and_reserve
                0x00000000402f5e1e       0x44 lib/built-in.o
                0x00000000402f5e1e                lmb_init_and_reserve
 *fill*         0x00000000402f5e62        0x2 
 .text.emit     0x00000000402f5e64       0x20 lib/built-in.o
 .text.store_char_in_data
                0x00000000402f5e84       0x24 lib/built-in.o
 .text.get_escape_char
                0x00000000402f5ea8       0x54 lib/built-in.o
 .text.relocate
                0x00000000402f5efc       0x2a lib/built-in.o
 *fill*         0x00000000402f5f26        0x2 
 .text.match    0x00000000402f5f28      0x268 lib/built-in.o
 .text.loop_greedy
                0x00000000402f6190       0x56 lib/built-in.o
 .text.loop_non_greedy
                0x00000000402f61e6       0x52 lib/built-in.o
 .text.quantifier
                0x00000000402f6238       0x5c lib/built-in.o
 .text.fixup_branch
                0x00000000402f6294       0x28 lib/built-in.o
 .text.compile  0x00000000402f62bc      0x240 lib/built-in.o
 .text.slre_compile
                0x00000000402f64fc       0x8c lib/built-in.o
                0x00000000402f64fc                slre_compile
 .text.slre_match
                0x00000000402f6588       0x5a lib/built-in.o
                0x00000000402f6588                slre_match
 *fill*         0x00000000402f65e2        0x2 
 .text.strncasecmp
                0x00000000402f65e4       0x44 lib/built-in.o
                0x00000000402f65e4                strncasecmp
 .text.strcasecmp
                0x00000000402f6628        0x8 lib/built-in.o
                0x00000000402f6628                strcasecmp
 .text.strcpy   0x00000000402f6630       0x10 lib/built-in.o
                0x00000000402f6630                strcpy
 .text.strncpy  0x00000000402f6640       0x18 lib/built-in.o
                0x00000000402f6640                strncpy
 .text.strcat   0x00000000402f6658       0x1e lib/built-in.o
                0x00000000402f6658                strcat
 .text.strcmp   0x00000000402f6676       0x16 lib/built-in.o
                0x00000000402f6676                strcmp
 .text.strncmp  0x00000000402f668c       0x22 lib/built-in.o
                0x00000000402f668c                strncmp
 .text.strchr   0x00000000402f66ae       0x1a lib/built-in.o
                0x00000000402f66ae                strchr
 .text.strlen   0x00000000402f66c8       0x10 lib/built-in.o
                0x00000000402f66c8                strlen
 .text.strlcpy  0x00000000402f66d8       0x2e lib/built-in.o
                0x00000000402f66d8                strlcpy
 .text.strrchr  0x00000000402f6706       0x20 lib/built-in.o
                0x00000000402f6706                strrchr
 .text.strdup   0x00000000402f6726       0x22 lib/built-in.o
                0x00000000402f6726                strdup
 .text.memmove  0x00000000402f6748       0x26 lib/built-in.o
                0x00000000402f6748                memmove
 .text.memcmp   0x00000000402f676e       0x1a lib/built-in.o
                0x00000000402f676e                memcmp
 .text.memchr   0x00000000402f6788       0x1c lib/built-in.o
                0x00000000402f6788                memchr
 .text.udelay   0x00000000402f67a4       0x24 lib/built-in.o
                0x00000000402f67a4                udelay
 .text.uuid_str_valid
                0x00000000402f67c8       0x4c lib/built-in.o
                0x00000000402f67c8                uuid_str_valid
 .text.uuid_str_to_bin
                0x00000000402f6814      0x12c lib/built-in.o
                0x00000000402f6814                uuid_str_to_bin
 .text.panic_finish
                0x00000000402f6940       0x20 lib/built-in.o
 .text.panic_str
                0x00000000402f6960        0xa lib/built-in.o
                0x00000000402f6960                panic_str
 .text.panic    0x00000000402f696a       0x14 lib/built-in.o
                0x00000000402f696a                panic
 *fill*         0x00000000402f697e        0x2 
 .text.__assert_fail
                0x00000000402f6980       0x10 lib/built-in.o
                0x00000000402f6980                __assert_fail
 .text.putc_outstr
                0x00000000402f6990        0xa lib/built-in.o
 .text.putc_normal
                0x00000000402f699a        0x6 lib/built-in.o
 .text.mac_address_string
                0x00000000402f69a0       0x68 lib/built-in.o
 .text.div_out  0x00000000402f6a08       0x34 lib/built-in.o
 .text._vprintf
                0x00000000402f6a3c      0x2b4 lib/built-in.o
 .text.vprintf  0x00000000402f6cf0       0x1c lib/built-in.o
                0x00000000402f6cf0                vprintf
 .text.printf   0x00000000402f6d0c       0x24 lib/built-in.o
                0x00000000402f6d0c                printf
 .text.sprintf  0x00000000402f6d30       0x2c lib/built-in.o
                0x00000000402f6d30                sprintf
 .text.snprintf
                0x00000000402f6d5c       0x2c lib/built-in.o
                0x00000000402f6d5c                snprintf
 .text._parse_integer_fixup_radix
                0x00000000402f6d88       0x5c lib/built-in.o
 .text.simple_strtoul
                0x00000000402f6de4       0x50 lib/built-in.o
                0x00000000402f6de4                simple_strtoul
 .text.simple_strtol
                0x00000000402f6e34       0x1a lib/built-in.o
                0x00000000402f6e34                simple_strtol
 *fill*         0x00000000402f6e4e        0x2 
 .text.simple_strtoull
                0x00000000402f6e50       0x74 lib/built-in.o
                0x00000000402f6e50                simple_strtoull
 .text.part_driver_lookup_type
                0x00000000402f6ec4       0x44 disk/built-in.o
 .text.part_init
                0x00000000402f6f08       0x2c disk/built-in.o
                0x00000000402f6f08                part_init
 .text.part_get_info
                0x00000000402f6f34       0x30 disk/built-in.o
                0x00000000402f6f34                part_get_info
 .text.part_set_generic_name
                0x00000000402f6f64       0x38 disk/built-in.o
                0x00000000402f6f64                part_set_generic_name
 .text.test_block_type
                0x00000000402f6f9c       0x78 disk/built-in.o
 .text.part_test_dos
                0x00000000402f7014       0x40 disk/built-in.o
 .text.part_get_info_extended.constprop.0
                0x00000000402f7054      0x1a0 disk/built-in.o
 .text.part_get_info_dos
                0x00000000402f71f4       0x16 disk/built-in.o
                0x00000000402f71f4                part_get_info_dos
 .text.device_bind_common.isra.0
                0x00000000402f720a      0x17c drivers/built-in.o
 .text.alloc_priv
                0x00000000402f7386       0x38 drivers/built-in.o
 .text.device_bind_with_driver_data
                0x00000000402f73be       0x16 drivers/built-in.o
                0x00000000402f73be                device_bind_with_driver_data
 .text.device_bind_by_name
                0x00000000402f73d4       0x44 drivers/built-in.o
                0x00000000402f73d4                device_bind_by_name
 .text.device_ofdata_to_platdata
                0x00000000402f7418       0xac drivers/built-in.o
                0x00000000402f7418                device_ofdata_to_platdata
 .text.device_probe
                0x00000000402f74c4       0x92 drivers/built-in.o
                0x00000000402f74c4                device_probe
 .text.dev_get_platdata
                0x00000000402f7556        0x6 drivers/built-in.o
                0x00000000402f7556                dev_get_platdata
 .text.dev_get_parent_platdata
                0x00000000402f755c        0x6 drivers/built-in.o
                0x00000000402f755c                dev_get_parent_platdata
 .text.dev_get_uclass_platdata
                0x00000000402f7562        0x6 drivers/built-in.o
                0x00000000402f7562                dev_get_uclass_platdata
 .text.dev_get_priv
                0x00000000402f7568        0x6 drivers/built-in.o
                0x00000000402f7568                dev_get_priv
 .text.dev_get_uclass_priv
                0x00000000402f756e        0x6 drivers/built-in.o
                0x00000000402f756e                dev_get_uclass_priv
 .text.dev_get_parent_priv
                0x00000000402f7574        0x6 drivers/built-in.o
                0x00000000402f7574                dev_get_parent_priv
 .text.device_find_first_child
                0x00000000402f757a       0x12 drivers/built-in.o
                0x00000000402f757a                device_find_first_child
 .text.device_find_next_child
                0x00000000402f758c       0x16 drivers/built-in.o
                0x00000000402f758c                device_find_next_child
 .text.dev_get_parent
                0x00000000402f75a2        0x4 drivers/built-in.o
                0x00000000402f75a2                dev_get_parent
 .text.device_get_uclass_id
                0x00000000402f75a6        0x8 drivers/built-in.o
                0x00000000402f75a6                device_get_uclass_id
 .text.device_set_name_alloced
                0x00000000402f75ae        0xa drivers/built-in.o
                0x00000000402f75ae                device_set_name_alloced
 .text.devfdt_get_addr
                0x00000000402f75b8        0x6 drivers/built-in.o
                0x00000000402f75b8                devfdt_get_addr
 .text.devfdt_get_addr_pci
                0x00000000402f75be        0x6 drivers/built-in.o
                0x00000000402f75be                devfdt_get_addr_pci
 .text.lists_driver_lookup_name
                0x00000000402f75c4       0x2c drivers/built-in.o
                0x00000000402f75c4                lists_driver_lookup_name
 .text.lists_uclass_lookup
                0x00000000402f75f0       0x20 drivers/built-in.o
                0x00000000402f75f0                lists_uclass_lookup
 .text.lists_bind_drivers
                0x00000000402f7610       0x6c drivers/built-in.o
                0x00000000402f7610                lists_bind_drivers
 .text.device_bind_driver_to_node
                0x00000000402f767c       0x2c drivers/built-in.o
                0x00000000402f767c                device_bind_driver_to_node
 .text.device_bind_driver
                0x00000000402f76a8       0x12 drivers/built-in.o
                0x00000000402f76a8                device_bind_driver
 .text.dm_fixup_for_gd_move
                0x00000000402f76ba       0x14 drivers/built-in.o
                0x00000000402f76ba                dm_fixup_for_gd_move
 *fill*         0x00000000402f76ce        0x2 
 .text.dm_init  0x00000000402f76d0       0x38 drivers/built-in.o
                0x00000000402f76d0                dm_init
 .text.dm_scan_platdata
                0x00000000402f7708       0x16 drivers/built-in.o
                0x00000000402f7708                dm_scan_platdata
 .text.dm_scan_other
                0x00000000402f771e        0x4 drivers/built-in.o
                0x00000000402f771e                dm_scan_other
 .text.dm_init_and_scan
                0x00000000402f7722       0x20 drivers/built-in.o
                0x00000000402f7722                dm_init_and_scan
 .text.uclass_find
                0x00000000402f7742       0x2e drivers/built-in.o
                0x00000000402f7742                uclass_find
 .text.uclass_get
                0x00000000402f7770       0x96 drivers/built-in.o
                0x00000000402f7770                uclass_get
 .text.uclass_find_device
                0x00000000402f7806       0x42 drivers/built-in.o
                0x00000000402f7806                uclass_find_device
 .text.uclass_find_first_device
                0x00000000402f7848       0x22 drivers/built-in.o
                0x00000000402f7848                uclass_find_first_device
 .text.uclass_find_next_device
                0x00000000402f786a       0x18 drivers/built-in.o
                0x00000000402f786a                uclass_find_next_device
 .text.uclass_find_next_free_req_seq
                0x00000000402f7882       0x3c drivers/built-in.o
                0x00000000402f7882                uclass_find_next_free_req_seq
 .text.uclass_find_device_by_seq
                0x00000000402f78be       0x4c drivers/built-in.o
                0x00000000402f78be                uclass_find_device_by_seq
 .text.uclass_get_device_tail
                0x00000000402f790a       0x16 drivers/built-in.o
                0x00000000402f790a                uclass_get_device_tail
 .text.uclass_get_device
                0x00000000402f7920       0x1c drivers/built-in.o
                0x00000000402f7920                uclass_get_device
 .text.uclass_get_device_by_seq
                0x00000000402f793c       0x34 drivers/built-in.o
                0x00000000402f793c                uclass_get_device_by_seq
 .text.uclass_first_device
                0x00000000402f7970       0x1e drivers/built-in.o
                0x00000000402f7970                uclass_first_device
 .text.uclass_next_device
                0x00000000402f798e       0x22 drivers/built-in.o
                0x00000000402f798e                uclass_next_device
 .text.uclass_first_device_check
                0x00000000402f79b0       0x1e drivers/built-in.o
                0x00000000402f79b0                uclass_first_device_check
 .text.uclass_next_device_check
                0x00000000402f79ce       0x1a drivers/built-in.o
                0x00000000402f79ce                uclass_next_device_check
 .text.uclass_bind_device
                0x00000000402f79e8       0x3a drivers/built-in.o
                0x00000000402f79e8                uclass_bind_device
 .text.uclass_resolve_seq
                0x00000000402f7a22       0x4e drivers/built-in.o
                0x00000000402f7a22                uclass_resolve_seq
 .text.uclass_pre_probe_device
                0x00000000402f7a70       0x2e drivers/built-in.o
                0x00000000402f7a70                uclass_pre_probe_device
 .text.uclass_post_probe_device
                0x00000000402f7a9e       0x2e drivers/built-in.o
                0x00000000402f7a9e                uclass_post_probe_device
 .text.ofnode_read_u32_index
                0x00000000402f7acc       0x42 drivers/built-in.o
                0x00000000402f7acc                ofnode_read_u32_index
 .text.ofnode_read_u32
                0x00000000402f7b0e        0x8 drivers/built-in.o
                0x00000000402f7b0e                ofnode_read_u32
 .text.ofnode_read_u32_default
                0x00000000402f7b16       0x14 drivers/built-in.o
                0x00000000402f7b16                ofnode_read_u32_default
 .text.ofnode_find_subnode
                0x00000000402f7b2a       0x16 drivers/built-in.o
                0x00000000402f7b2a                ofnode_find_subnode
 .text.ofnode_get_property
                0x00000000402f7b40       0x14 drivers/built-in.o
                0x00000000402f7b40                ofnode_get_property
 .text.ofnode_read_bool
                0x00000000402f7b54       0x10 drivers/built-in.o
                0x00000000402f7b54                ofnode_read_bool
 .text.ofnode_read_u8_array_ptr
                0x00000000402f7b64       0x14 drivers/built-in.o
                0x00000000402f7b64                ofnode_read_u8_array_ptr
 .text._gpio_get_value
                0x00000000402f7b78       0x1e drivers/built-in.o
 .text.gpio_post_bind
                0x00000000402f7b96        0x4 drivers/built-in.o
 .text.gpio_to_device
                0x00000000402f7b9a       0x48 drivers/built-in.o
 *fill*         0x00000000402f7be2        0x2 
 .text.check_reserved
                0x00000000402f7be4       0x4c drivers/built-in.o
 .text.gpio_renumber
                0x00000000402f7c30       0x46 drivers/built-in.o
 .text.gpio_pre_remove
                0x00000000402f7c76       0x12 drivers/built-in.o
 .text.gpio_post_probe
                0x00000000402f7c88       0x24 drivers/built-in.o
 .text.dm_gpio_request
                0x00000000402f7cac       0x5a drivers/built-in.o
                0x00000000402f7cac                dm_gpio_request
 .text.gpio_request
                0x00000000402f7d06       0x18 drivers/built-in.o
                0x00000000402f7d06                gpio_request
 *fill*         0x00000000402f7d1e        0x2 
 .text.gpio_direction_output
                0x00000000402f7d20       0x2c drivers/built-in.o
                0x00000000402f7d20                gpio_direction_output
 .text.dm_gpio_get_value
                0x00000000402f7d4c       0x1c drivers/built-in.o
                0x00000000402f7d4c                dm_gpio_get_value
 .text.omap_gpio_direction_input
                0x00000000402f7d68       0x1e drivers/built-in.o
 *fill*         0x00000000402f7d86        0x2 
 .text.omap_gpio_probe
                0x00000000402f7d88       0x48 drivers/built-in.o
 .text.omap_gpio_direction_output
                0x00000000402f7dd0       0x32 drivers/built-in.o
 .text.omap_gpio_get_value
                0x00000000402f7e02       0x2c drivers/built-in.o
 .text.omap_gpio_bind
                0x00000000402f7e2e       0x46 drivers/built-in.o
 .text.omap_gpio_get_function
                0x00000000402f7e74       0x1e drivers/built-in.o
 .text.omap_gpio_set_value
                0x00000000402f7e92       0x22 drivers/built-in.o
 .text.i2c_setup_offset
                0x00000000402f7eb4       0x42 drivers/built-in.o
 .text.i2c_probe_chip
                0x00000000402f7ef6       0x44 drivers/built-in.o
 .text.i2c_pre_probe
                0x00000000402f7f3a        0x4 drivers/built-in.o
 .text.i2c_post_bind
                0x00000000402f7f3e       0x1e drivers/built-in.o
 .text.i2c_uclass_init
                0x00000000402f7f5c       0x14 drivers/built-in.o
                0x00000000402f7f5c                i2c_uclass_init
 .text.i2c_child_post_bind
                0x00000000402f7f70        0x4 drivers/built-in.o
 .text.i2c_post_probe
                0x00000000402f7f74        0x4 drivers/built-in.o
 .text.dm_i2c_read
                0x00000000402f7f78       0xe2 drivers/built-in.o
                0x00000000402f7f78                dm_i2c_read
 .text.dm_i2c_write
                0x00000000402f805a      0x126 drivers/built-in.o
                0x00000000402f805a                dm_i2c_write
 .text.dm_i2c_reg_read
                0x00000000402f8180       0x1a drivers/built-in.o
                0x00000000402f8180                dm_i2c_reg_read
 .text.dm_i2c_reg_write
                0x00000000402f819a       0x16 drivers/built-in.o
                0x00000000402f819a                dm_i2c_reg_write
 .text.i2c_get_chip
                0x00000000402f81b0       0x84 drivers/built-in.o
                0x00000000402f81b0                i2c_get_chip
 .text.i2c_get_chip_for_busnum
                0x00000000402f8234       0x30 drivers/built-in.o
                0x00000000402f8234                i2c_get_chip_for_busnum
 .text.dm_i2c_probe
                0x00000000402f8264       0x24 drivers/built-in.o
                0x00000000402f8264                dm_i2c_probe
 .text.i2c_set_chip_offset_len
                0x00000000402f8288       0x16 drivers/built-in.o
                0x00000000402f8288                i2c_set_chip_offset_len
 *fill*         0x00000000402f829e        0x2 
 .text.__omap24_i2c_setspeed
                0x00000000402f82a0      0x12c drivers/built-in.o
 .text.omap_i2c_set_bus_speed
                0x00000000402f83cc       0x1c drivers/built-in.o
 .text.wait_for_bb
                0x00000000402f83e8       0x84 drivers/built-in.o
 .text.wait_for_event
                0x00000000402f846c       0x78 drivers/built-in.o
 .text.flush_fifo
                0x00000000402f84e4       0x40 drivers/built-in.o
 .text.omap_i2c_probe_chip
                0x00000000402f8524       0xcc drivers/built-in.o
 .text.omap_i2c_xfer
                0x00000000402f85f0      0x24c drivers/built-in.o
 .text.omap_i2c_probe
                0x00000000402f883c      0x278 drivers/built-in.o
 .text.mmc_send_op_cond_iter
                0x00000000402f8ab4       0x44 drivers/built-in.o
 .text.mmc_go_idle
                0x00000000402f8af8       0x32 drivers/built-in.o
 .text.mmc_set_capacity
                0x00000000402f8b2a       0x6c drivers/built-in.o
 .text.mmc_send_status
                0x00000000402f8b96       0x36 drivers/built-in.o
                0x00000000402f8b96                mmc_send_status
 .text.__mmc_switch.constprop.0
                0x00000000402f8bcc       0xb6 drivers/built-in.o
 .text.mmc_set_blocklen
                0x00000000402f8c82       0x26 drivers/built-in.o
                0x00000000402f8c82                mmc_set_blocklen
 .text.mmc_bread
                0x00000000402f8ca8       0xd2 drivers/built-in.o
                0x00000000402f8ca8                mmc_bread
 .text.mmc_send_ext_csd
                0x00000000402f8d7a       0x2e drivers/built-in.o
                0x00000000402f8d7a                mmc_send_ext_csd
 .text.mmc_read_and_compare_ext_csd
                0x00000000402f8da8       0x78 drivers/built-in.o
 .text.mmc_set_card_speed.constprop.0
                0x00000000402f8e20       0x68 drivers/built-in.o
 .text.mmc_switch
                0x00000000402f8e88        0x4 drivers/built-in.o
                0x00000000402f8e88                mmc_switch
 .text.mmc_startup_v4
                0x00000000402f8e8c      0x204 drivers/built-in.o
 .text.mmc_switch_part
                0x00000000402f9090       0x56 drivers/built-in.o
                0x00000000402f9090                mmc_switch_part
 .text.mmc_set_clock
                0x00000000402f90e6       0x20 drivers/built-in.o
                0x00000000402f90e6                mmc_set_clock
 *fill*         0x00000000402f9106        0x2 
 .text.mmc_startup
                0x00000000402f9108      0x710 drivers/built-in.o
 .text.mmc_get_op_cond
                0x00000000402f9818      0x1a4 drivers/built-in.o
                0x00000000402f9818                mmc_get_op_cond
 .text.mmc_start_init
                0x00000000402f99bc       0x38 drivers/built-in.o
                0x00000000402f99bc                mmc_start_init
 .text.mmc_init
                0x00000000402f99f4       0xa6 drivers/built-in.o
                0x00000000402f99f4                mmc_init
 .text.mmc_init_device
                0x00000000402f9a9a       0x44 drivers/built-in.o
                0x00000000402f9a9a                mmc_init_device
 .text.mmc_blk_probe
                0x00000000402f9ade       0x14 drivers/built-in.o
 .text.dm_mmc_set_ios
                0x00000000402f9af2       0x10 drivers/built-in.o
                0x00000000402f9af2                dm_mmc_set_ios
 .text.mmc_set_ios
                0x00000000402f9b02        0x8 drivers/built-in.o
                0x00000000402f9b02                mmc_set_ios
 .text.dm_mmc_wait_dat0
                0x00000000402f9b0a       0x10 drivers/built-in.o
                0x00000000402f9b0a                dm_mmc_wait_dat0
 .text.mmc_wait_dat0
                0x00000000402f9b1a        0x8 drivers/built-in.o
                0x00000000402f9b1a                mmc_wait_dat0
 .text.dm_mmc_get_cd
                0x00000000402f9b22       0x10 drivers/built-in.o
                0x00000000402f9b22                dm_mmc_get_cd
 .text.mmc_getcd
                0x00000000402f9b32        0x8 drivers/built-in.o
                0x00000000402f9b32                mmc_getcd
 .text.dm_mmc_host_power_cycle
                0x00000000402f9b3a        0xe drivers/built-in.o
                0x00000000402f9b3a                dm_mmc_host_power_cycle
 .text.mmc_host_power_cycle
                0x00000000402f9b48        0x8 drivers/built-in.o
                0x00000000402f9b48                mmc_host_power_cycle
 .text.dm_mmc_deferred_probe
                0x00000000402f9b50        0xe drivers/built-in.o
                0x00000000402f9b50                dm_mmc_deferred_probe
 .text.mmc_deferred_probe
                0x00000000402f9b5e        0x8 drivers/built-in.o
                0x00000000402f9b5e                mmc_deferred_probe
 .text.dm_mmc_reinit
                0x00000000402f9b66        0xe drivers/built-in.o
                0x00000000402f9b66                dm_mmc_reinit
 .text.mmc_reinit
                0x00000000402f9b74        0x8 drivers/built-in.o
                0x00000000402f9b74                mmc_reinit
 .text.mmc_get_mmc_dev
                0x00000000402f9b7c       0x16 drivers/built-in.o
                0x00000000402f9b7c                mmc_get_mmc_dev
 .text.dm_mmc_get_b_max
                0x00000000402f9b92       0x2a drivers/built-in.o
                0x00000000402f9b92                dm_mmc_get_b_max
 .text.mmc_get_b_max
                0x00000000402f9bbc        0x8 drivers/built-in.o
                0x00000000402f9bbc                mmc_get_b_max
 .text.dm_mmc_send_cmd
                0x00000000402f9bc4       0x26 drivers/built-in.o
                0x00000000402f9bc4                dm_mmc_send_cmd
 .text.mmc_send_cmd
                0x00000000402f9bea        0x8 drivers/built-in.o
                0x00000000402f9bea                mmc_send_cmd
 .text.mmc_select_hwpart
                0x00000000402f9bf2       0x3a drivers/built-in.o
 .text.find_mmc_device
                0x00000000402f9c2c       0x30 drivers/built-in.o
                0x00000000402f9c2c                find_mmc_device
 .text.mmc_get_blk_desc
                0x00000000402f9c5c       0x1a drivers/built-in.o
                0x00000000402f9c5c                mmc_get_blk_desc
 *fill*         0x00000000402f9c76        0x2 
 .text.mmc_bind
                0x00000000402f9c78       0x68 drivers/built-in.o
                0x00000000402f9c78                mmc_bind
 .text.mmc_reset_controller_fsm
                0x00000000402f9ce0       0x7c drivers/built-in.o
 .text.omap_hsmmc_wait_dat0
                0x00000000402f9d5c       0x68 drivers/built-in.o
 .text.omap_hsmmc_getwp
                0x00000000402f9dc4       0x12 drivers/built-in.o
 .text.omap_hsmmc_getcd
                0x00000000402f9dd6       0x14 drivers/built-in.o
 .text.omap_hsmmc_bind
                0x00000000402f9dea       0x22 drivers/built-in.o
 .text.omap_hsmmc_send_cmd
                0x00000000402f9e0c      0x2d0 drivers/built-in.o
 .text.omap_hsmmc_set_ios
                0x00000000402fa0dc      0x24c drivers/built-in.o
 .text.omap_hsmmc_probe
                0x00000000402fa328      0x228 drivers/built-in.o
 .text.nand_command
                0x00000000402fa550      0x262 drivers/built-in.o
 *fill*         0x00000000402fa7b2        0x2 
 .text.nand_is_bad_block
                0x00000000402fa7b4       0x48 drivers/built-in.o
 .text.nand_init
                0x00000000402fa7fc       0x3c drivers/built-in.o
                0x00000000402fa7fc                nand_init
 .text.nand_deselect
                0x00000000402fa838       0x1c drivers/built-in.o
                0x00000000402fa838                nand_deselect
 .text.nand_spl_load_image
                0x00000000402fa854      0x13c drivers/built-in.o
                0x00000000402fa854                nand_spl_load_image
 .text.nand_spl_adjust_offset
                0x00000000402fa990       0x24 drivers/built-in.o
                0x00000000402fa990                nand_spl_adjust_offset
 .text.nand_wait_ready
                0x00000000402fa9b4       0x34 drivers/built-in.o
                0x00000000402fa9b4                nand_wait_ready
 .text.nand_read_data_op
                0x00000000402fa9e8       0x3e drivers/built-in.o
                0x00000000402fa9e8                nand_read_data_op
 .text.nand_wait_status_ready.constprop.0
                0x00000000402faa26       0x3a drivers/built-in.o
 .text.omap_nand_hwcontrol
                0x00000000402faa60       0x58 drivers/built-in.o
 .text.omap_dev_ready
                0x00000000402faab8       0x1c drivers/built-in.o
 .text.omap_enable_hwecc_bch
                0x00000000402faad4       0xbc drivers/built-in.o
 .text.omap_reverse_list
                0x00000000402fab90       0x1c drivers/built-in.o
 .text.omap_correct_data_bch
                0x00000000402fabac      0x124 drivers/built-in.o
 .text._omap_calculate_ecc_bch.isra.0
                0x00000000402facd0       0xfc drivers/built-in.o
 .text.omap_calculate_ecc_bch
                0x00000000402fadcc        0x8 drivers/built-in.o
 .text.omap_read_page_bch
                0x00000000402fadd4      0x130 drivers/built-in.o
 .text.omap_nand_read_prefetch
                0x00000000402faf04      0x22c drivers/built-in.o
 .text.gpmc_nand_init
                0x00000000402fb130      0x1b0 drivers/built-in.o
                0x00000000402fb130                gpmc_nand_init
 .text.board_nand_init
                0x00000000402fb2e0       0x18 drivers/built-in.o
                0x00000000402fb2e0                board_nand_init
 .text.elm_check_error
                0x00000000402fb2f8      0x174 drivers/built-in.o
                0x00000000402fb2f8                elm_check_error
 .text.elm_config
                0x00000000402fb46c       0x48 drivers/built-in.o
                0x00000000402fb46c                elm_config
 .text.elm_reset
                0x00000000402fb4b4       0x28 drivers/built-in.o
                0x00000000402fb4b4                elm_reset
 .text.elm_init
                0x00000000402fb4dc       0x14 drivers/built-in.o
                0x00000000402fb4dc                elm_init
 .text._serial_putc
                0x00000000402fb4f0       0x22 drivers/built-in.o
 .text.serial_post_probe
                0x00000000402fb512       0x12 drivers/built-in.o
 .text.serial_pre_remove
                0x00000000402fb524        0x4 drivers/built-in.o
 .text.serial_putc
                0x00000000402fb528       0x12 drivers/built-in.o
                0x00000000402fb528                serial_putc
 .text.serial_puts
                0x00000000402fb53a       0x1e drivers/built-in.o
                0x00000000402fb53a                serial_puts
 .text.serial_getc
                0x00000000402fb558       0x28 drivers/built-in.o
                0x00000000402fb558                serial_getc
 .text.serial_tstc
                0x00000000402fb580       0x1a drivers/built-in.o
                0x00000000402fb580                serial_tstc
 .text.serial_setbrg
                0x00000000402fb59a       0x1e drivers/built-in.o
                0x00000000402fb59a                serial_setbrg
 .text.serial_init
                0x00000000402fb5b8       0x54 drivers/built-in.o
                0x00000000402fb5b8                serial_init
 .text.ns16550_serial_getinfo
                0x00000000402fb60c       0x26 drivers/built-in.o
 .text.ns16550_writeb.isra.0
                0x00000000402fb632       0x16 drivers/built-in.o
 .text.ns16550_serial_setconfig
                0x00000000402fb648       0x3c drivers/built-in.o
 .text.ns16550_readb.isra.0
                0x00000000402fb684       0x14 drivers/built-in.o
 .text.NS16550_setbrg
                0x00000000402fb698       0x42 drivers/built-in.o
 .text.ns16550_serial_setbrg
                0x00000000402fb6da       0x24 drivers/built-in.o
 .text.ns16550_serial_pending
                0x00000000402fb6fe       0x28 drivers/built-in.o
 .text.ns16550_serial_putc
                0x00000000402fb726       0x32 drivers/built-in.o
 .text.ns16550_serial_getc
                0x00000000402fb758       0x26 drivers/built-in.o
 .text.NS16550_init
                0x00000000402fb77e       0x5e drivers/built-in.o
                0x00000000402fb77e                NS16550_init
 .text.ns16550_serial_probe
                0x00000000402fb7dc       0x40 drivers/built-in.o
                0x00000000402fb7dc                ns16550_serial_probe
 .text.tps65217_reg_read
                0x00000000402fb81c       0x14 drivers/built-in.o
                0x00000000402fb81c                tps65217_reg_read
 .text.tps65217_reg_write
                0x00000000402fb830       0x98 drivers/built-in.o
                0x00000000402fb830                tps65217_reg_write
 .text.tps65217_voltage_update
                0x00000000402fb8c8       0x32 drivers/built-in.o
                0x00000000402fb8c8                tps65217_voltage_update
 *fill*         0x00000000402fb8fa        0x2 
 .text.power_tps65217_init
                0x00000000402fb8fc       0x24 drivers/built-in.o
                0x00000000402fb8fc                power_tps65217_init
 .text.power_tps65910_init
                0x00000000402fb920       0x24 drivers/built-in.o
                0x00000000402fb920                power_tps65910_init
 .text.tps65910_set_i2c_control
                0x00000000402fb944       0x28 drivers/built-in.o
                0x00000000402fb944                tps65910_set_i2c_control
 .text.tps65910_voltage_update
                0x00000000402fb96c       0x64 drivers/built-in.o
                0x00000000402fb96c                tps65910_voltage_update
 .text.cpsw_ale_read.isra.0
                0x00000000402fb9d0       0x1c drivers/built-in.o
 .text.cpsw_ale_match_free
                0x00000000402fb9ec       0x32 drivers/built-in.o
 .text.cpsw_ale_find_ageable
                0x00000000402fba1e       0x38 drivers/built-in.o
 .text.cpsw_ale_match_addr
                0x00000000402fba56       0x6e drivers/built-in.o
 .text.cpdma_submit
                0x00000000402fbac4       0x4e drivers/built-in.o
 .text.cpsw_eth_free_pkt
                0x00000000402fbb12       0x1a drivers/built-in.o
 .text.cpsw_eth_recv
                0x00000000402fbb2c       0x52 drivers/built-in.o
 *fill*         0x00000000402fbb7e        0x2 
 .text.cpsw_gmii_sel_am3352.isra.0
                0x00000000402fbb80       0x84 drivers/built-in.o
 .text.cpsw_ale_add_mcast.constprop.0
                0x00000000402fbc04       0xcc drivers/built-in.o
 .text.cpsw_reap_completed_packets
                0x00000000402fbcd0       0x34 drivers/built-in.o
 .text.cpsw_eth_stop
                0x00000000402fbd04       0x38 drivers/built-in.o
 .text.cpsw_eth_send
                0x00000000402fbd3c       0x48 drivers/built-in.o
 .text.cpsw_eth_start
                0x00000000402fbd84      0x3c4 drivers/built-in.o
 .text._cpsw_register
                0x00000000402fc148      0x180 drivers/built-in.o
                0x00000000402fc148                _cpsw_register
 .text.cpsw_eth_probe
                0x00000000402fc2c8       0xac drivers/built-in.o
 .text.ti_cm_get_macid
                0x00000000402fc374       0x6c drivers/built-in.o
                0x00000000402fc374                ti_cm_get_macid
 .text.cpsw_mdio_wait_for_user_access.isra.0
                0x00000000402fc3e0       0x38 drivers/built-in.o
 .text.cpsw_mdio_read
                0x00000000402fc418       0x52 drivers/built-in.o
 .text.cpsw_mdio_write
                0x00000000402fc46a       0x42 drivers/built-in.o
 .text.cpsw_mdio_get_alive
                0x00000000402fc4ac        0xe drivers/built-in.o
                0x00000000402fc4ac                cpsw_mdio_get_alive
 *fill*         0x00000000402fc4ba        0x2 
 .text.cpsw_mdio_init
                0x00000000402fc4bc       0xd0 drivers/built-in.o
                0x00000000402fc4bc                cpsw_mdio_init
 .text.genphy_shutdown
                0x00000000402fc58c        0x4 drivers/built-in.o
                0x00000000402fc58c                genphy_shutdown
 .text.genphy_restart_aneg
                0x00000000402fc590       0x48 drivers/built-in.o
                0x00000000402fc590                genphy_restart_aneg
 .text.genphy_config_aneg
                0x00000000402fc5d8      0x19c drivers/built-in.o
                0x00000000402fc5d8                genphy_config_aneg
 .text.genphy_config
                0x00000000402fc774       0xa4 drivers/built-in.o
                0x00000000402fc774                genphy_config
 .text.genphy_update_link
                0x00000000402fc818       0xf4 drivers/built-in.o
                0x00000000402fc818                genphy_update_link
 .text.genphy_parse_link
                0x00000000402fc90c      0x14a drivers/built-in.o
                0x00000000402fc90c                genphy_parse_link
 .text.genphy_startup
                0x00000000402fca56       0x16 drivers/built-in.o
                0x00000000402fca56                genphy_startup
 .text.phy_register
                0x00000000402fca6c       0x18 drivers/built-in.o
                0x00000000402fca6c                phy_register
 .text.genphy_init
                0x00000000402fca84        0xc drivers/built-in.o
                0x00000000402fca84                genphy_init
 .text.phy_init
                0x00000000402fca90       0x12 drivers/built-in.o
                0x00000000402fca90                phy_init
 *fill*         0x00000000402fcaa2        0x2 
 .text.phy_set_supported
                0x00000000402fcaa4       0x38 drivers/built-in.o
                0x00000000402fcaa4                phy_set_supported
 .text.get_phy_id
                0x00000000402fcadc       0x3e drivers/built-in.o
                0x00000000402fcadc                get_phy_id
 *fill*         0x00000000402fcb1a        0x2 
 .text.get_phy_device_by_mask
                0x00000000402fcb1c      0x230 drivers/built-in.o
 .text.phy_reset
                0x00000000402fcd4c       0x8c drivers/built-in.o
                0x00000000402fcd4c                phy_reset
 .text.phy_find_by_mask
                0x00000000402fcdd8       0x24 drivers/built-in.o
                0x00000000402fcdd8                phy_find_by_mask
 .text.phy_connect_dev
                0x00000000402fcdfc       0x30 drivers/built-in.o
                0x00000000402fcdfc                phy_connect_dev
 .text.phy_connect
                0x00000000402fce2c       0x3c drivers/built-in.o
                0x00000000402fce2c                phy_connect
 .text.phy_startup
                0x00000000402fce68        0xc drivers/built-in.o
                0x00000000402fce68                phy_startup
 .text.board_phy_config
                0x00000000402fce74        0xc drivers/built-in.o
                0x00000000402fce74                board_phy_config
 .text.phy_config
                0x00000000402fce80        0x4 drivers/built-in.o
                0x00000000402fce80                phy_config
 .text.ar803x_debug_reg_mask
                0x00000000402fce84       0x66 drivers/built-in.o
 .text.ar8021_config
                0x00000000402fceea       0x36 drivers/built-in.o
 .text.ar803x_config
                0x00000000402fcf20      0x31c drivers/built-in.o
 .text.phy_atheros_init
                0x00000000402fd23c       0x24 drivers/built-in.o
                0x00000000402fd23c                phy_atheros_init
 .text.smsc_startup
                0x00000000402fd260       0x42 drivers/built-in.o
 *fill*         0x00000000402fd2a2        0x2 
 .text.phy_smsc_init
                0x00000000402fd2a4       0x44 drivers/built-in.o
                0x00000000402fd2a4                phy_smsc_init
 .text.musb_gadget_enable
                0x00000000402fd2e8      0x1a6 drivers/built-in.o
 .text.musb_free_request
                0x00000000402fd48e        0x2 drivers/built-in.o
                0x00000000402fd48e                musb_free_request
 .text.musb_gadget_fifo_status
                0x00000000402fd490       0x2c drivers/built-in.o
 .text.musb_gadget_fifo_flush
                0x00000000402fd4bc       0x58 drivers/built-in.o
 .text.musb_gadget_get_frame
                0x00000000402fd514        0xe drivers/built-in.o
 .text.musb_gadget_wakeup
                0x00000000402fd522        0x4 drivers/built-in.o
 .text.musb_gadget_set_self_powered
                0x00000000402fd526       0x16 drivers/built-in.o
 .text.musb_gadget_vbus_draw
                0x00000000402fd53c        0x4 drivers/built-in.o
 .text.txstate  0x00000000402fd540       0x6a drivers/built-in.o
 .text.musb_alloc_request
                0x00000000402fd5aa       0x28 drivers/built-in.o
                0x00000000402fd5aa                musb_alloc_request
 .text.musb_gadget_stop
                0x00000000402fd5d2        0xe drivers/built-in.o
 .text.init_peripheral_ep
                0x00000000402fd5e0       0xb0 drivers/built-in.o
 .text.musb_gadget_start
                0x00000000402fd690       0x2a drivers/built-in.o
                0x00000000402fd690                musb_gadget_start
 .text.musb_gadget_pullup
                0x00000000402fd6ba       0x38 drivers/built-in.o
 .text.musb_g_giveback
                0x00000000402fd6f2       0x38 drivers/built-in.o
                0x00000000402fd6f2                musb_g_giveback
 .text.rxstate  0x00000000402fd72a       0x9a drivers/built-in.o
 .text.musb_gadget_dequeue
                0x00000000402fd7c4       0x50 drivers/built-in.o
 .text.musb_gadget_disable
                0x00000000402fd814       0x70 drivers/built-in.o
 .text.musb_g_tx
                0x00000000402fd884       0xdc drivers/built-in.o
                0x00000000402fd884                musb_g_tx
 .text.musb_g_rx
                0x00000000402fd960       0x6e drivers/built-in.o
                0x00000000402fd960                musb_g_rx
 .text.musb_ep_restart
                0x00000000402fd9ce       0x1e drivers/built-in.o
                0x00000000402fd9ce                musb_ep_restart
 .text.musb_gadget_set_halt
                0x00000000402fd9ec       0xba drivers/built-in.o
 .text.musb_gadget_queue
                0x00000000402fdaa6       0x7e drivers/built-in.o
 .text.musb_gadget_setup
                0x00000000402fdb24       0x90 drivers/built-in.o
                0x00000000402fdb24                musb_gadget_setup
 .text.musb_g_ep0_enable
                0x00000000402fdbb4        0x6 drivers/built-in.o
 .text.musb_g_ep0_disable
                0x00000000402fdbba        0x6 drivers/built-in.o
 .text.musb_g_ep0_halt
                0x00000000402fdbc0       0x60 drivers/built-in.o
 .text.musb_g_ep0_dequeue
                0x00000000402fdc20        0x6 drivers/built-in.o
 .text.ep0_txstate
                0x00000000402fdc26       0x9a drivers/built-in.o
 .text.musb_g_ep0_queue
                0x00000000402fdcc0       0xc2 drivers/built-in.o
 *fill*         0x00000000402fdd82        0x2 
 .text.musb_g_ep0_irq
                0x00000000402fdd84      0x5ec drivers/built-in.o
                0x00000000402fdd84                musb_g_ep0_irq
 .text.fifo_setup
                0x00000000402fe370       0xfe drivers/built-in.o
 .text.musb_write_fifo
                0x00000000402fe46e       0x72 drivers/built-in.o
                0x00000000402fe46e                musb_write_fifo
 .text.musb_read_fifo
                0x00000000402fe4e0       0x72 drivers/built-in.o
                0x00000000402fe4e0                musb_read_fifo
 *fill*         0x00000000402fe552        0x2 
 .text.musb_load_testpacket
                0x00000000402fe554       0x24 drivers/built-in.o
                0x00000000402fe554                musb_load_testpacket
 .text.musb_start
                0x00000000402fe578       0x84 drivers/built-in.o
                0x00000000402fe578                musb_start
 .text.musb_stop
                0x00000000402fe5fc       0x3c drivers/built-in.o
                0x00000000402fe5fc                musb_stop
 .text.musb_interrupt
                0x00000000402fe638       0xd2 drivers/built-in.o
                0x00000000402fe638                musb_interrupt
 *fill*         0x00000000402fe70a        0x2 
 .text.musb_init_controller
                0x00000000402fe70c      0x3f8 drivers/built-in.o
                0x00000000402fe70c                musb_init_controller
 .text.musb_host_complete_urb
                0x00000000402feb04       0x18 drivers/built-in.o
 .text.construct_urb
                0x00000000402feb1c       0x94 drivers/built-in.o
 .text.musb_create_int_queue
                0x00000000402febb0       0xa0 drivers/built-in.o
 .text.submit_urb
                0x00000000402fec50       0x7c drivers/built-in.o
 .text.musb_submit_bulk_msg
                0x00000000402feccc       0x40 drivers/built-in.o
 .text.musb_poll_int_queue
                0x00000000402fed0c       0x26 drivers/built-in.o
 .text._musb_reset_root_port.isra.0
                0x00000000402fed32       0x72 drivers/built-in.o
 .text.musb_reset_root_port
                0x00000000402feda4        0xe drivers/built-in.o
 .text.musb_destroy_int_queue
                0x00000000402fedb2       0x42 drivers/built-in.o
 .text.musb_submit_int_msg
                0x00000000402fedf4       0x46 drivers/built-in.o
 *fill*         0x00000000402fee3a        0x2 
 .text.musb_lowlevel_init
                0x00000000402fee3c       0x74 drivers/built-in.o
                0x00000000402fee3c                musb_lowlevel_init
 .text.usb_dev_get_parent
                0x00000000402feeb0       0x38 drivers/built-in.o
                0x00000000402feeb0                usb_dev_get_parent
 .text.musb_submit_control_msg
                0x00000000402feee8       0x4c drivers/built-in.o
 .text.musb_h_tx_flush_fifo
                0x00000000402fef34       0x40 drivers/built-in.o
 .text.musb_h_ep0_flush_fifo
                0x00000000402fef74       0x3c drivers/built-in.o
 .text.musb_h_flush_rxfifo.isra.0
                0x00000000402fefb0       0x1c drivers/built-in.o
 .text.musb_start_urb
                0x00000000402fefcc      0x360 drivers/built-in.o
 .text.musb_advance_schedule
                0x00000000402ff32c      0x12a drivers/built-in.o
 *fill*         0x00000000402ff456        0x2 
 .text.musb_h_ep0_irq
                0x00000000402ff458      0x1c4 drivers/built-in.o
                0x00000000402ff458                musb_h_ep0_irq
 .text.musb_host_tx
                0x00000000402ff61c      0x120 drivers/built-in.o
                0x00000000402ff61c                musb_host_tx
 .text.musb_host_rx
                0x00000000402ff73c      0x278 drivers/built-in.o
                0x00000000402ff73c                musb_host_rx
 .text.musb_urb_enqueue
                0x00000000402ff9b4      0x31e drivers/built-in.o
                0x00000000402ff9b4                musb_urb_enqueue
 .text.musb_urb_dequeue
                0x00000000402ffcd2       0xce drivers/built-in.o
                0x00000000402ffcd2                musb_urb_dequeue
 .text.dsps_musb_enable
                0x00000000402ffda0       0x1c drivers/built-in.o
 .text.dsps_musb_disable
                0x00000000402ffdbc        0x2 drivers/built-in.o
 *fill*         0x00000000402ffdbe        0x2 
 .text.dsps_musb_init
                0x00000000402ffdc0       0x50 drivers/built-in.o
 .text.dsps_musb_exit
                0x00000000402ffe10       0x16 drivers/built-in.o
 .text.dsps_interrupt
                0x00000000402ffe26       0x4e drivers/built-in.o
 .text.ti_musb_set_phy_power
                0x00000000402ffe74       0x26 drivers/built-in.o
 .text.ti_musb_host_remove
                0x00000000402ffe9a       0x1a drivers/built-in.o
 .text.ti_musb_host_probe
                0x00000000402ffeb4       0x44 drivers/built-in.o
 .text.ti_musb_peripheral_remove
                0x00000000402ffef8       0x1e drivers/built-in.o
 .text.ti_musb_peripheral_probe
                0x00000000402fff16       0x42 drivers/built-in.o
 .text.dm_usb_gadget_handle_interrupts
                0x00000000402fff58       0x14 drivers/built-in.o
                0x00000000402fff58                dm_usb_gadget_handle_interrupts
 .text.usb_ep_autoconfig
                0x00000000402fff6c      0x120 drivers/built-in.o
                0x00000000402fff6c                usb_ep_autoconfig
 .text.usb_ep_autoconfig_reset
                0x000000004030008c       0x28 drivers/built-in.o
                0x000000004030008c                usb_ep_autoconfig_reset
 .text.usb_descriptor_fillbuf
                0x00000000403000b4       0x38 drivers/built-in.o
                0x00000000403000b4                usb_descriptor_fillbuf
 .text.usb_gadget_config_buf
                0x00000000403000ec       0x54 drivers/built-in.o
                0x00000000403000ec                usb_gadget_config_buf
 .text.usb_gadget_get_string
                0x0000000040300140       0xe2 drivers/built-in.o
                0x0000000040300140                usb_gadget_get_string
 .text.eth_setup_complete
                0x0000000040300222        0x2 drivers/built-in.o
 .text.tx_complete
                0x0000000040300224       0x34 drivers/built-in.o
 .text.eth_suspend
                0x0000000040300258        0x2 drivers/built-in.o
 *fill*         0x000000004030025a        0x2 
 .text.usb_eth_recv
                0x000000004030025c       0x3c drivers/built-in.o
 .text.rx_complete
                0x0000000040300298       0x8c drivers/built-in.o
 .text.usb_eth_send
                0x0000000040300324       0xc8 drivers/built-in.o
 .text.rndis_command_complete
                0x00000000403003ec        0xc drivers/built-in.o
 .text.eth_unbind
                0x00000000403003f8       0x5a drivers/built-in.o
 *fill*         0x0000000040300452        0x2 
 .text.rndis_control_ack_complete
                0x0000000040300454       0x4c drivers/built-in.o
 .text.rndis_control_ack
                0x00000000403004a0       0x68 drivers/built-in.o
 .text.nibble   0x0000000040300508       0x28 drivers/built-in.o
 .text._usb_eth_halt
                0x0000000040300530       0x72 drivers/built-in.o
 .text.usb_eth_stop
                0x00000000403005a2        0xe drivers/built-in.o
 .text.eth_reset_config
                0x00000000403005b0       0x6c drivers/built-in.o
 .text.eth_disconnect
                0x000000004030061c        0x6 drivers/built-in.o