i2c.c:2013:12:do_i2c	24	static
i2c.c:151:12:i2c_get_cur_bus	8	static
i2c.c:1867:12:do_i2c_bus_speed	24	static
i2c.c:1942:12:do_i2c_reset	16	static
i2c.c:172:12:i2c_get_cur_bus_chip	24	static
i2c.c:956:12:do_i2c_probe	32	static
i2c.c:1816:12:do_i2c_bus_num	16	static
i2c.c:1699:13:show_bus	24	static
i2c.c:469:12:do_i2c_olen	24	static
i2c.c:439:12:do_i2c_flags	24	static
i2c.c:1729:12:do_i2c_show_bus	24	static
i2c.c:251:13:get_alen.constprop	0	static
i2c.c:722:12:do_i2c_crc	40	static
i2c.c:807:12:mod_i2c_mem.isra.0.part.0	48	static
i2c.c:1927:12:do_i2c_nm	0	static
i2c.c:515:12:do_i2c_md	72	static
i2c.c:293:12:do_i2c_read	32	static
i2c.c:635:12:do_i2c_mw	32	static
i2c.c:347:12:do_i2c_write	40	static
i2c.c:1032:12:do_i2c_loop	48	static
i2c.c:1911:12:do_i2c_mm	0	static
i2c.c:194:6:i2c_init_board	0	static
