mtdparts.c:497:13:part_delall	16	static
mtdparts.c:174:12:memsize_parse	8	static
mtdparts.c:1872:26:mtd_part_info	24	static
mtdparts.c:1538:20:env_get_mtdparts	8	static
mtdparts.c:210:13:memsize_format	16	static
mtdparts.c:231:13:index_partitions	16	static
mtdparts.c:274:13:current_save	32	static
mtdparts.c:518:12:part_sort_add	32	static
mtdparts.c:763:12:device_del	16	static
mtdparts.c:1211:12:generate_mtdparts_save.constprop	88	static
mtdparts.c:739:12:device_delall.constprop	24	static
mtdparts.c:973:12:mtd_devices_init	8	static
mtdparts.c:306:12:get_mtd_info.constprop	32	static
mtdparts.c:417:12:part_validate	88	static
mtdparts.c:795:20:device_find	16	static
mtdparts.c:842:12:device_parse	104	static
mtdparts.c:1044:5:mtd_id_parse	32	static
mtdparts.c:1349:5:find_dev_and_part	48	static
mtdparts.c:1722:5:mtdparts_init	1104	static
mtdparts.c:1919:12:do_chpart	32	static
mtdparts.c:1958:12:do_mtdparts	136	static
