part_efi.c:63:14:print_efiname	16	static
part_efi.c:316:12:part_test_efi	16	dynamic
part_efi.c:153:12:validate_gpt_entries	8	static
part_efi.c:90:12:validate_gpt_header	48	static
part_efi.c:924:12:is_gpt_valid	56	dynamic
part_efi.c:1076:12:is_pte_valid	24	static
part_efi.c:993:12:find_valid_gpt	32	static
part_efi.c:218:6:part_print_efi	112	dynamic
part_efi.c:264:5:part_get_info_efi	32	dynamic
part_efi.c:200:5:get_disk_guid	32	dynamic
part_efi.c:369:5:write_gpt_table	40	dynamic
part_efi.c:417:5:gpt_fill_pte	56	static
part_efi.c:584:5:gpt_fill_header	24	static
part_efi.c:608:5:gpt_restore	40	static
part_efi.c:675:5:gpt_verify_headers	24	static
part_efi.c:703:5:gpt_verify_partitions	88	static
part_efi.c:781:5:is_valid_gpt_buf	16	static
part_efi.c:802:5:write_mbr_and_gpt_partitions	56	static
