log.h:606:19:log_init	0	static
board_f.c:137:12:display_text_info	0	static
board_f.c:263:12:setup_mon_len	0	static
board_f.c:374:12:reserve_round_4k	0	static
board_f.c:423:12:reserve_uboot	0	static
board_f.c:506:12:setup_machine	0	static
board_f.c:808:12:checkcpu	0	static
board_f.c:118:5:init_func_watchdog_reset	8	static
board_f.c:238:12:dram_init_banksize	8	static
board_f.c:672:12:setup_reloc	8	static
board_f.c:621:12:reloc_fdt	8	static
board_f.c:493:12:reserve_board	8	static
board_f.c:209:12:announce_dram_init	8	static
board_f.c:131:12:init_baud_rate	8	static
board_f.c:777:12:initf_dm	0	static
board_f.c:743:12:initf_bootstage	8	static
board_f.c:813:12:clear_bss	0	static
board_f.c:280:12:setup_spl_handoff	0	static
board_f.c:291:12:arch_cpu_init	0	static
board_f.c:296:12:mach_cpu_init	0	static
board_f.c:380:12:arch_reserve_mmu	0	static
board_f.c:385:12:reserve_video	0	static
board_f.c:411:12:reserve_trace	0	static
board_f.c:544:12:reserve_bootstage	0	static
board_f.c:575:12:reserve_bloblist	0	static
board_f.c:587:12:display_new_sp	0	static
board_f.c:635:12:reloc_bootstage	0	static
board_f.c:654:12:reloc_bloblist	0	static
board_f.c:768:12:initf_console_record	0	static
board_f.c:798:12:reserve_arch	0	static
board_f.c:803:12:arch_cpu_init_dm	0	static
board_f.c:103:12:init_func_watchdog_init	8	static
board_f.c:480:12:reserve_malloc	0	static
board_f.c:514:12:reserve_global_data	0	static
board_f.c:523:12:reserve_fdt	0	static
board_f.c:81:13:coloured_LED_init	0	static
board_f.c:82:13:red_led_on	0	static
board_f.c:83:13:red_led_off	0	static
board_f.c:84:13:green_led_on	0	static
board_f.c:85:13:green_led_off	0	static
board_f.c:86:13:yellow_led_on	0	static
board_f.c:87:13:yellow_led_off	0	static
board_f.c:88:13:blue_led_on	0	static
board_f.c:89:13:blue_led_off	0	static
board_f.c:126:13:board_add_ram_info	0	static
board_f.c:215:12:show_dram_config	8	static
board_f.c:302:14:board_get_usable_ram_top	0	static
board_f.c:319:12:setup_dest_addr	16	static
board_f.c:558:12:arch_reserve_stacks	0	static
board_f.c:563:12:reserve_stacks	0	static
board_f.c:594:12:arch_setup_bdinfo	0	static
board_f.c:599:5:setup_bdinfo	0	static
board_f.c:954:6:board_init_f	16	static
