log.h:606:19:log_init	0	static
board_r.c:112:12:initr_trace	0	static
board_r.c:121:12:initr_reloc	0	static
board_r.c:678:12:run_main_loop	8	static
board_r.c:626:12:initr_net	8	static
board_r.c:574:12:initr_ethaddr	8	static
board_r.c:558:12:initr_jumptable	8	static
board_r.c:528:12:initr_env	8	static
board_r.c:480:12:initr_mmc	8	static
board_r.c:460:12:initr_nand	8	static
board_r.c:319:12:initr_dm	0	static
board_r.c:363:12:initr_bootstage	8	static
board_r.c:266:12:initr_malloc	8	static
board_r.c:147:12:initr_reloc_global_data	8	static
board_r.c:134:12:initr_caches	8	static
board_r.c:257:12:initr_barrier	0	static
board_r.c:285:12:initr_console_record	0	static
board_r.c:302:12:initr_of_live	0	static
board_r.c:339:12:initr_dm_devices	0	static
board_r.c:370:12:power_init_board	0	static
board_r.c:375:12:initr_announce	0	static
board_r.c:390:12:initr_binman	0	static
mux.h:120:14:mux_control_states	0	static
mux.h:125:18:mux_control_select	0	static
mux.h:133:5:mux_control_deselect	0	static
mux.h:138:21:mux_control_get	0	static
mux.h:143:6:mux_control_put	0	static
mux.h:147:21:devm_mux_control_get	0	static
mux.h:153:5:dm_mux_init	0	static
board_r.c:84:12:board_flash_wp_on	0	static
board_r.c:94:13:cpu_secondary_init_r	0	static
board_r.c:98:12:initr_secondary_cpu	8	static
board_r.c:142:12:fixup_cpu	0	static
board_r.c:901:6:board_init_r	8	static
