cli_hush.c:894:13:b_reset	0	static
cli_hush.c:933:12:static_get	0	static
cli_hush.c:940:12:static_peek	0	static
cli_hush.c:3142:13:mapset	0	static
cli_hush.c:2001:12:free_pipe_list	40	static
cli_hush.c:379:13:syntax_err	0	static
cli_hush.c:3325:14:xmalloc	8	static
cli_hush.c:2334:21:new_pipe	8	static
cli_hush.c:3336:14:xrealloc	8	static
cli_hush.c:2533:12:done_command	16	static
cli_hush.c:2582:12:done_pipe	16	static
cli_hush.c:2442:12:done_word	32	static
cli_hush.c:2272:12:is_assignment	0	static
cli_hush.c:1092:12:file_get	32	static
cli_hush.c:3659:12:do_showvar	40	static
cli_hush.c:884:12:b_addchr	16	static
cli_hush.c:912:12:b_addqchr	16	static
cli_hush.c:1135:12:file_peek	0	static
cli_hush.c:2137:7:get_local_var	16	static
cli_hush.c:2159:5:set_local_var	32	static
cli_hush.c:3515:14:insert_var_value_sub	48	static
cli_hush.c:2242:6:unset_local_var	16	static
cli_hush.c:3250:5:parse_string_outer	48	static
cli_hush.c:1762:12:run_list_real	88	static
cli_hush.c:3176:12:parse_stream_outer	88	static
cli_hush.c:3281:5:parse_file_outer	32	static
cli_hush.c:3309:5:u_boot_hush_start	16	static
