console.c:106:12:console_setfile	16	static
console.c:294:6:console_puts_select.part.0	0	static
console.c:333:5:fgetc.part.0	16	static
console.c:407:5:getchar	0	static
console.c:518:6:putc	0	static
console.c:566:6:puts	0	static
console.c:294:6:console_puts_select	16	static
console.c:315:5:serial_printf	1056	static
console.c:333:5:fgetc	0	static
console.c:366:5:ftstc	0	static
console.c:435:5:tstc	0	static
console.c:374:6:fputc	0	static
console.c:380:6:fputs	0	static
console.c:386:5:fprintf	1060	static
console.c:662:5:ctrlc	8	static
console.c:681:5:confirm_yesno	24	static
console.c:708:5:disable_ctrlc	0	static
console.c:716:5:had_ctrlc	0	static
console.c:721:6:clear_ctrlc	0	static
console.c:728:19:search_device	8	static
console.c:744:5:console_assign	8	static
console.c:26:12:on_console	24	static
console.c:790:5:console_announce_r	208	static
console.c:804:5:console_init_f	0	static
console.c:815:6:stdio_print_current_devices	8	static
console.c:944:5:console_init_r	16	static
