spi-nor-core.c:484:12:read_cr	16	static
spi-nor-core.c:513:12:write_enable	4	static
spi-nor-core.c:521:12:write_disable	4	static
spi-nor-core.c:1207:12:spi_nor_read	40	static
spi-nor-core.c:2586:12:spi_nor_hwcaps2cmd	0	static
spi-nor-core.c:239:13:spi_nor_setup_op	8	static
spi-nor-core.c:319:26:spi_nor_read_op	64	static
spi-nor-core.c:336:16:spi_nor_read_data	64	static
spi-nor-core.c:365:16:spi_nor_write_data	72	static
spi-nor-core.c:397:12:read_sr	80	static
spi-nor-core.c:2647:12:spi_nor_check_op	16	static
spi-nor-core.c:2904:12:spi_nor_default_setup	80	static
spi-nor-core.c:285:12:spi_nor_read_reg	72	static
spi-nor-core.c:302:12:spi_nor_write_reg	72	static
spi-nor-core.c:719:12:spi_nor_wait_till_ready_with_timeout.constprop	96	static
spi-nor-core.c:1725:12:spansion_read_cr_quad_enable	24	static
spi-nor-core.c:1529:12:spi_nor_write	80	static
spi-nor-core.c:846:12:spi_nor_erase	80	static
spi-nor-core.c:3364:5:spi_nor_remove	0	static
spi-nor-core.c:3375:6:spi_nor_set_fixups	0	static
spi-nor-core.c:3388:5:spi_nor_scan	504	static
