i2c-uclass.c:57:12:i2c_setup_offset	20	static
i2c-uclass.c:257:12:i2c_probe_chip	40	static
i2c-uclass.c:717:5:i2c_uclass_init	8	static
i2c-uclass.c:639:12:i2c_pre_probe	24	static
i2c-uclass.c:693:12:i2c_post_bind	0	static
i2c-uclass.c:32:6:i2c_dump_msgs	32	static
i2c-uclass.c:132:5:dm_i2c_read	72	static
i2c-uclass.c:162:5:dm_i2c_write	64	dynamic
i2c-uclass.c:218:5:dm_i2c_xfer	16	static
i2c-uclass.c:229:5:dm_i2c_reg_read	16	static
i2c-uclass.c:241:5:dm_i2c_reg_write	16	static
i2c-uclass.c:322:5:i2c_get_chip	64	static
i2c-uclass.c:348:5:i2c_get_chip_for_busnum	24	static
i2c-uclass.c:380:5:dm_i2c_probe	16	static
i2c-uclass.c:401:5:dm_i2c_set_bus_speed	24	static
i2c-uclass.c:662:12:i2c_post_probe	16	static
i2c-uclass.c:422:5:dm_i2c_get_bus_speed	16	static
i2c-uclass.c:433:5:i2c_set_chip_flags	24	static
i2c-uclass.c:450:5:i2c_get_chip_flags	8	static
i2c-uclass.c:459:5:i2c_set_chip_offset_len	8	static
i2c-uclass.c:470:5:i2c_get_chip_offset_len	8	static
i2c-uclass.c:477:5:i2c_set_chip_addr_offset_mask	8	static
i2c-uclass.c:486:6:i2c_get_chip_addr_offset_mask	8	static
i2c-uclass.c:509:5:i2c_deblock_gpio_loop	24	static
i2c-uclass.c:609:5:i2c_deblock	40	static
i2c-uclass.c:620:5:i2c_chip_ofdata_to_platdata	16	static
i2c-uclass.c:676:12:i2c_child_post_bind	8	static
