part.c:29:28:part_driver_lookup_type	16	static
part.c:79:18:blk_get_dev	8	static
part.c:123:6:dev_print	48	static
part.c:234:6:part_init	16	static
part.c:307:6:part_print	16	static
part.c:326:5:part_get_info	16	static
part.c:360:5:part_get_info_whole_disk	16	static
part.c:379:5:blk_get_device_by_str	32	static
part.c:439:5:blk_get_device_part_str	120	static
part.c:655:5:part_get_info_by_name_type	32	static
part.c:680:5:part_get_info_by_name	0	static
part.c:732:5:part_get_info_by_dev_and_name_or_num	48	static
part.c:754:6:part_set_generic_name	16	static
