fdtdec.c:642:20:get_prop_check_min_len	24	static
fdtdec.c:80:13:fdtdec_get_compatible	0	static
fdtdec.c:264:10:fdtdec_get_uint64	24	static
fdtdec.c:277:5:fdtdec_get_is_enabled	8	static
fdtdec.c:294:20:fdtdec_lookup	24	static
fdtdec.c:306:5:fdtdec_next_compatible	0	static
fdtdec.c:311:5:fdtdec_next_compatible_subnode	24	static
fdtdec.c:326:5:fdtdec_next_alias	72	static
fdtdec.c:358:5:fdtdec_add_aliases_for_id	56	dynamic
fdtdec.c:348:5:fdtdec_find_aliases_for_id	24	static
fdtdec.c:473:5:fdtdec_get_alias_seq	56	static
fdtdec.c:526:5:fdtdec_get_alias_highest_id	32	static
fdtdec.c:559:13:fdtdec_get_chosen_prop	16	static
fdtdec.c:569:5:fdtdec_get_chosen_node	8	static
fdtdec.c:596:5:fdtdec_prepare_fdt	8	static
fdtdec.c:579:5:fdtdec_check_fdt	8	static
fdtdec.c:617:5:fdtdec_lookup_phandle	8	static
fdtdec.c:660:5:fdtdec_get_int_array	32	static
fdtdec.c:969:12:decode_timing_property	40	static
fdtdec.c:678:5:fdtdec_get_int_array_count	16	static
fdtdec.c:698:12:fdtdec_locate_array	24	static
fdtdec.c:709:5:fdtdec_get_bool	16	static
fdtdec.c:719:5:fdtdec_parse_phandle_with_args	48	static
fdtdec.c:843:5:fdtdec_get_byte_array	32	static
fdtdec.c:855:11:fdtdec_locate_byte_array	24	static
fdtdec.c:867:5:fdtdec_get_config_int	16	static
fdtdec.c:879:5:fdtdec_get_config_bool	16	static
fdtdec.c:893:7:fdtdec_get_config_string	24	static
fdtdec.c:911:5:fdtdec_get_number	8	static
fdtdec.c:87:12:fdtdec_get_addr_size_fixed	32	static
fdtdec.c:133:12:fdtdec_get_addr_size_auto_parent	40	static
fdtdec.c:160:12:fdtdec_get_addr_size_auto_noparent	40	static
fdtdec.c:179:12:fdtdec_get_addr_size	24	static
fdtdec.c:189:12:fdtdec_get_addr	0	static
fdtdec.c:921:5:fdt_get_resource	40	static
fdtdec.c:956:5:fdt_get_named_resource	24	static
fdtdec.c:993:5:fdtdec_decode_display_timing	24	static
fdtdec.c:1061:5:fdtdec_setup_mem_size_base	40	static
fdtdec.c:1087:8:get_next_memory_node	16	static
fdtdec.c:1096:5:fdtdec_setup_memory_banksize	48	static
fdtdec.c:1137:5:fdtdec_setup_mem_size_base_lowest	48	static
fdtdec.c:1250:14:board_fdt_blob_setup	0	static
fdtdec.c:1267:5:fdtdec_set_ethernet_mac_address	32	static
fdtdec.c:1328:5:fdtdec_add_reserved_memory	144	static
fdtdec.c:1443:5:fdtdec_get_carveout	40	static
fdtdec.c:1492:5:fdtdec_set_carveout	56	static
fdtdec.c:1546:12:fdtdec_board_setup	0	static
fdtdec.c:1551:5:fdtdec_setup	8	static
fdtdec.c:1650:5:fdtdec_decode_ram_size	56	static
