mtdcore.c:1038:12:mtd_check_oob_ops	40	static
mtdcore.c:1146:5:mtd_ooblayout_ecc	16	static
mtdcore.c:1178:5:mtd_ooblayout_free	16	static
mtdcore.c:1210:12:mtd_ooblayout_find_region	32	static
mtdcore.c:1279:12:mtd_ooblayout_get_bytes	56	static
mtdcore.c:1322:12:mtd_ooblayout_set_bytes	56	static
mtdcore.c:97:6:idr_remove	0	static
mtdcore.c:106:7:idr_find	0	static
mtdcore.c:114:7:idr_get_next	0	static
mtdcore.c:132:5:idr_alloc	8	static
mtdcore.c:158:18:__mtd_next_device	16	static
mtdcore.c:164:6:mtd_dev_list_updated	0	static
mtdcore.c:526:5:del_mtd_device	8	static
mtdcore.c:753:5:__get_mtd_device	8	static
mtdcore.c:718:18:get_mtd_device	16	static
mtdcore.c:781:18:get_mtd_device_nm	16	static
mtdcore.c:864:6:__put_mtd_device	8	static
mtdcore.c:855:6:put_mtd_device	0	static
mtdcore.c:883:5:mtd_erase	32	static
mtdcore.c:939:15:mtd_get_unmapped_area	40	static
mtdcore.c:950:5:mtd_read	104	static
mtdcore.c:987:5:mtd_write	80	static
mtdcore.c:1022:5:mtd_panic_write	28	static
mtdcore.c:1071:5:mtd_read_oob	40	static
mtdcore.c:1104:5:mtd_write_oob	40	static
mtdcore.c:1256:5:mtd_ooblayout_find_eccregion	16	static
mtdcore.c:1394:5:mtd_ooblayout_get_eccbytes	16	static
mtdcore.c:1414:5:mtd_ooblayout_set_eccbytes	16	static
mtdcore.c:1434:5:mtd_ooblayout_get_databytes	16	static
mtdcore.c:1454:5:mtd_ooblayout_set_databytes	16	static
mtdcore.c:1470:5:mtd_ooblayout_count_freebytes	24	static
mtdcore.c:1484:5:mtd_ooblayout_count_eccbytes	24	static
mtdcore.c:1495:5:mtd_get_fact_prot_info	8	static
mtdcore.c:1506:5:mtd_read_fact_prot_reg	8	static
mtdcore.c:1518:5:mtd_get_user_prot_info	8	static
mtdcore.c:1529:5:mtd_read_user_prot_reg	8	static
mtdcore.c:1541:5:mtd_write_user_prot_reg	32	static
mtdcore.c:1563:5:mtd_lock_user_prot_reg	4	static
mtdcore.c:1574:5:mtd_lock	40	static
mtdcore.c:1586:5:mtd_unlock	40	static
mtdcore.c:412:5:add_mtd_device	24	static
mtdcore.c:1598:5:mtd_is_locked	40	static
mtdcore.c:1610:5:mtd_block_isreserved	16	static
mtdcore.c:1620:5:mtd_block_isbad	16	static
mtdcore.c:1630:5:mtd_block_markbad	20	static
