nand_base.c:138:13:nand_release_device	0	static
nand_base.c:152:9:nand_read_byte	0	static
nand_base.c:165:16:nand_read_byte16	0	static
nand_base.c:177:12:nand_read_word	0	static
nand_base.c:213:13:nand_write_byte	16	static
nand_base.c:227:13:nand_write_byte16	16	static
nand_base.c:292:6:nand_write_buf	8	static
nand_base.c:322:6:nand_write_buf16	8	static
nand_base.c:1009:12:nand_setup_data_interface	24	static
nand_base.c:1865:12:nand_read_page_swecc	56	static
nand_base.c:2894:12:nand_write_page_swecc	48	static
nand_base.c:3629:13:nand_sync	0	static
nand_base.c:3689:12:nand_onfi_set_features	16	static
nand_base.c:3709:12:nand_onfi_get_features	16	static
nand_base.c:3723:13:nand_set_defaults	0	static
nand_base.c:3883:12:nand_setup_read_retry_micron	24	static
nand_base.c:1659:12:nand_check_erased_buf	12	static
nand_base.c:356:12:nand_block_bad	24	static
nand_base.c:3778:13:sanitize_string	4	static
nand_base.c:524:12:nand_block_isreserved	0	static
nand_base.c:338:6:nand_read_buf16	8	static
nand_base.c:547:12:nand_block_checkbad	24	static
nand_base.c:3644:12:nand_block_isbad	24	static
nand_base.c:3146:17:nand_fill_oob	24	static
nand_base.c:190:13:nand_select_chip	8	static
nand_base.c:2245:17:nand_transfer_oob	24	static
nand_base.c:3795:12:onfi_crc16.constprop	16	static
nand_base.c:307:6:nand_read_buf	8	static
nand_base.c:574:6:nand_wait_ready	16	static
nand_base.c:1115:5:nand_read_page_op	24	static
nand_base.c:2759:12:nand_read_oob	112	static
nand_base.c:1174:5:nand_change_read_column_op	24	static
nand_base.c:1207:5:nand_read_oob_op	24	static
nand_base.c:2505:12:nand_read_oob_std	16	static
nand_base.c:1239:5:nand_prog_page_begin_op	24	static
nand_base.c:1269:5:nand_prog_page_end_op	16	static
nand_base.c:3102:12:nand_write_page	56	static
nand_base.c:1297:5:nand_prog_page_op	24	static
nand_base.c:2572:12:nand_write_oob_std	16	static
nand_base.c:1335:5:nand_change_write_column_op	24	static
nand_base.c:1369:5:nand_readid_op	24	static
nand_base.c:1397:5:nand_status_op	16	static
nand_base.c:499:12:nand_check_wp	16	static
nand_base.c:3205:12:nand_do_write_ops	80	static
nand_base.c:1420:5:nand_exit_status_op	8	static
nand_base.c:1441:5:nand_erase_op	16	static
nand_base.c:3491:12:single_erase	0	static
nand_base.c:1525:5:nand_reset_op	8	static
nand_base.c:1548:5:nand_read_data_op	16	static
nand_base.c:909:12:nand_wait	24	static
nand_base.c:2518:12:nand_read_oob_syndrome	56	static
nand_base.c:1806:12:nand_read_page_raw_syndrome	32	static
nand_base.c:1777:12:nand_read_page_raw	16	static
nand_base.c:3334:12:panic_nand_write	64	static
nand_base.c:600:13:nand_wait_status_ready.constprop	24	static
nand_base.c:631:13:nand_command	24	static
nand_base.c:735:13:nand_command_lp	24	static
nand_base.c:1583:5:nand_write_data_op	16	static
nand_base.c:2586:12:nand_write_oob_syndrome	72	static
nand_base.c:2835:12:nand_write_page_raw_syndrome	32	static
nand_base.c:3034:12:nand_write_page_syndrome	32	static
nand_base.c:2966:12:nand_write_subpage_hwecc	64	static
nand_base.c:2806:12:nand_write_page_raw	16	static
nand_base.c:2923:12:nand_write_page_hwecc	40	static
nand_base.c:1612:5:nand_reset	16	static
nand_base.c:3366:12:nand_do_write_oob	40	static
nand_base.c:403:12:nand_default_block_markbad	80	static
nand_base.c:3448:12:nand_write_oob	40	static
nand_base.c:1729:5:nand_check_erased_ecc_chunk	32	static
nand_base.c:2161:12:nand_read_page_syndrome	64	static
nand_base.c:1911:12:nand_read_subpage	72	static
nand_base.c:2024:12:nand_read_page_hwecc	64	static
nand_base.c:2094:12:nand_read_page_hwecc_oob_first	64	static
nand_base.c:3522:5:nand_erase_nand	56	static
nand_base.c:3667:12:nand_block_markbad	96	static
nand_base.c:3509:12:nand_erase	0	static
nand_base.c:4411:24:nand_get_flash_type	64	static
nand_base.c:4661:5:nand_scan_ident	56	static
nand_base.c:4750:5:nand_check_ecc_caps	32	static
nand_base.c:4812:5:nand_match_ecc_req	72	static
nand_base.c:4896:5:nand_maximize_ecc	56	static
nand_base.c:5022:5:nand_scan_tail	24	static
nand_base.c:5319:5:nand_scan	8	static
