efi_runtime.c:394:34:efi_reset_system	0	static
efi_runtime.c:426:42:efi_get_time	0	static
efi_runtime.c:446:42:efi_set_time	0	static
efi_runtime.c:877:42:efi_unimplemented	0	static
efi_runtime.c:495:42:efi_set_virtual_address_map_runtime	0	static
efi_runtime.c:517:42:efi_convert_pointer_runtime	0	static
efi_runtime.c:537:1:efi_convert_pointer	40	static
efi_runtime.c:895:35:efi_update_capsule	0	static
efi_runtime.c:917:35:efi_query_capsule_caps	0	static
efi_runtime.c:189:20:efi_reset_system_boottime	24	static
efi_runtime.c:328:28:efi_set_time_boottime	8	static
efi_runtime.c:237:28:efi_get_time_boottime	8	static
efi_runtime.c:168:20:efi_update_table_header_crc32	8	static
efi_runtime.c:110:14:efi_init_runtime_supported	16	static
efi_runtime.c:154:20:efi_memcpy_runtime	0	static
efi_runtime.c:407:21:efi_reset_system_init	0	static
efi_runtime.c:469:6:efi_runtime_detach	0	static
efi_runtime.c:617:6:efi_runtime_relocate	48	static
efi_runtime.c:705:28:efi_set_virtual_address_map	48	static
efi_runtime.c:827:14:efi_add_runtime_mmio	32	static
