efi_device_path.c:430:36:dp_size	0	static
efi_device_path.c:64:14:dp_alloc	16	static
efi_device_path.c:712:17:dp_part_size	24	static
efi_device_path.c:747:14:dp_part_node	152	static
efi_device_path.c:517:29:dp_fill	24	static
efi_device_path.c:812:14:dp_part_fill	24	static
efi_device_path.c:82:25:efi_dp_next	0	static
efi_device_path.c:100:5:efi_dp_match	16	static
efi_device_path.c:226:31:efi_dp_last_node	8	static
efi_device_path.c:240:13:efi_dp_instance_size	8	static
efi_device_path.c:154:27:find_obj	48	static
efi_device_path.c:200:20:efi_dp_find_obj	16	static
efi_device_path.c:255:13:efi_dp_size	0	static
efi_device_path.c:269:25:efi_dp_dup	16	static
efi_device_path.c:285:25:efi_dp_append	24	static
efi_device_path.c:313:25:efi_dp_append_node	24	static
efi_device_path.c:345:25:efi_dp_create_device_node	16	static
efi_device_path.c:363:25:efi_dp_append_instance	24	static
efi_device_path.c:390:25:efi_dp_get_next_instance	24	static
efi_device_path.c:415:6:efi_dp_is_multi_instance	0	static
efi_device_path.c:852:25:efi_dp_from_part	16	static
efi_device_path.c:874:25:efi_dp_part_node	16	static
efi_device_path.c:926:25:efi_dp_from_file	32	static
efi_device_path.c:964:25:efi_dp_from_eth	8	static
efi_device_path.c:1007:25:efi_dp_from_mem	32	static
efi_device_path.c:1044:14:efi_dp_split_file_path	24	static
efi_device_path.c:1084:14:efi_dp_from_name	200	static
efi_device_path.c:1142:9:efi_dp_check_length	8	static
