efi_file.c:770:28:efi_file_open_ex	0	static
efi_file.c:778:28:efi_file_read_ex	0	static
efi_file.c:764:28:efi_file_flush	8	static
efi_file.c:537:28:efi_file_getpos	16	static
efi_file.c:56:12:set_blk_dev.isra.0	0	static
efi_file.c:175:32:file_open	64	static
efi_file.c:873:1:efi_open_volume	32	static
efi_file.c:249:28:efi_file_open	48	static
efi_file.c:485:28:efi_file_write	48	static
efi_file.c:312:28:efi_file_delete	16	static
efi_file.c:333:21:efi_get_file_size	16	static
efi_file.c:597:28:efi_file_getinfo	160	static
efi_file.c:565:28:efi_file_setpos	32	static
efi_file.c:444:28:efi_file_read	72	static
efi_file.c:784:28:efi_file_write_ex	0	static
efi_file.c:790:28:efi_file_flush_ex	0	static
efi_file.c:305:28:efi_file_close	8	static
efi_file.c:698:28:efi_file_setinfo	40	static
efi_file.c:820:25:efi_file_from_path	56	static
efi_file.c:886:1:efi_simple_file_system	24	static
