efi_console.c:561:28:efi_cout_enable_cursor	8	static
efi_console.c:519:28:efi_cout_set_cursor_position	24	static
efi_console.c:436:28:efi_cout_clear_screen	8	static
efi_console.c:407:28:efi_cout_set_attribute	8	static
efi_console.c:231:28:efi_cout_test_string	8	static
efi_console.c:492:28:efi_cout_reset	8	static
efi_console.c:994:28:efi_cin_set_state	8	static
efi_console.c:142:28:efi_cout_output_string	32	static
efi_console.c:1075:28:efi_cin_unregister_key_notify	16	static
efi_console.c:880:13:efi_cin_empty_buffer	8	static
efi_console.c:1119:28:efi_cin_reset	8	static
efi_console.c:901:28:efi_cin_reset_ex	8	static
efi_console.c:1024:28:efi_cin_register_key_notify	24	static
efi_console.c:69:12:term_get_char	16	static
efi_console.c:463:28:efi_cout_set_mode	16	static
efi_console.c:361:28:efi_cout_query_mode	16	static
efi_console.c:610:6:set_shift_mask	0	static
efi_console.c:634:12:analyze_modifiers.constprop	24	static
efi_console.c:853:13:efi_cin_check	32	static
efi_console.c:1151:28:efi_cin_read_key_stroke	16	static
efi_console.c:1205:20:efi_console_timer_notify	8	static
efi_console.c:933:28:efi_cin_read_key_stroke_ex	16	static
efi_console.c:1219:20:efi_key_notify	8	static
efi_console.c:1233:14:efi_console_register	48	static
