efi_boottime.c:626:21:efi_is_event	0	static
efi_boottime.c:155:20:indent_string	16	static
efi_boottime.c:91:5:__efi_entry_check	8	static
efi_boottime.c:103:5:__efi_exit_check	8	static
efi_boottime.c:193:13:efi_process_event_queue	32	static
efi_boottime.c:225:13:efi_queue_event	12	static
efi_boottime.c:2686:20:efi_set_mem	16	static
efi_boottime.c:2667:20:efi_copy_mem	16	static
efi_boottime.c:2640:28:efi_calculate_crc32	16	static
efi_boottime.c:2102:28:efi_set_watchdog_timer	8	static
efi_boottime.c:2048:28:efi_get_next_monotonic_count	16	static
efi_boottime.c:1398:28:efi_register_protocol_notify	24	static
efi_boottime.c:974:28:efi_close_event	40	static
efi_boottime.c:477:28:efi_free_pool_ext	8	static
efi_boottime.c:455:28:efi_allocate_pool_ext	16	static
efi_boottime.c:426:28:efi_get_memory_map_ext	24	static
efi_boottime.c:400:28:efi_free_pages_ext	16	static
efi_boottime.c:377:28:efi_allocate_pages_ext	16	static
efi_boottime.c:320:29:efi_raise_tpl	16	static
efi_boottime.c:121:6:efi_save_gd	0	static
efi_boottime.c:135:6:efi_restore_gd	8	static
efi_boottime.c:164:13:__efi_nesting	0	static
efi_boottime.c:169:13:__efi_nesting_inc	0	static
efi_boottime.c:174:13:__efi_nesting_dec	0	static
efi_boottime.c:257:14:is_valid_tpl	0	static
efi_boottime.c:280:6:efi_signal_event	24	static
efi_boottime.c:1954:28:efi_exit_boot_services	16	static
efi_boottime.c:954:28:efi_signal_event_ext	16	static
efi_boottime.c:494:6:efi_add_handle	0	static
efi_boottime.c:508:14:efi_create_handle	8	static
efi_boottime.c:656:14:efi_create_event	40	static
efi_boottime.c:724:21:efi_create_event_ex	24	static
efi_boottime.c:769:28:efi_create_event_ext	24	static
efi_boottime.c:791:6:efi_timer_check	32	static
efi_boottime.c:2075:28:efi_stall	24	static
efi_boottime.c:1021:28:efi_check_event	16	static
efi_boottime.c:895:28:efi_wait_for_event	32	static
efi_boottime.c:345:20:efi_restore_tpl	8	static
efi_boottime.c:829:14:efi_set_timer	40	static
efi_boottime.c:874:28:efi_set_timer_ext	16	static
efi_boottime.c:1043:20:efi_search_obj	0	static
efi_boottime.c:530:14:efi_search_protocol	24	static
efi_boottime.c:563:14:efi_remove_protocol	24	static
efi_boottime.c:2348:28:efi_locate_protocol	32	static
efi_boottime.c:2175:28:efi_open_protocol_information	32	static
efi_boottime.c:1493:21:efi_locate_handle	32	static
efi_boottime.c:2302:21:efi_locate_handle_buffer	48	static
efi_boottime.c:2420:28:efi_locate_device_path	72	static
efi_boottime.c:1584:28:efi_locate_handle_ext	24	static
efi_boottime.c:586:14:efi_remove_all_protocols	16	static
efi_boottime.c:611:6:efi_delete_handle	8	static
efi_boottime.c:2126:21:efi_close_protocol	32	static
efi_boottime.c:2977:21:efi_delete_image	32	static
efi_boottime.c:2821:28:efi_open_protocol	40	static
efi_boottime.c:3528:28:efi_disconnect_controller	56	static
efi_boottime.c:1273:21:efi_disconnect_all_drivers	32	static
efi_boottime.c:3215:21:efi_handle_protocol	16	static
efi_boottime.c:3231:21:efi_bind_controller	40	static
efi_boottime.c:3124:28:efi_exit	40	static
efi_boottime.c:1312:21:efi_uninstall_protocol	32	static
efi_boottime.c:1364:28:efi_uninstall_protocol_interface	16	static
efi_boottime.c:2893:21:efi_start_image	88	static
efi_boottime.c:3030:21:efi_unload_image	32	static
efi_boottime.c:2238:28:efi_protocols_per_handle	24	static
efi_boottime.c:3349:28:efi_connect_controller	56	static
efi_boottime.c:1100:14:efi_add_protocol	32	static
efi_boottime.c:1161:28:efi_install_protocol_interface	16	static
efi_boottime.c:2502:21:efi_install_multiple_protocol_interfaces	48	static
efi_boottime.c:2576:28:efi_uninstall_multiple_protocol_interfaces	24	static
efi_boottime.c:3417:28:efi_reinstall_protocol_interface	24	static
efi_boottime.c:1623:14:efi_install_configuration_table	32	static
efi_boottime.c:1683:28:efi_install_configuration_table_ext	8	static
efi_boottime.c:1705:14:efi_setup_loaded_image	32	static
efi_boottime.c:1860:21:efi_load_image	48	static
efi_boottime.c:3690:14:efi_initialize_system_table	16	static
